Archive member included to satisfy reference by file (symbol)

C:/ST/STM32CubeIDE_1.18.0/STM32CubeIDE/plugins/com.st.stm32cube.ide.mcu.externaltools.gnu-tools-for-stm32.13.3.rel1.win32_1.0.0.202411081344/tools/bin/../lib/gcc/arm-none-eabi/13.3.1/../../../../arm-none-eabi/lib/thumb/v7e-m+fp/hard\libc_nano.a(libc_a-exit.o)
                              C:/ST/STM32CubeIDE_1.18.0/STM32CubeIDE/plugins/com.st.stm32cube.ide.mcu.externaltools.gnu-tools-for-stm32.13.3.rel1.win32_1.0.0.202411081344/tools/bin/../lib/gcc/arm-none-eabi/13.3.1/../../../../arm-none-eabi/lib/thumb/v7e-m+fp/hard/crt0.o (exit)
C:/ST/STM32CubeIDE_1.18.0/STM32CubeIDE/plugins/com.st.stm32cube.ide.mcu.externaltools.gnu-tools-for-stm32.13.3.rel1.win32_1.0.0.202411081344/tools/bin/../lib/gcc/arm-none-eabi/13.3.1/../../../../arm-none-eabi/lib/thumb/v7e-m+fp/hard\libc_nano.a(libc_a-findfp.o)
                              C:/ST/STM32CubeIDE_1.18.0/STM32CubeIDE/plugins/com.st.stm32cube.ide.mcu.externaltools.gnu-tools-for-stm32.13.3.rel1.win32_1.0.0.202411081344/tools/bin/../lib/gcc/arm-none-eabi/13.3.1/../../../../arm-none-eabi/lib/thumb/v7e-m+fp/hard\libc_nano.a(libc_a-exit.o) (__stdio_exit_handler)
C:/ST/STM32CubeIDE_1.18.0/STM32CubeIDE/plugins/com.st.stm32cube.ide.mcu.externaltools.gnu-tools-for-stm32.13.3.rel1.win32_1.0.0.202411081344/tools/bin/../lib/gcc/arm-none-eabi/13.3.1/../../../../arm-none-eabi/lib/thumb/v7e-m+fp/hard\libc_nano.a(libc_a-fwalk.o)
                              C:/ST/STM32CubeIDE_1.18.0/STM32CubeIDE/plugins/com.st.stm32cube.ide.mcu.externaltools.gnu-tools-for-stm32.13.3.rel1.win32_1.0.0.202411081344/tools/bin/../lib/gcc/arm-none-eabi/13.3.1/../../../../arm-none-eabi/lib/thumb/v7e-m+fp/hard\libc_nano.a(libc_a-findfp.o) (_fwalk_sglue)
C:/ST/STM32CubeIDE_1.18.0/STM32CubeIDE/plugins/com.st.stm32cube.ide.mcu.externaltools.gnu-tools-for-stm32.13.3.rel1.win32_1.0.0.202411081344/tools/bin/../lib/gcc/arm-none-eabi/13.3.1/../../../../arm-none-eabi/lib/thumb/v7e-m+fp/hard\libc_nano.a(libc_a-stdio.o)
                              C:/ST/STM32CubeIDE_1.18.0/STM32CubeIDE/plugins/com.st.stm32cube.ide.mcu.externaltools.gnu-tools-for-stm32.13.3.rel1.win32_1.0.0.202411081344/tools/bin/../lib/gcc/arm-none-eabi/13.3.1/../../../../arm-none-eabi/lib/thumb/v7e-m+fp/hard\libc_nano.a(libc_a-findfp.o) (__sread)
C:/ST/STM32CubeIDE_1.18.0/STM32CubeIDE/plugins/com.st.stm32cube.ide.mcu.externaltools.gnu-tools-for-stm32.13.3.rel1.win32_1.0.0.202411081344/tools/bin/../lib/gcc/arm-none-eabi/13.3.1/../../../../arm-none-eabi/lib/thumb/v7e-m+fp/hard\libc_nano.a(libc_a-memset.o)
                              C:/ST/STM32CubeIDE_1.18.0/STM32CubeIDE/plugins/com.st.stm32cube.ide.mcu.externaltools.gnu-tools-for-stm32.13.3.rel1.win32_1.0.0.202411081344/tools/bin/../lib/gcc/arm-none-eabi/13.3.1/../../../../arm-none-eabi/lib/thumb/v7e-m+fp/hard/crt0.o (memset)
C:/ST/STM32CubeIDE_1.18.0/STM32CubeIDE/plugins/com.st.stm32cube.ide.mcu.externaltools.gnu-tools-for-stm32.13.3.rel1.win32_1.0.0.202411081344/tools/bin/../lib/gcc/arm-none-eabi/13.3.1/../../../../arm-none-eabi/lib/thumb/v7e-m+fp/hard\libc_nano.a(libc_a-closer.o)
                              C:/ST/STM32CubeIDE_1.18.0/STM32CubeIDE/plugins/com.st.stm32cube.ide.mcu.externaltools.gnu-tools-for-stm32.13.3.rel1.win32_1.0.0.202411081344/tools/bin/../lib/gcc/arm-none-eabi/13.3.1/../../../../arm-none-eabi/lib/thumb/v7e-m+fp/hard\libc_nano.a(libc_a-stdio.o) (_close_r)
C:/ST/STM32CubeIDE_1.18.0/STM32CubeIDE/plugins/com.st.stm32cube.ide.mcu.externaltools.gnu-tools-for-stm32.13.3.rel1.win32_1.0.0.202411081344/tools/bin/../lib/gcc/arm-none-eabi/13.3.1/../../../../arm-none-eabi/lib/thumb/v7e-m+fp/hard\libc_nano.a(libc_a-reent.o)
                              C:/ST/STM32CubeIDE_1.18.0/STM32CubeIDE/plugins/com.st.stm32cube.ide.mcu.externaltools.gnu-tools-for-stm32.13.3.rel1.win32_1.0.0.202411081344/tools/bin/../lib/gcc/arm-none-eabi/13.3.1/../../../../arm-none-eabi/lib/thumb/v7e-m+fp/hard\libc_nano.a(libc_a-closer.o) (errno)
C:/ST/STM32CubeIDE_1.18.0/STM32CubeIDE/plugins/com.st.stm32cube.ide.mcu.externaltools.gnu-tools-for-stm32.13.3.rel1.win32_1.0.0.202411081344/tools/bin/../lib/gcc/arm-none-eabi/13.3.1/../../../../arm-none-eabi/lib/thumb/v7e-m+fp/hard\libc_nano.a(libc_a-impure.o)
                              C:/ST/STM32CubeIDE_1.18.0/STM32CubeIDE/plugins/com.st.stm32cube.ide.mcu.externaltools.gnu-tools-for-stm32.13.3.rel1.win32_1.0.0.202411081344/tools/bin/../lib/gcc/arm-none-eabi/13.3.1/../../../../arm-none-eabi/lib/thumb/v7e-m+fp/hard\libc_nano.a(libc_a-reent.o) (_impure_ptr)
C:/ST/STM32CubeIDE_1.18.0/STM32CubeIDE/plugins/com.st.stm32cube.ide.mcu.externaltools.gnu-tools-for-stm32.13.3.rel1.win32_1.0.0.202411081344/tools/bin/../lib/gcc/arm-none-eabi/13.3.1/../../../../arm-none-eabi/lib/thumb/v7e-m+fp/hard\libc_nano.a(libc_a-lseekr.o)
[...]
Memory Configuration

Name             Origin             Length             Attributes
RAM              0x20000000         0x00020000         xrw
FLASH            0x08000000         0x00040000         xr
*default*        0x00000000         0xffffffff

Linker script and memory map

LOAD C:/ST/STM32CubeIDE_1.18.0/STM32CubeIDE/plugins/com.st.stm32cube.ide.mcu.externaltools.gnu-tools-for-stm32.13.3.rel1.win32_1.0.0.202411081344/tools/bin/../lib/gcc/arm-none-eabi/13.3.1/thumb/v7e-m+fp/hard/crti.o
LOAD C:/ST/STM32CubeIDE_1.18.0/STM32CubeIDE/plugins/com.st.stm32cube.ide.mcu.externaltools.gnu-tools-for-stm32.13.3.rel1.win32_1.0.0.202411081344/tools/bin/../lib/gcc/arm-none-eabi/13.3.1/thumb/v7e-m+fp/hard/crtbegin.o
LOAD C:/ST/STM32CubeIDE_1.18.0/STM32CubeIDE/plugins/com.st.stm32cube.ide.mcu.externaltools.gnu-tools-for-stm32.13.3.rel1.win32_1.0.0.202411081344/tools/bin/../lib/gcc/arm-none-eabi/13.3.1/../../../../arm-none-eabi/lib/thumb/v7e-m+fp/hard/crt0.o
LOAD ./Core/Src/main.o
LOAD ./Core/Src/stm32f4xx_hal_msp.o
LOAD ./Core/Src/stm32f4xx_it.o
LOAD ./Core/Src/syscalls.o
LOAD ./Core/Src/sysmem.o
LOAD ./Core/Src/system_stm32f4xx.o
LOAD ./Core/Startup/startup_stm32f446rctx.o
LOAD ./Drivers/STM32F4xx_HAL_Driver/stm32f4xx_hal.o
LOAD ./Drivers/STM32F4xx_HAL_Driver/stm32f4xx_hal_can.o
LOAD ./Drivers/STM32F4xx_HAL_Driver/stm32f4xx_hal_cortex.o
LOAD ./Drivers/STM32F4xx_HAL_Driver/stm32f4xx_hal_dma.o
LOAD ./Drivers/STM32F4xx_HAL_Driver/stm32f4xx_hal_dma_ex.o
LOAD ./Drivers/STM32F4xx_HAL_Driver/stm32f4xx_hal_exti.o
LOAD ./Drivers/STM32F4xx_HAL_Driver/stm32f4xx_hal_flash.o
LOAD ./Drivers/STM32F4xx_HAL_Driver/stm32f4xx_hal_flash_ex.o
LOAD ./Drivers/STM32F4xx_HAL_Driver/stm32f4xx_hal_flash_ramfunc.o
LOAD ./Drivers/STM32F4xx_HAL_Driver/stm32f4xx_hal_gpio.o
LOAD ./Drivers/STM32F4xx_HAL_Driver/stm32f4xx_hal_mmc.o
LOAD ./Drivers/STM32F4xx_HAL_Driver/stm32f4xx_hal_pcd.o
LOAD ./Drivers/STM32F4xx_HAL_Driver/stm32f4xx_hal_pcd_ex.o
LOAD ./Drivers/STM32F4xx_HAL_Driver/stm32f4xx_hal_pwr.o
LOAD ./Drivers/STM32F4xx_HAL_Driver/stm32f4xx_hal_pwr_ex.o
LOAD ./Drivers/STM32F4xx_HAL_Driver/stm32f4xx_hal_rcc.o
LOAD ./Drivers/STM32F4xx_HAL_Driver/stm32f4xx_hal_rcc_ex.o
LOAD ./Drivers/STM32F4xx_HAL_Driver/stm32f4xx_hal_sd.o
LOAD ./Drivers/STM32F4xx_HAL_Driver/stm32f4xx_hal_uart.o
LOAD ./Drivers/STM32F4xx_HAL_Driver/stm32f4xx_ll_sdmmc.o
LOAD ./Drivers/STM32F4xx_HAL_Driver/stm32f4xx_ll_usb.o
LOAD ./Middlewares/USB_Device_Library/usbd_cdc.o
LOAD ./Middlewares/USB_Device_Library/usbd_core.o
LOAD ./Middlewares/USB_Device_Library/usbd_ctlreq.o
LOAD ./Middlewares/USB_Device_Library/usbd_ioreq.o
LOAD ./USB_DEVICE/App/usb_device.o
LOAD ./USB_DEVICE/App/usbd_cdc_if.o
LOAD ./USB_DEVICE/App/usbd_desc.o
LOAD ./USB_DEVICE/Target/usbd_conf.o
START GROUP
LOAD C:/ST/STM32CubeIDE_1.18.0/STM32CubeIDE/plugins/com.st.stm32cube.ide.mcu.externaltools.gnu-tools-for-stm32.13.3.rel1.win32_1.0.0.202411081344/tools/bin/../lib/gcc/arm-none-eabi/13.3.1/../../../../arm-none-eabi/lib/thumb/v7e-m+fp/hard\libc_nano.a
LOAD C:/ST/STM32CubeIDE_1.18.0/STM32CubeIDE/plugins/com.st.stm32cube.ide.mcu.externaltools.gnu-tools-for-stm32.13.3.rel1.win32_1.0.0.202411081344/tools/bin/../lib/gcc/arm-none-eabi/13.3.1/../../../../arm-none-eabi/lib/thumb/v7e-m+fp/hard\libm.a
END GROUP
START GROUP
LOAD C:/ST/STM32CubeIDE_1.18.0/STM32CubeIDE/plugins/com.st.stm32cube.ide.mcu.externaltools.gnu-tools-for-stm32.13.3.rel1.win32_1.0.0.202411081344/tools/bin/../lib/gcc/arm-none-eabi/13.3.1/thumb/v7e-m+fp/hard\libgcc.a
LOAD C:/ST/STM32CubeIDE_1.18.0/STM32CubeIDE/plugins/com.st.stm32cube.ide.mcu.externaltools.gnu-tools-for-stm32.13.3.rel1.win32_1.0.0.202411081344/tools/bin/../lib/gcc/arm-none-eabi/13.3.1/../../../../arm-none-eabi/lib/thumb/v7e-m+fp/hard\libc_nano.a
END GROUP
START GROUP
LOAD C:/ST/STM32CubeIDE_1.18.0/STM32CubeIDE/plugins/com.st.stm32cube.ide.mcu.externaltools.gnu-tools-for-stm32.13.3.rel1.win32_1.0.0.202411081344/tools/bin/../lib/gcc/arm-none-eabi/13.3.1/thumb/v7e-m+fp/hard\libgcc.a
LOAD C:/ST/STM32CubeIDE_1.18.0/STM32CubeIDE/plugins/com.st.stm32cube.ide.mcu.externaltools.gnu-tools-for-stm32.13.3.rel1.win32_1.0.0.202411081344/tools/bin/../lib/gcc/arm-none-eabi/13.3.1/../../../../arm-none-eabi/lib/thumb/v7e-m+fp/hard\libc_nano.a
LOAD C:/ST/STM32CubeIDE_1.18.0/STM32CubeIDE/plugins/com.st.stm32cube.ide.mcu.externaltools.gnu-tools-for-stm32.13.3.rel1.win32_1.0.0.202411081344/tools/bin/../lib/gcc/arm-none-eabi/13.3.1/../../../../arm-none-eabi/lib/thumb/v7e-m+fp/hard\libnosys.a
END GROUP
START GROUP
LOAD C:/ST/STM32CubeIDE_1.18.0/STM32CubeIDE/plugins/com.st.stm32cube.ide.mcu.externaltools.gnu-tools-for-stm32.13.3.rel1.win32_1.0.0.202411081344/tools/bin/../lib/gcc/arm-none-eabi/13.3.1/thumb/v7e-m+fp/hard\libgcc.a
LOAD C:/ST/STM32CubeIDE_1.18.0/STM32CubeIDE/plugins/com.st.stm32cube.ide.mcu.externaltools.gnu-tools-for-stm32.13.3.rel1.win32_1.0.0.202411081344/tools/bin/../lib/gcc/arm-none-eabi/13.3.1/../../../../arm-none-eabi/lib/thumb/v7e-m+fp/hard\libc_nano.a
LOAD C:/ST/STM32CubeIDE_1.18.0/STM32CubeIDE/plugins/com.st.stm32cube.ide.mcu.externaltools.gnu-tools-for-stm32.13.3.rel1.win32_1.0.0.202411081344/tools/bin/../lib/gcc/arm-none-eabi/13.3.1/../../../../arm-none-eabi/lib/thumb/v7e-m+fp/hard\libnosys.a
END GROUP
LOAD C:/ST/STM32CubeIDE_1.18.0/STM32CubeIDE/plugins/com.st.stm32cube.ide.mcu.externaltools.gnu-tools-for-stm32.13.3.rel1.win32_1.0.0.202411081344/tools/bin/../lib/gcc/arm-none-eabi/13.3.1/thumb/v7e-m+fp/hard/crtend.o
LOAD C:/ST/STM32CubeIDE_1.18.0/STM32CubeIDE/plugins/com.st.stm32cube.ide.mcu.externaltools.gnu-tools-for-stm32.13.3.rel1.win32_1.0.0.202411081344/tools/bin/../lib/gcc/arm-none-eabi/13.3.1/thumb/v7e-m+fp/hard/crtn.o
                0x20020000                        _estack = (ORIGIN (RAM) + LENGTH (RAM))
                0x00000200                        _Min_Heap_Size = 0x200
                0x00000400                        _Min_Stack_Size = 0x400

.isr_vector     0x08000000      0x1c4
                0x08000000                        . = ALIGN (0x4)
 *(.isr_vector)
 .isr_vector    0x08000000      0x1c4 ./Core/Startup/startup_stm32f446rctx.o
                0x08000000                g_pfnVectors
                0x080001c4                        . = ALIGN (0x4)

.text           0x080001c4     0xaf7c
                0x080001c4                        . = ALIGN (0x4)
 *(.text)
 .text          0x080001c4       0x40 C:/ST/STM32CubeIDE_1.18.0/STM32CubeIDE/plugins/com.st.stm32cube.ide.mcu.externaltools.gnu-tools-for-stm32.13.3.rel1.win32_1.0.0.202411081344/tools/bin/../lib/gcc/arm-none-eabi/13.3.1/thumb/v7e-m+fp/hard/crtbegin.o
 .text          0x08000204       0x30 C:/ST/STM32CubeIDE_1.18.0/STM32CubeIDE/plugins/com.st.stm32cube.ide.mcu.externaltools.gnu-tools-for-stm32.13.3.rel1.win32_1.0.0.202411081344/tools/bin/../lib/gcc/arm-none-eabi/13.3.1/thumb/v7e-m+fp/hard\libgcc.a(_aeabi_uldivmod.o)
                0x08000204                __aeabi_uldivmod
 .text          0x08000234      0x2f8 C:/ST/STM32CubeIDE_1.18.0/STM32CubeIDE/plugins/com.st.stm32cube.ide.mcu.externaltools.gnu-tools-for-stm32.13.3.rel1.win32_1.0.0.202411081344/tools/bin/../lib/gcc/arm-none-eabi/13.3.1/thumb/v7e-m+fp/hard\libgcc.a(_udivmoddi4.o)
                0x08000234                __udivmoddi4
 .text          0x0800052c        0x4 C:/ST/STM32CubeIDE_1.18.0/STM32CubeIDE/plugins/com.st.stm32cube.ide.mcu.externaltools.gnu-tools-for-stm32.13.3.rel1.win32_1.0.0.202411081344/tools/bin/../lib/gcc/arm-none-eabi/13.3.1/thumb/v7e-m+fp/hard\libgcc.a(_dvmd_tls.o)
                0x0800052c                __aeabi_idiv0
                0x0800052c                __aeabi_ldiv0
 *(.text*)
 .text.main     0x08000530       0x44 ./Core/Src/main.o
                0x08000530                main
 .text.SystemClock_Config
                0x08000574       0xe8 ./Core/Src/main.o
                0x08000574                SystemClock_Config
 .text.PeriphCommonClock_Config
                0x0800065c       0x50 ./Core/Src/main.o
                0x0800065c                PeriphCommonClock_Config
 .text.MX_CAN1_Init
                0x080006ac       0x6c ./Core/Src/main.o
 .text.MX_CAN2_Init
                0x08000718       0x74 ./Core/Src/main.o
 .text.MX_SDIO_SD_Init
                0x0800078c       0x4c ./Core/Src/main.o
 .text.MX_USART2_UART_Init
                0x080007d8       0x54 ./Core/Src/main.o
 .text.MX_DMA_Init
                0x0800082c       0x7c ./Core/Src/main.o
 .text.MX_GPIO_Init
                0x080008a8       0xdc ./Core/Src/main.o
 .text.Error_Handler
                0x08000984        0xc ./Core/Src/main.o
                0x08000984                Error_Handler
 .text.HAL_MspInit
                0x08000990       0x50 ./Core/Src/stm32f4xx_hal_msp.o
                0x08000990                HAL_MspInit
 .text.HAL_CAN_MspInit
                0x080009e0      0x180 ./Core/Src/stm32f4xx_hal_msp.o
                0x080009e0                HAL_CAN_MspInit
 .text.HAL_SD_MspInit
                0x08000b60      0x1b0 ./Core/Src/stm32f4xx_hal_msp.o
                0x08000b60                HAL_SD_MspInit
 .text.HAL_UART_MspInit
                0x08000d10      0x170 ./Core/Src/stm32f4xx_hal_msp.o
                0x08000d10                HAL_UART_MspInit
 .text.NMI_Handler
                0x08000e80        0x8 ./Core/Src/stm32f4xx_it.o
                0x08000e80                NMI_Handler
 .text.HardFault_Handler
                0x08000e88        0x8 ./Core/Src/stm32f4xx_it.o
                0x08000e88                HardFault_Handler
 .text.MemManage_Handler
                0x08000e90        0x8 ./Core/Src/stm32f4xx_it.o
                0x08000e90                MemManage_Handler
 .text.BusFault_Handler
                0x08000e98        0x8 ./Core/Src/stm32f4xx_it.o
                0x08000e98                BusFault_Handler
 .text.UsageFault_Handler
                0x08000ea0        0x8 ./Core/Src/stm32f4xx_it.o
                0x08000ea0                UsageFault_Handler
 .text.SVC_Handler
                0x08000ea8        0xe ./Core/Src/stm32f4xx_it.o
                0x08000ea8                SVC_Handler
 .text.DebugMon_Handler
                0x08000eb6        0xe ./Core/Src/stm32f4xx_it.o
                0x08000eb6                DebugMon_Handler
 .text.PendSV_Handler
                0x08000ec4        0xe ./Core/Src/stm32f4xx_it.o
                0x08000ec4                PendSV_Handler
 .text.SysTick_Handler
                0x08000ed2        0xc ./Core/Src/stm32f4xx_it.o
                0x08000ed2                SysTick_Handler
 *fill*         0x08000ede        0x2 
 .text.DMA1_Stream5_IRQHandler
                0x08000ee0       0x14 ./Core/Src/stm32f4xx_it.o
                0x08000ee0                DMA1_Stream5_IRQHandler
 .text.DMA1_Stream6_IRQHandler
                0x08000ef4       0x14 ./Core/Src/stm32f4xx_it.o
                0x08000ef4                DMA1_Stream6_IRQHandler
 .text.CAN1_RX0_IRQHandler
                0x08000f08       0x14 ./Core/Src/stm32f4xx_it.o
                0x08000f08                CAN1_RX0_IRQHandler
 .text.CAN1_RX1_IRQHandler
                0x08000f1c       0x14 ./Core/Src/stm32f4xx_it.o
                0x08000f1c                CAN1_RX1_IRQHandler
 .text.USART2_IRQHandler
                0x08000f30       0x14 ./Core/Src/stm32f4xx_it.o
                0x08000f30                USART2_IRQHandler
 .text.SDIO_IRQHandler
                0x08000f44       0x14 ./Core/Src/stm32f4xx_it.o
                0x08000f44                SDIO_IRQHandler
 .text.DMA2_Stream3_IRQHandler
                0x08000f58       0x14 ./Core/Src/stm32f4xx_it.o
                0x08000f58                DMA2_Stream3_IRQHandler
 .text.CAN2_RX0_IRQHandler
                0x08000f6c       0x14 ./Core/Src/stm32f4xx_it.o
                0x08000f6c                CAN2_RX0_IRQHandler
 .text.CAN2_RX1_IRQHandler
                0x08000f80       0x14 ./Core/Src/stm32f4xx_it.o
                0x08000f80                CAN2_RX1_IRQHandler
 .text.OTG_FS_IRQHandler
                0x08000f94       0x14 ./Core/Src/stm32f4xx_it.o
                0x08000f94                OTG_FS_IRQHandler
 .text.SystemInit
                0x08000fa8       0x24 ./Core/Src/system_stm32f4xx.o
                0x08000fa8                SystemInit
 .text.Reset_Handler
                0x08000fcc       0x50 ./Core/Startup/startup_stm32f446rctx.o
                0x08000fcc                Reset_Handler
 .text.Default_Handler
                0x0800101c        0x2 ./Core/Startup/startup_stm32f446rctx.o
                0x0800101c                RTC_Alarm_IRQHandler
                0x0800101c                EXTI2_IRQHandler
                0x0800101c                TIM8_CC_IRQHandler
                0x0800101c                FMPI2C1_EV_IRQHandler
                0x0800101c                SPI4_IRQHandler
                0x0800101c                TIM1_CC_IRQHandler
                0x0800101c                DMA2_Stream5_IRQHandler
                0x0800101c                PVD_IRQHandler
                0x0800101c                TAMP_STAMP_IRQHandler
                0x0800101c                EXTI3_IRQHandler
                0x0800101c                TIM8_TRG_COM_TIM14_IRQHandler
                0x0800101c                TIM1_UP_TIM10_IRQHandler
                0x0800101c                TIM8_UP_TIM13_IRQHandler
                0x0800101c                I2C3_ER_IRQHandler
                0x0800101c                EXTI0_IRQHandler
                0x0800101c                I2C2_EV_IRQHandler
                0x0800101c                DMA1_Stream2_IRQHandler
                0x0800101c                FPU_IRQHandler
                0x0800101c                OTG_HS_WKUP_IRQHandler
                0x0800101c                CAN2_SCE_IRQHandler
                0x0800101c                DMA2_Stream2_IRQHandler
                0x0800101c                SPI1_IRQHandler
                0x0800101c                TIM6_DAC_IRQHandler
                0x0800101c                TIM1_BRK_TIM9_IRQHandler
                0x0800101c                DCMI_IRQHandler
                0x0800101c                SAI2_IRQHandler
                0x0800101c                USART6_IRQHandler
                0x0800101c                USART3_IRQHandler
                0x0800101c                UART5_IRQHandler
                0x0800101c                DMA2_Stream0_IRQHandler
                0x0800101c                TIM4_IRQHandler
                0x0800101c                QUADSPI_IRQHandler
                0x0800101c                I2C1_EV_IRQHandler
                0x0800101c                DMA1_Stream1_IRQHandler
                0x0800101c                UART4_IRQHandler
                0x0800101c                TIM3_IRQHandler
                0x0800101c                RCC_IRQHandler
                0x0800101c                TIM8_BRK_TIM12_IRQHandler
                0x0800101c                Default_Handler
                0x0800101c                CEC_IRQHandler
                0x0800101c                EXTI15_10_IRQHandler
                0x0800101c                ADC_IRQHandler
                0x0800101c                DMA1_Stream7_IRQHandler
                0x0800101c                TIM7_IRQHandler
                0x0800101c                CAN2_TX_IRQHandler
                0x0800101c                TIM5_IRQHandler
                0x0800101c                DMA2_Stream7_IRQHandler
                0x0800101c                I2C3_EV_IRQHandler
                0x0800101c                EXTI9_5_IRQHandler
                0x0800101c                RTC_WKUP_IRQHandler
                0x0800101c                SPDIF_RX_IRQHandler
                0x0800101c                SPI2_IRQHandler
                0x0800101c                OTG_HS_EP1_IN_IRQHandler
                0x0800101c                DMA1_Stream0_IRQHandler
                0x0800101c                CAN1_TX_IRQHandler
                0x0800101c                FMPI2C1_ER_IRQHandler
                0x0800101c                EXTI4_IRQHandler
                0x0800101c                OTG_HS_EP1_OUT_IRQHandler
                0x0800101c                WWDG_IRQHandler
                0x0800101c                TIM2_IRQHandler
                0x0800101c                OTG_FS_WKUP_IRQHandler
                0x0800101c                TIM1_TRG_COM_TIM11_IRQHandler
                0x0800101c                OTG_HS_IRQHandler
                0x0800101c                EXTI1_IRQHandler
                0x0800101c                I2C2_ER_IRQHandler
                0x0800101c                DMA2_Stream1_IRQHandler
                0x0800101c                CAN1_SCE_IRQHandler
                0x0800101c                FLASH_IRQHandler
                0x0800101c                DMA2_Stream4_IRQHandler
                0x0800101c                USART1_IRQHandler
                0x0800101c                SPI3_IRQHandler
                0x0800101c                DMA1_Stream4_IRQHandler
                0x0800101c                I2C1_ER_IRQHandler
                0x0800101c                FMC_IRQHandler
                0x0800101c                DMA2_Stream6_IRQHandler
                0x0800101c                SAI1_IRQHandler
                0x0800101c                DMA1_Stream3_IRQHandler
 *fill*         0x0800101e        0x2 
 .text.HAL_Init
                0x08001020       0x44 ./Drivers/STM32F4xx_HAL_Driver/stm32f4xx_hal.o
                0x08001020                HAL_Init
 .text.HAL_InitTick
                0x08001064       0x60 ./Drivers/STM32F4xx_HAL_Driver/stm32f4xx_hal.o
                0x08001064                HAL_InitTick
 .text.HAL_IncTick
                0x080010c4       0x28 ./Drivers/STM32F4xx_HAL_Driver/stm32f4xx_hal.o
                0x080010c4                HAL_IncTick
 .text.HAL_GetTick
                0x080010ec       0x18 ./Drivers/STM32F4xx_HAL_Driver/stm32f4xx_hal.o
                0x080010ec                HAL_GetTick
 .text.HAL_Delay
                0x08001104       0x48 ./Drivers/STM32F4xx_HAL_Driver/stm32f4xx_hal.o
                0x08001104                HAL_Delay
 .text.HAL_CAN_Init
                0x0800114c      0x1f6 ./Drivers/STM32F4xx_HAL_Driver/stm32f4xx_hal_can.o
                0x0800114c                HAL_CAN_Init
 .text.HAL_CAN_ActivateNotification
                0x08001342       0x4c ./Drivers/STM32F4xx_HAL_Driver/stm32f4xx_hal_can.o
                0x08001342                HAL_CAN_ActivateNotification
 .text.HAL_CAN_IRQHandler
                0x0800138e      0x36e ./Drivers/STM32F4xx_HAL_Driver/stm32f4xx_hal_can.o
                0x0800138e                HAL_CAN_IRQHandler
 .text.HAL_CAN_TxMailbox0CompleteCallback
                0x080016fc       0x14 ./Drivers/STM32F4xx_HAL_Driver/stm32f4xx_hal_can.o
                0x080016fc                HAL_CAN_TxMailbox0CompleteCallback
 .text.HAL_CAN_TxMailbox1CompleteCallback
                0x08001710       0x14 ./Drivers/STM32F4xx_HAL_Driver/stm32f4xx_hal_can.o
                0x08001710                HAL_CAN_TxMailbox1CompleteCallback
 .text.HAL_CAN_TxMailbox2CompleteCallback
                0x08001724       0x14 ./Drivers/STM32F4xx_HAL_Driver/stm32f4xx_hal_can.o
                0x08001724                HAL_CAN_TxMailbox2CompleteCallback
 .text.HAL_CAN_TxMailbox0AbortCallback
                0x08001738       0x14 ./Drivers/STM32F4xx_HAL_Driver/stm32f4xx_hal_can.o
                0x08001738                HAL_CAN_TxMailbox0AbortCallback
 .text.HAL_CAN_TxMailbox1AbortCallback
                0x0800174c       0x14 ./Drivers/STM32F4xx_HAL_Driver/stm32f4xx_hal_can.o
                0x0800174c                HAL_CAN_TxMailbox1AbortCallback
 .text.HAL_CAN_TxMailbox2AbortCallback
                0x08001760       0x14 ./Drivers/STM32F4xx_HAL_Driver/stm32f4xx_hal_can.o
                0x08001760                HAL_CAN_TxMailbox2AbortCallback
 .text.HAL_CAN_RxFifo0MsgPendingCallback
                0x08001774       0x14 ./Drivers/STM32F4xx_HAL_Driver/stm32f4xx_hal_can.o
                0x08001774                HAL_CAN_RxFifo0MsgPendingCallback
 .text.HAL_CAN_RxFifo0FullCallback
                0x08001788       0x14 ./Drivers/STM32F4xx_HAL_Driver/stm32f4xx_hal_can.o
                0x08001788                HAL_CAN_RxFifo0FullCallback
 .text.HAL_CAN_RxFifo1MsgPendingCallback
                0x0800179c       0x14 ./Drivers/STM32F4xx_HAL_Driver/stm32f4xx_hal_can.o
                0x0800179c                HAL_CAN_RxFifo1MsgPendingCallback
 .text.HAL_CAN_RxFifo1FullCallback
                0x080017b0       0x14 ./Drivers/STM32F4xx_HAL_Driver/stm32f4xx_hal_can.o
                0x080017b0                HAL_CAN_RxFifo1FullCallback
 .text.HAL_CAN_SleepCallback
                0x080017c4       0x14 ./Drivers/STM32F4xx_HAL_Driver/stm32f4xx_hal_can.o
                0x080017c4                HAL_CAN_SleepCallback
 .text.HAL_CAN_WakeUpFromRxMsgCallback
                0x080017d8       0x14 ./Drivers/STM32F4xx_HAL_Driver/stm32f4xx_hal_can.o
                0x080017d8                HAL_CAN_WakeUpFromRxMsgCallback
 .text.HAL_CAN_ErrorCallback
                0x080017ec       0x14 ./Drivers/STM32F4xx_HAL_Driver/stm32f4xx_hal_can.o
                0x080017ec                HAL_CAN_ErrorCallback
 .text.__NVIC_SetPriorityGrouping
                0x08001800       0x48 ./Drivers/STM32F4xx_HAL_Driver/stm32f4xx_hal_cortex.o
 .text.__NVIC_GetPriorityGrouping
                0x08001848       0x1c ./Drivers/STM32F4xx_HAL_Driver/stm32f4xx_hal_cortex.o
 .text.__NVIC_EnableIRQ
                0x08001864       0x3c ./Drivers/STM32F4xx_HAL_Driver/stm32f4xx_hal_cortex.o
 .text.__NVIC_SetPriority
                0x080018a0       0x54 ./Drivers/STM32F4xx_HAL_Driver/stm32f4xx_hal_cortex.o
 .text.NVIC_EncodePriority
                0x080018f4       0x66 ./Drivers/STM32F4xx_HAL_Driver/stm32f4xx_hal_cortex.o
 *fill*         0x0800195a        0x2 
 .text.SysTick_Config
                0x0800195c       0x44 ./Drivers/STM32F4xx_HAL_Driver/stm32f4xx_hal_cortex.o
 .text.HAL_NVIC_SetPriorityGrouping
                0x080019a0       0x16 ./Drivers/STM32F4xx_HAL_Driver/stm32f4xx_hal_cortex.o
                0x080019a0                HAL_NVIC_SetPriorityGrouping
 .text.HAL_NVIC_SetPriority
                0x080019b6       0x38 ./Drivers/STM32F4xx_HAL_Driver/stm32f4xx_hal_cortex.o
                0x080019b6                HAL_NVIC_SetPriority
 .text.HAL_NVIC_EnableIRQ
                0x080019ee       0x1c ./Drivers/STM32F4xx_HAL_Driver/stm32f4xx_hal_cortex.o
                0x080019ee                HAL_NVIC_EnableIRQ
 .text.HAL_SYSTICK_Config
                0x08001a0a       0x18 ./Drivers/STM32F4xx_HAL_Driver/stm32f4xx_hal_cortex.o
                0x08001a0a                HAL_SYSTICK_Config
 *fill*         0x08001a22        0x2 
 .text.HAL_DMA_Init
                0x08001a24      0x15c ./Drivers/STM32F4xx_HAL_Driver/stm32f4xx_hal_dma.o
                0x08001a24                HAL_DMA_Init
 .text.HAL_DMA_Abort
                0x08001b80       0xe0 ./Drivers/STM32F4xx_HAL_Driver/stm32f4xx_hal_dma.o
                0x08001b80                HAL_DMA_Abort
 .text.HAL_DMA_Abort_IT
                0x08001c60       0x44 ./Drivers/STM32F4xx_HAL_Driver/stm32f4xx_hal_dma.o
                0x08001c60                HAL_DMA_Abort_IT
 .text.HAL_DMA_IRQHandler
                0x08001ca4      0x314 ./Drivers/STM32F4xx_HAL_Driver/stm32f4xx_hal_dma.o
                0x08001ca4                HAL_DMA_IRQHandler
 .text.DMA_CalcBaseAndBitshift
                0x08001fb8       0x6c ./Drivers/STM32F4xx_HAL_Driver/stm32f4xx_hal_dma.o
 .text.DMA_CheckFifoParam
                0x08002024       0xf8 ./Drivers/STM32F4xx_HAL_Driver/stm32f4xx_hal_dma.o
 .text.HAL_GPIO_Init
                0x0800211c      0x328 ./Drivers/STM32F4xx_HAL_Driver/stm32f4xx_hal_gpio.o
                0x0800211c                HAL_GPIO_Init
 .text.HAL_GPIO_WritePin
                0x08002444       0x32 ./Drivers/STM32F4xx_HAL_Driver/stm32f4xx_hal_gpio.o
                0x08002444                HAL_GPIO_WritePin
 .text.HAL_GPIO_TogglePin
                0x08002476       0x34 ./Drivers/STM32F4xx_HAL_Driver/stm32f4xx_hal_gpio.o
                0x08002476                HAL_GPIO_TogglePin
 .text.HAL_PCD_Init
                0x080024aa      0x22c ./Drivers/STM32F4xx_HAL_Driver/stm32f4xx_hal_pcd.o
                0x080024aa                HAL_PCD_Init
 .text.HAL_PCD_Start
                0x080026d6       0x6a ./Drivers/STM32F4xx_HAL_Driver/stm32f4xx_hal_pcd.o
                0x080026d6                HAL_PCD_Start
 .text.HAL_PCD_IRQHandler
                0x08002740      0x99c ./Drivers/STM32F4xx_HAL_Driver/stm32f4xx_hal_pcd.o
                0x08002740                HAL_PCD_IRQHandler
 .text.HAL_PCD_SetAddress
                0x080030dc       0x48 ./Drivers/STM32F4xx_HAL_Driver/stm32f4xx_hal_pcd.o
                0x080030dc                HAL_PCD_SetAddress
 .text.HAL_PCD_EP_Open
                0x08003124       0xd4 ./Drivers/STM32F4xx_HAL_Driver/stm32f4xx_hal_pcd.o
                0x08003124                HAL_PCD_EP_Open
 .text.HAL_PCD_EP_Close
                0x080031f8       0x94 ./Drivers/STM32F4xx_HAL_Driver/stm32f4xx_hal_pcd.o
                0x080031f8                HAL_PCD_EP_Close
 .text.HAL_PCD_EP_Receive
                0x0800328c       0x76 ./Drivers/STM32F4xx_HAL_Driver/stm32f4xx_hal_pcd.o
                0x0800328c                HAL_PCD_EP_Receive
 .text.HAL_PCD_EP_GetRxCount
                0x08003302       0x30 ./Drivers/STM32F4xx_HAL_Driver/stm32f4xx_hal_pcd.o
                0x08003302                HAL_PCD_EP_GetRxCount
 .text.HAL_PCD_EP_Transmit
                0x08003332       0x74 ./Drivers/STM32F4xx_HAL_Driver/stm32f4xx_hal_pcd.o
                0x08003332                HAL_PCD_EP_Transmit
 .text.HAL_PCD_EP_SetStall
                0x080033a6       0xc6 ./Drivers/STM32F4xx_HAL_Driver/stm32f4xx_hal_pcd.o
                0x080033a6                HAL_PCD_EP_SetStall
 .text.HAL_PCD_EP_ClrStall
                0x0800346c       0xac ./Drivers/STM32F4xx_HAL_Driver/stm32f4xx_hal_pcd.o
                0x0800346c                HAL_PCD_EP_ClrStall
 .text.HAL_PCD_EP_Abort
                0x08003518       0x62 ./Drivers/STM32F4xx_HAL_Driver/stm32f4xx_hal_pcd.o
                0x08003518                HAL_PCD_EP_Abort
 .text.PCD_WriteEmptyTxFifo
                0x0800357a      0x118 ./Drivers/STM32F4xx_HAL_Driver/stm32f4xx_hal_pcd.o
 *fill*         0x08003692        0x2 
 .text.PCD_EP_OutXfrComplete_int
                0x08003694      0x1d0 ./Drivers/STM32F4xx_HAL_Driver/stm32f4xx_hal_pcd.o
 .text.PCD_EP_OutSetupPacket_int
                0x08003864       0x8c ./Drivers/STM32F4xx_HAL_Driver/stm32f4xx_hal_pcd.o
 .text.HAL_PCDEx_SetTxFiFo
                0x080038f0       0x8e ./Drivers/STM32F4xx_HAL_Driver/stm32f4xx_hal_pcd_ex.o
                0x080038f0                HAL_PCDEx_SetTxFiFo
 .text.HAL_PCDEx_SetRxFiFo
                0x0800397e       0x22 ./Drivers/STM32F4xx_HAL_Driver/stm32f4xx_hal_pcd_ex.o
                0x0800397e                HAL_PCDEx_SetRxFiFo
 .text.HAL_PCDEx_ActivateLPM
                0x080039a0       0x48 ./Drivers/STM32F4xx_HAL_Driver/stm32f4xx_hal_pcd_ex.o
                0x080039a0                HAL_PCDEx_ActivateLPM
 .text.HAL_PWREx_EnableOverDrive
                0x080039e8       0xa0 ./Drivers/STM32F4xx_HAL_Driver/stm32f4xx_hal_pwr_ex.o
                0x080039e8                HAL_PWREx_EnableOverDrive
 .text.HAL_RCC_ClockConfig
                0x08003a88      0x1cc ./Drivers/STM32F4xx_HAL_Driver/stm32f4xx_hal_rcc.o
                0x08003a88                HAL_RCC_ClockConfig
 .text.HAL_RCC_GetHCLKFreq
                0x08003c54       0x18 ./Drivers/STM32F4xx_HAL_Driver/stm32f4xx_hal_rcc.o
                0x08003c54                HAL_RCC_GetHCLKFreq
 .text.HAL_RCC_GetPCLK1Freq
                0x08003c6c       0x28 ./Drivers/STM32F4xx_HAL_Driver/stm32f4xx_hal_rcc.o
                0x08003c6c                HAL_RCC_GetPCLK1Freq
 .text.HAL_RCC_GetPCLK2Freq
                0x08003c94       0x28 ./Drivers/STM32F4xx_HAL_Driver/stm32f4xx_hal_rcc.o
                0x08003c94                HAL_RCC_GetPCLK2Freq
 .text.HAL_RCCEx_PeriphCLKConfig
                0x08003cbc      0x654 ./Drivers/STM32F4xx_HAL_Driver/stm32f4xx_hal_rcc_ex.o
                0x08003cbc                HAL_RCCEx_PeriphCLKConfig
 .text.HAL_RCC_GetSysClockFreq
                0x08004310      0x354 ./Drivers/STM32F4xx_HAL_Driver/stm32f4xx_hal_rcc_ex.o
                0x08004310                HAL_RCC_GetSysClockFreq
 .text.HAL_RCC_OscConfig
                0x08004664      0x53c ./Drivers/STM32F4xx_HAL_Driver/stm32f4xx_hal_rcc_ex.o
                0x08004664                HAL_RCC_OscConfig
 .text.HAL_SD_Init
                0x08004ba0       0x60 ./Drivers/STM32F4xx_HAL_Driver/stm32f4xx_hal_sd.o
                0x08004ba0                HAL_SD_Init
 .text.HAL_SD_InitCard
                0x08004c00      0x100 ./Drivers/STM32F4xx_HAL_Driver/stm32f4xx_hal_sd.o
                0x08004c00                HAL_SD_InitCard
 .text.HAL_SD_IRQHandler
                0x08004d00      0x2ec ./Drivers/STM32F4xx_HAL_Driver/stm32f4xx_hal_sd.o
                0x08004d00                HAL_SD_IRQHandler
 .text.HAL_SD_TxCpltCallback
                0x08004fec       0x14 ./Drivers/STM32F4xx_HAL_Driver/stm32f4xx_hal_sd.o
                0x08004fec                HAL_SD_TxCpltCallback
 .text.HAL_SD_RxCpltCallback
                0x08005000       0x14 ./Drivers/STM32F4xx_HAL_Driver/stm32f4xx_hal_sd.o
                0x08005000                HAL_SD_RxCpltCallback
 .text.HAL_SD_ErrorCallback
                0x08005014       0x14 ./Drivers/STM32F4xx_HAL_Driver/stm32f4xx_hal_sd.o
                0x08005014                HAL_SD_ErrorCallback
 .text.HAL_SD_AbortCallback
                0x08005028       0x14 ./Drivers/STM32F4xx_HAL_Driver/stm32f4xx_hal_sd.o
                0x08005028                HAL_SD_AbortCallback
 .text.HAL_SD_GetCardCSD
                0x0800503c      0x348 ./Drivers/STM32F4xx_HAL_Driver/stm32f4xx_hal_sd.o
                0x0800503c                HAL_SD_GetCardCSD
 .text.HAL_SD_GetCardState
                0x08005384       0x40 ./Drivers/STM32F4xx_HAL_Driver/stm32f4xx_hal_sd.o
                0x08005384                HAL_SD_GetCardState
 .text.SD_DMATxAbort
                0x080053c4       0x6e ./Drivers/STM32F4xx_HAL_Driver/stm32f4xx_hal_sd.o
 .text.SD_DMARxAbort
                0x08005432       0x6e ./Drivers/STM32F4xx_HAL_Driver/stm32f4xx_hal_sd.o
 .text.SD_InitCard
                0x080054a0      0x19c ./Drivers/STM32F4xx_HAL_Driver/stm32f4xx_hal_sd.o
 .text.SD_PowerON
                0x0800563c      0x11c ./Drivers/STM32F4xx_HAL_Driver/stm32f4xx_hal_sd.o
 .text.SD_SendStatus
                0x08005758       0x50 ./Drivers/STM32F4xx_HAL_Driver/stm32f4xx_hal_sd.o
 .text.SD_Read_IT
                0x080057a8       0xa2 ./Drivers/STM32F4xx_HAL_Driver/stm32f4xx_hal_sd.o
 .text.SD_Write_IT
                0x0800584a       0xaa ./Drivers/STM32F4xx_HAL_Driver/stm32f4xx_hal_sd.o
 .text.HAL_UART_Init
                0x080058f4       0xa0 ./Drivers/STM32F4xx_HAL_Driver/stm32f4xx_hal_uart.o
                0x080058f4                HAL_UART_Init
 .text.HAL_UART_IRQHandler
                0x08005994      0x524 ./Drivers/STM32F4xx_HAL_Driver/stm32f4xx_hal_uart.o
                0x08005994                HAL_UART_IRQHandler
 .text.HAL_UART_TxCpltCallback
                0x08005eb8       0x14 ./Drivers/STM32F4xx_HAL_Driver/stm32f4xx_hal_uart.o
                0x08005eb8                HAL_UART_TxCpltCallback
 .text.HAL_UART_RxCpltCallback
                0x08005ecc       0x14 ./Drivers/STM32F4xx_HAL_Driver/stm32f4xx_hal_uart.o
                0x08005ecc                HAL_UART_RxCpltCallback
 .text.HAL_UART_ErrorCallback
                0x08005ee0       0x14 ./Drivers/STM32F4xx_HAL_Driver/stm32f4xx_hal_uart.o
                0x08005ee0                HAL_UART_ErrorCallback
 .text.HAL_UARTEx_RxEventCallback
                0x08005ef4       0x18 ./Drivers/STM32F4xx_HAL_Driver/stm32f4xx_hal_uart.o
                0x08005ef4                HAL_UARTEx_RxEventCallback
 .text.UART_EndRxTransfer
                0x08005f0c       0xc6 ./Drivers/STM32F4xx_HAL_Driver/stm32f4xx_hal_uart.o
 .text.UART_DMAAbortOnError
                0x08005fd2       0x28 ./Drivers/STM32F4xx_HAL_Driver/stm32f4xx_hal_uart.o
 .text.UART_Transmit_IT
                0x08005ffa       0xa0 ./Drivers/STM32F4xx_HAL_Driver/stm32f4xx_hal_uart.o
 .text.UART_EndTransmit_IT
                0x0800609a       0x30 ./Drivers/STM32F4xx_HAL_Driver/stm32f4xx_hal_uart.o
 .text.UART_Receive_IT
                0x080060ca      0x17c ./Drivers/STM32F4xx_HAL_Driver/stm32f4xx_hal_uart.o
 *fill*         0x08006246        0x2 
 .text.UART_SetConfig
                0x08006248      0x4e8 ./Drivers/STM32F4xx_HAL_Driver/stm32f4xx_hal_uart.o
 .text.SDIO_Init
                0x08006730       0x56 ./Drivers/STM32F4xx_HAL_Driver/stm32f4xx_ll_sdmmc.o
                0x08006730                SDIO_Init
 .text.SDIO_ReadFIFO
                0x08006786       0x1a ./Drivers/STM32F4xx_HAL_Driver/stm32f4xx_ll_sdmmc.o
                0x08006786                SDIO_ReadFIFO
 .text.SDIO_WriteFIFO
                0x080067a0       0x22 ./Drivers/STM32F4xx_HAL_Driver/stm32f4xx_ll_sdmmc.o
                0x080067a0                SDIO_WriteFIFO
 .text.SDIO_PowerState_ON
                0x080067c2       0x1c ./Drivers/STM32F4xx_HAL_Driver/stm32f4xx_ll_sdmmc.o
                0x080067c2                SDIO_PowerState_ON
 .text.SDIO_GetPowerState
                0x080067de       0x1c ./Drivers/STM32F4xx_HAL_Driver/stm32f4xx_ll_sdmmc.o
                0x080067de                SDIO_GetPowerState
 .text.SDIO_SendCommand
                0x080067fa       0x54 ./Drivers/STM32F4xx_HAL_Driver/stm32f4xx_ll_sdmmc.o
                0x080067fa                SDIO_SendCommand
 .text.SDIO_GetCommandResponse
                0x0800684e       0x1a ./Drivers/STM32F4xx_HAL_Driver/stm32f4xx_ll_sdmmc.o
                0x0800684e                SDIO_GetCommandResponse
 .text.SDIO_GetResponse
                0x08006868       0x26 ./Drivers/STM32F4xx_HAL_Driver/stm32f4xx_ll_sdmmc.o
                0x08006868                SDIO_GetResponse
 .text.SDMMC_CmdBlockLength
                0x0800688e       0x44 ./Drivers/STM32F4xx_HAL_Driver/stm32f4xx_ll_sdmmc.o
                0x0800688e                SDMMC_CmdBlockLength
 *fill*         0x080068d2        0x2 
 .text.SDMMC_CmdStopTransfer
                0x080068d4       0x44 ./Drivers/STM32F4xx_HAL_Driver/stm32f4xx_ll_sdmmc.o
                0x080068d4                SDMMC_CmdStopTransfer
 .text.SDMMC_CmdSelDesel
                0x08006918       0x46 ./Drivers/STM32F4xx_HAL_Driver/stm32f4xx_ll_sdmmc.o
                0x08006918                SDMMC_CmdSelDesel
 .text.SDMMC_CmdGoIdleState
                0x0800695e       0x3c ./Drivers/STM32F4xx_HAL_Driver/stm32f4xx_ll_sdmmc.o
                0x0800695e                SDMMC_CmdGoIdleState
 .text.SDMMC_CmdOperCond
                0x0800699a       0x3e ./Drivers/STM32F4xx_HAL_Driver/stm32f4xx_ll_sdmmc.o
                0x0800699a                SDMMC_CmdOperCond
 .text.SDMMC_CmdAppCommand
                0x080069d8       0x44 ./Drivers/STM32F4xx_HAL_Driver/stm32f4xx_ll_sdmmc.o
                0x080069d8                SDMMC_CmdAppCommand
 .text.SDMMC_CmdAppOperCommand
                0x08006a1c       0x46 ./Drivers/STM32F4xx_HAL_Driver/stm32f4xx_ll_sdmmc.o
                0x08006a1c                SDMMC_CmdAppOperCommand
 .text.SDMMC_CmdSendCID
                0x08006a62       0x3c ./Drivers/STM32F4xx_HAL_Driver/stm32f4xx_ll_sdmmc.o
                0x08006a62                SDMMC_CmdSendCID
 .text.SDMMC_CmdSendCSD
                0x08006a9e       0x3e ./Drivers/STM32F4xx_HAL_Driver/stm32f4xx_ll_sdmmc.o
                0x08006a9e                SDMMC_CmdSendCSD
 .text.SDMMC_CmdSetRelAdd
                0x08006adc       0x42 ./Drivers/STM32F4xx_HAL_Driver/stm32f4xx_ll_sdmmc.o
                0x08006adc                SDMMC_CmdSetRelAdd
 .text.SDMMC_CmdSendStatus
                0x08006b1e       0x44 ./Drivers/STM32F4xx_HAL_Driver/stm32f4xx_ll_sdmmc.o
                0x08006b1e                SDMMC_CmdSendStatus
 *fill*         0x08006b62        0x2 
 .text.SDMMC_GetCmdResp1
                0x08006b64      0x1dc ./Drivers/STM32F4xx_HAL_Driver/stm32f4xx_ll_sdmmc.o
                0x08006b64                SDMMC_GetCmdResp1
 .text.SDMMC_GetCmdResp2
                0x08006d40       0x90 ./Drivers/STM32F4xx_HAL_Driver/stm32f4xx_ll_sdmmc.o
                0x08006d40                SDMMC_GetCmdResp2
 .text.SDMMC_GetCmdResp3
                0x08006dd0       0x7c ./Drivers/STM32F4xx_HAL_Driver/stm32f4xx_ll_sdmmc.o
                0x08006dd0                SDMMC_GetCmdResp3
 .text.SDMMC_GetCmdResp6
                0x08006e4c       0xec ./Drivers/STM32F4xx_HAL_Driver/stm32f4xx_ll_sdmmc.o
                0x08006e4c                SDMMC_GetCmdResp6
 .text.SDMMC_GetCmdResp7
                0x08006f38       0x9c ./Drivers/STM32F4xx_HAL_Driver/stm32f4xx_ll_sdmmc.o
                0x08006f38                SDMMC_GetCmdResp7
 .text.SDMMC_GetCmdError
                0x08006fd4       0x58 ./Drivers/STM32F4xx_HAL_Driver/stm32f4xx_ll_sdmmc.o
 .text.USB_CoreInit
                0x0800702c       0xc8 ./Drivers/STM32F4xx_HAL_Driver/stm32f4xx_ll_usb.o
                0x0800702c                USB_CoreInit
 .text.USB_SetTurnaroundTime
                0x080070f4      0x144 ./Drivers/STM32F4xx_HAL_Driver/stm32f4xx_ll_usb.o
                0x080070f4                USB_SetTurnaroundTime
 .text.USB_EnableGlobalInt
                0x08007238       0x22 ./Drivers/STM32F4xx_HAL_Driver/stm32f4xx_ll_usb.o
                0x08007238                USB_EnableGlobalInt
 .text.USB_DisableGlobalInt
                0x0800725a       0x22 ./Drivers/STM32F4xx_HAL_Driver/stm32f4xx_ll_usb.o
                0x0800725a                USB_DisableGlobalInt
 .text.USB_SetCurrentMode
                0x0800727c       0x98 ./Drivers/STM32F4xx_HAL_Driver/stm32f4xx_ll_usb.o
                0x0800727c                USB_SetCurrentMode
 .text.USB_DevInit
                0x08007314      0x2bc ./Drivers/STM32F4xx_HAL_Driver/stm32f4xx_ll_usb.o
                0x08007314                USB_DevInit
 .text.USB_FlushTxFifo
                0x080075d0       0x64 ./Drivers/STM32F4xx_HAL_Driver/stm32f4xx_ll_usb.o
                0x080075d0                USB_FlushTxFifo
 .text.USB_FlushRxFifo
                0x08007634       0x5c ./Drivers/STM32F4xx_HAL_Driver/stm32f4xx_ll_usb.o
                0x08007634                USB_FlushRxFifo
 .text.USB_SetDevSpeed
                0x08007690       0x32 ./Drivers/STM32F4xx_HAL_Driver/stm32f4xx_ll_usb.o
                0x08007690                USB_SetDevSpeed
 .text.USB_GetDevSpeed
                0x080076c2       0x4a ./Drivers/STM32F4xx_HAL_Driver/stm32f4xx_ll_usb.o
                0x080076c2                USB_GetDevSpeed
 .text.USB_ActivateEndpoint
                0x0800770c      0x10e ./Drivers/STM32F4xx_HAL_Driver/stm32f4xx_ll_usb.o
                0x0800770c                USB_ActivateEndpoint
 *fill*         0x0800781a        0x2 
 .text.USB_DeactivateEndpoint
                0x0800781c      0x1b8 ./Drivers/STM32F4xx_HAL_Driver/stm32f4xx_ll_usb.o
                0x0800781c                USB_DeactivateEndpoint
 .text.USB_EPStartXfer
                0x080079d4      0x53c ./Drivers/STM32F4xx_HAL_Driver/stm32f4xx_ll_usb.o
                0x080079d4                USB_EPStartXfer
 .text.USB_EPStopXfer
                0x08007f10      0x154 ./Drivers/STM32F4xx_HAL_Driver/stm32f4xx_ll_usb.o
                0x08007f10                USB_EPStopXfer
 .text.USB_WritePacket
                0x08008064       0x7c ./Drivers/STM32F4xx_HAL_Driver/stm32f4xx_ll_usb.o
                0x08008064                USB_WritePacket
 .text.USB_ReadPacket
                0x080080e0       0xb0 ./Drivers/STM32F4xx_HAL_Driver/stm32f4xx_ll_usb.o
                0x080080e0                USB_ReadPacket
 .text.USB_EPSetStall
                0x08008190       0xdc ./Drivers/STM32F4xx_HAL_Driver/stm32f4xx_ll_usb.o
                0x08008190                USB_EPSetStall
 .text.USB_EPClearStall
                0x0800826c       0xcc ./Drivers/STM32F4xx_HAL_Driver/stm32f4xx_ll_usb.o
                0x0800826c                USB_EPClearStall
 .text.USB_SetDevAddress
                0x08008338       0x4c ./Drivers/STM32F4xx_HAL_Driver/stm32f4xx_ll_usb.o
                0x08008338                USB_SetDevAddress
 .text.USB_DevConnect
                0x08008384       0x42 ./Drivers/STM32F4xx_HAL_Driver/stm32f4xx_ll_usb.o
                0x08008384                USB_DevConnect
 .text.USB_DevDisconnect
                0x080083c6       0x42 ./Drivers/STM32F4xx_HAL_Driver/stm32f4xx_ll_usb.o
                0x080083c6                USB_DevDisconnect
 .text.USB_ReadInterrupts
                0x08008408       0x26 ./Drivers/STM32F4xx_HAL_Driver/stm32f4xx_ll_usb.o
                0x08008408                USB_ReadInterrupts
 .text.USB_ReadDevAllOutEpInterrupt
                0x0800842e       0x34 ./Drivers/STM32F4xx_HAL_Driver/stm32f4xx_ll_usb.o
                0x0800842e                USB_ReadDevAllOutEpInterrupt
 .text.USB_ReadDevAllInEpInterrupt
                0x08008462       0x34 ./Drivers/STM32F4xx_HAL_Driver/stm32f4xx_ll_usb.o
                0x08008462                USB_ReadDevAllInEpInterrupt
 .text.USB_ReadDevOutEPInterrupt
                0x08008496       0x3c ./Drivers/STM32F4xx_HAL_Driver/stm32f4xx_ll_usb.o
                0x08008496                USB_ReadDevOutEPInterrupt
 .text.USB_ReadDevInEPInterrupt
                0x080084d2       0x5c ./Drivers/STM32F4xx_HAL_Driver/stm32f4xx_ll_usb.o
                0x080084d2                USB_ReadDevInEPInterrupt
 .text.USB_GetMode
                0x0800852e       0x1c ./Drivers/STM32F4xx_HAL_Driver/stm32f4xx_ll_usb.o
                0x0800852e                USB_GetMode
 .text.USB_ActivateSetup
                0x0800854a       0x46 ./Drivers/STM32F4xx_HAL_Driver/stm32f4xx_ll_usb.o
                0x0800854a                USB_ActivateSetup
 .text.USB_EP0_OutStart
                0x08008590       0xbc ./Drivers/STM32F4xx_HAL_Driver/stm32f4xx_ll_usb.o
                0x08008590                USB_EP0_OutStart
 .text.USB_CoreReset
                0x0800864c       0x62 ./Drivers/STM32F4xx_HAL_Driver/stm32f4xx_ll_usb.o
 *fill*         0x080086ae        0x2 
 .text.USBD_CDC_Init
                0x080086b0      0x1f0 ./Middlewares/USB_Device_Library/usbd_cdc.o
 .text.USBD_CDC_DeInit
                0x080088a0      0x104 ./Middlewares/USB_Device_Library/usbd_cdc.o
 .text.USBD_CDC_Setup
                0x080089a4      0x1b8 ./Middlewares/USB_Device_Library/usbd_cdc.o
 .text.USBD_CDC_DataIn
                0x08008b5c       0xfe ./Middlewares/USB_Device_Library/usbd_cdc.o
 .text.USBD_CDC_DataOut
                0x08008c5a       0x70 ./Middlewares/USB_Device_Library/usbd_cdc.o
 .text.USBD_CDC_EP0_RxReady
                0x08008cca       0x74 ./Middlewares/USB_Device_Library/usbd_cdc.o
 *fill*         0x08008d3e        0x2 
 .text.USBD_CDC_GetFSCfgDesc
                0x08008d40       0x70 ./Middlewares/USB_Device_Library/usbd_cdc.o
 .text.USBD_CDC_GetHSCfgDesc
                0x08008db0       0x70 ./Middlewares/USB_Device_Library/usbd_cdc.o
 .text.USBD_CDC_GetOtherSpeedCfgDesc
                0x08008e20       0x70 ./Middlewares/USB_Device_Library/usbd_cdc.o
 .text.USBD_CDC_GetDeviceQualifierDescriptor
                0x08008e90       0x20 ./Middlewares/USB_Device_Library/usbd_cdc.o
                0x08008e90                USBD_CDC_GetDeviceQualifierDescriptor
 .text.USBD_CDC_RegisterInterface
                0x08008eb0       0x34 ./Middlewares/USB_Device_Library/usbd_cdc.o
                0x08008eb0                USBD_CDC_RegisterInterface
 .text.USBD_CDC_SetTxBuffer
                0x08008ee4       0x44 ./Middlewares/USB_Device_Library/usbd_cdc.o
                0x08008ee4                USBD_CDC_SetTxBuffer
 .text.USBD_CDC_SetRxBuffer
                0x08008f28       0x3a ./Middlewares/USB_Device_Library/usbd_cdc.o
                0x08008f28                USBD_CDC_SetRxBuffer
 *fill*         0x08008f62        0x2 
 .text.USBD_CDC_ReceivePacket
                0x08008f64       0x6c ./Middlewares/USB_Device_Library/usbd_cdc.o
                0x08008f64                USBD_CDC_ReceivePacket
 .text.USBD_Init
                0x08008fd0       0x60 ./Middlewares/USB_Device_Library/usbd_core.o
                0x08008fd0                USBD_Init
 .text.USBD_RegisterClass
                0x08009030       0x6c ./Middlewares/USB_Device_Library/usbd_core.o
                0x08009030                USBD_RegisterClass
 .text.USBD_Start
                0x0800909c       0x18 ./Middlewares/USB_Device_Library/usbd_core.o
                0x0800909c                USBD_Start
 .text.USBD_RunTestMode
                0x080090b4       0x16 ./Middlewares/USB_Device_Library/usbd_core.o
                0x080090b4                USBD_RunTestMode
 .text.USBD_SetClassConfig
                0x080090ca       0x38 ./Middlewares/USB_Device_Library/usbd_core.o
                0x080090ca                USBD_SetClassConfig
 .text.USBD_ClrClassConfig
                0x08009102       0x34 ./Middlewares/USB_Device_Library/usbd_core.o
                0x08009102                USBD_ClrClassConfig
 .text.USBD_LL_SetupStage
                0x08009136       0xaa ./Middlewares/USB_Device_Library/usbd_core.o
                0x08009136                USBD_LL_SetupStage
 .text.USBD_LL_DataOutStage
                0x080091e0      0x166 ./Middlewares/USB_Device_Library/usbd_core.o
                0x080091e0                USBD_LL_DataOutStage
 .text.USBD_LL_DataInStage
                0x08009346      0x164 ./Middlewares/USB_Device_Library/usbd_core.o
                0x08009346                USBD_LL_DataInStage
 .text.USBD_LL_Reset
                0x080094aa       0xa4 ./Middlewares/USB_Device_Library/usbd_core.o
                0x080094aa                USBD_LL_Reset
 .text.USBD_LL_SetSpeed
                0x0800954e       0x20 ./Middlewares/USB_Device_Library/usbd_core.o
                0x0800954e                USBD_LL_SetSpeed
 .text.USBD_LL_Suspend
                0x0800956e       0x38 ./Middlewares/USB_Device_Library/usbd_core.o
                0x0800956e                USBD_LL_Suspend
 .text.USBD_LL_Resume
                0x080095a6       0x30 ./Middlewares/USB_Device_Library/usbd_core.o
                0x080095a6                USBD_LL_Resume
 .text.USBD_LL_SOF
                0x080095d6       0x40 ./Middlewares/USB_Device_Library/usbd_core.o
                0x080095d6                USBD_LL_SOF
 .text.USBD_LL_IsoINIncomplete
                0x08009616       0x64 ./Middlewares/USB_Device_Library/usbd_core.o
                0x08009616                USBD_LL_IsoINIncomplete
 .text.USBD_LL_IsoOUTIncomplete
                0x0800967a       0x64 ./Middlewares/USB_Device_Library/usbd_core.o
                0x0800967a                USBD_LL_IsoOUTIncomplete
 .text.USBD_LL_DevConnected
                0x080096de       0x16 ./Middlewares/USB_Device_Library/usbd_core.o
                0x080096de                USBD_LL_DevConnected
 .text.USBD_LL_DevDisconnected
                0x080096f4       0x46 ./Middlewares/USB_Device_Library/usbd_core.o
                0x080096f4                USBD_LL_DevDisconnected
 .text.USBD_CoreFindIF
                0x0800973a       0x1a ./Middlewares/USB_Device_Library/usbd_core.o
                0x0800973a                USBD_CoreFindIF
 .text.USBD_CoreFindEP
                0x08009754       0x1a ./Middlewares/USB_Device_Library/usbd_core.o
                0x08009754                USBD_CoreFindEP
 .text.USBD_GetEpDesc
                0x0800976e       0x70 ./Middlewares/USB_Device_Library/usbd_core.o
                0x0800976e                USBD_GetEpDesc
 .text.USBD_GetNextDesc
                0x080097de       0x38 ./Middlewares/USB_Device_Library/usbd_core.o
                0x080097de                USBD_GetNextDesc
 .text.SWAPBYTE
                0x08009816       0x3e ./Middlewares/USB_Device_Library/usbd_ctlreq.o
 .text.USBD_StdDevReq
                0x08009854       0xe4 ./Middlewares/USB_Device_Library/usbd_ctlreq.o
                0x08009854                USBD_StdDevReq
 .text.USBD_StdItfReq
                0x08009938       0xd8 ./Middlewares/USB_Device_Library/usbd_ctlreq.o
                0x08009938                USBD_StdItfReq
 .text.USBD_StdEPReq
                0x08009a10      0x33a ./Middlewares/USB_Device_Library/usbd_ctlreq.o
                0x08009a10                USBD_StdEPReq
 *fill*         0x08009d4a        0x2 
 .text.USBD_GetDescriptor
                0x08009d4c      0x328 ./Middlewares/USB_Device_Library/usbd_ctlreq.o
 .text.USBD_SetAddress
                0x0800a074       0x88 ./Middlewares/USB_Device_Library/usbd_ctlreq.o
 .text.USBD_SetConfig
                0x0800a0fc      0x154 ./Middlewares/USB_Device_Library/usbd_ctlreq.o
 .text.USBD_GetConfig
                0x0800a250       0x6c ./Middlewares/USB_Device_Library/usbd_ctlreq.o
 .text.USBD_GetStatus
                0x0800a2bc       0x68 ./Middlewares/USB_Device_Library/usbd_ctlreq.o
 .text.USBD_SetFeature
                0x0800a324       0x52 ./Middlewares/USB_Device_Library/usbd_ctlreq.o
 .text.USBD_ClrFeature
                0x0800a376       0x44 ./Middlewares/USB_Device_Library/usbd_ctlreq.o
 .text.USBD_ParseSetupRequest
                0x0800a3ba       0x74 ./Middlewares/USB_Device_Library/usbd_ctlreq.o
                0x0800a3ba                USBD_ParseSetupRequest
 .text.USBD_CtlError
                0x0800a42e       0x22 ./Middlewares/USB_Device_Library/usbd_ctlreq.o
                0x0800a42e                USBD_CtlError
 .text.USBD_GetString
                0x0800a450       0xa4 ./Middlewares/USB_Device_Library/usbd_ctlreq.o
                0x0800a450                USBD_GetString
 .text.USBD_GetLen
                0x0800a4f4       0x34 ./Middlewares/USB_Device_Library/usbd_ctlreq.o
 .text.USBD_CtlSendData
                0x0800a528       0x36 ./Middlewares/USB_Device_Library/usbd_ioreq.o
                0x0800a528                USBD_CtlSendData
 .text.USBD_CtlContinueSendData
                0x0800a55e       0x22 ./Middlewares/USB_Device_Library/usbd_ioreq.o
                0x0800a55e                USBD_CtlContinueSendData
 .text.USBD_CtlPrepareRx
                0x0800a580       0x3a ./Middlewares/USB_Device_Library/usbd_ioreq.o
                0x0800a580                USBD_CtlPrepareRx
 .text.USBD_CtlContinueRx
                0x0800a5ba       0x22 ./Middlewares/USB_Device_Library/usbd_ioreq.o
                0x0800a5ba                USBD_CtlContinueRx
 .text.USBD_CtlSendStatus
                0x0800a5dc       0x26 ./Middlewares/USB_Device_Library/usbd_ioreq.o
                0x0800a5dc                USBD_CtlSendStatus
 .text.USBD_CtlReceiveStatus
                0x0800a602       0x26 ./Middlewares/USB_Device_Library/usbd_ioreq.o
                0x0800a602                USBD_CtlReceiveStatus
 .text.MX_USB_DEVICE_Init
                0x0800a628       0x60 ./USB_DEVICE/App/usb_device.o
                0x0800a628                MX_USB_DEVICE_Init
 .text.CDC_Init_FS
                0x0800a688       0x28 ./USB_DEVICE/App/usbd_cdc_if.o
 .text.CDC_DeInit_FS
                0x0800a6b0       0x10 ./USB_DEVICE/App/usbd_cdc_if.o
 .text.CDC_Control_FS
                0x0800a6c0       0xbc ./USB_DEVICE/App/usbd_cdc_if.o
 .text.CDC_Receive_FS
                0x0800a77c       0x28 ./USB_DEVICE/App/usbd_cdc_if.o
 .text.CDC_TransmitCplt_FS
                0x0800a7a4       0x22 ./USB_DEVICE/App/usbd_cdc_if.o
 *fill*         0x0800a7c6        0x2 
 .text.USBD_FS_DeviceDescriptor
                0x0800a7c8       0x24 ./USB_DEVICE/App/usbd_desc.o
                0x0800a7c8                USBD_FS_DeviceDescriptor
 .text.USBD_FS_LangIDStrDescriptor
                0x0800a7ec       0x24 ./USB_DEVICE/App/usbd_desc.o
                0x0800a7ec                USBD_FS_LangIDStrDescriptor
 .text.USBD_FS_ProductStrDescriptor
                0x0800a810       0x3c ./USB_DEVICE/App/usbd_desc.o
                0x0800a810                USBD_FS_ProductStrDescriptor
 .text.USBD_FS_ManufacturerStrDescriptor
                0x0800a84c       0x28 ./USB_DEVICE/App/usbd_desc.o
                0x0800a84c                USBD_FS_ManufacturerStrDescriptor
 .text.USBD_FS_SerialStrDescriptor
                0x0800a874       0x24 ./USB_DEVICE/App/usbd_desc.o
                0x0800a874                USBD_FS_SerialStrDescriptor
 .text.USBD_FS_ConfigStrDescriptor
                0x0800a898       0x3c ./USB_DEVICE/App/usbd_desc.o
                0x0800a898                USBD_FS_ConfigStrDescriptor
 .text.USBD_FS_InterfaceStrDescriptor
                0x0800a8d4       0x3c ./USB_DEVICE/App/usbd_desc.o
                0x0800a8d4                USBD_FS_InterfaceStrDescriptor
 .text.USBD_FS_USR_BOSDescriptor
                0x0800a910       0x24 ./USB_DEVICE/App/usbd_desc.o
                0x0800a910                USBD_FS_USR_BOSDescriptor
 .text.Get_SerialNum
                0x0800a934       0x58 ./USB_DEVICE/App/usbd_desc.o
 .text.IntToUnicode
                0x0800a98c       0x7e ./USB_DEVICE/App/usbd_desc.o
 *fill*         0x0800aa0a        0x2 
 .text.HAL_PCD_MspInit
                0x0800aa0c       0xa8 ./USB_DEVICE/Target/usbd_conf.o
                0x0800aa0c                HAL_PCD_MspInit
 .text.HAL_PCD_SetupStageCallback
                0x0800aab4       0x24 ./USB_DEVICE/Target/usbd_conf.o
                0x0800aab4                HAL_PCD_SetupStageCallback
 .text.HAL_PCD_DataOutStageCallback
                0x0800aad8       0x36 ./USB_DEVICE/Target/usbd_conf.o
                0x0800aad8                HAL_PCD_DataOutStageCallback
 .text.HAL_PCD_DataInStageCallback
                0x0800ab0e       0x34 ./USB_DEVICE/Target/usbd_conf.o
                0x0800ab0e                HAL_PCD_DataInStageCallback
 .text.HAL_PCD_SOFCallback
                0x0800ab42       0x1c ./USB_DEVICE/Target/usbd_conf.o
                0x0800ab42                HAL_PCD_SOFCallback
 .text.HAL_PCD_ResetCallback
                0x0800ab5e       0x50 ./USB_DEVICE/Target/usbd_conf.o
                0x0800ab5e                HAL_PCD_ResetCallback
 *fill*         0x0800abae        0x2 
 .text.HAL_PCD_SuspendCallback
                0x0800abb0       0x4c ./USB_DEVICE/Target/usbd_conf.o
                0x0800abb0                HAL_PCD_SuspendCallback
 .text.HAL_PCD_ResumeCallback
                0x0800abfc       0x1c ./USB_DEVICE/Target/usbd_conf.o
                0x0800abfc                HAL_PCD_ResumeCallback
 .text.HAL_PCD_ISOOUTIncompleteCallback
                0x0800ac18       0x24 ./USB_DEVICE/Target/usbd_conf.o
                0x0800ac18                HAL_PCD_ISOOUTIncompleteCallback
 .text.HAL_PCD_ISOINIncompleteCallback
                0x0800ac3c       0x24 ./USB_DEVICE/Target/usbd_conf.o
                0x0800ac3c                HAL_PCD_ISOINIncompleteCallback
 .text.HAL_PCD_ConnectCallback
                0x0800ac60       0x1c ./USB_DEVICE/Target/usbd_conf.o
                0x0800ac60                HAL_PCD_ConnectCallback
 .text.HAL_PCD_DisconnectCallback
                0x0800ac7c       0x1c ./USB_DEVICE/Target/usbd_conf.o
                0x0800ac7c                HAL_PCD_DisconnectCallback
 .text.USBD_LL_Init
                0x0800ac98       0x98 ./USB_DEVICE/Target/usbd_conf.o
                0x0800ac98                USBD_LL_Init
 .text.USBD_LL_Start
                0x0800ad30       0x36 ./USB_DEVICE/Target/usbd_conf.o
                0x0800ad30                USBD_LL_Start
 .text.USBD_LL_OpenEP
                0x0800ad66       0x4c ./USB_DEVICE/Target/usbd_conf.o
                0x0800ad66                USBD_LL_OpenEP
 .text.USBD_LL_CloseEP
                0x0800adb2       0x3e ./USB_DEVICE/Target/usbd_conf.o
                0x0800adb2                USBD_LL_CloseEP
 .text.USBD_LL_StallEP
                0x0800adf0       0x3e ./USB_DEVICE/Target/usbd_conf.o
                0x0800adf0                USBD_LL_StallEP
 .text.USBD_LL_ClearStallEP
                0x0800ae2e       0x3e ./USB_DEVICE/Target/usbd_conf.o
                0x0800ae2e                USBD_LL_ClearStallEP
 .text.USBD_LL_IsStallEP
                0x0800ae6c       0x58 ./USB_DEVICE/Target/usbd_conf.o
                0x0800ae6c                USBD_LL_IsStallEP
 .text.USBD_LL_SetUSBAddress
                0x0800aec4       0x3e ./USB_DEVICE/Target/usbd_conf.o
                0x0800aec4                USBD_LL_SetUSBAddress
 .text.USBD_LL_Transmit
                0x0800af02       0x42 ./USB_DEVICE/Target/usbd_conf.o
                0x0800af02                USBD_LL_Transmit
 .text.USBD_LL_PrepareReceive
                0x0800af44       0x42 ./USB_DEVICE/Target/usbd_conf.o
                0x0800af44                USBD_LL_PrepareReceive
 .text.USBD_LL_GetRxDataSize
                0x0800af86       0x26 ./USB_DEVICE/Target/usbd_conf.o
                0x0800af86                USBD_LL_GetRxDataSize
 .text.HAL_PCDEx_LPM_Callback
                0x0800afac       0x9c ./USB_DEVICE/Target/usbd_conf.o
                0x0800afac                HAL_PCDEx_LPM_Callback
 .text.USBD_static_malloc
                0x0800b048       0x1c ./USB_DEVICE/Target/usbd_conf.o
                0x0800b048                USBD_static_malloc
 .text.USBD_static_free
                0x0800b064       0x14 ./USB_DEVICE/Target/usbd_conf.o
                0x0800b064                USBD_static_free
 .text.USBD_Get_USB_Status
                0x0800b078       0x58 ./USB_DEVICE/Target/usbd_conf.o
                0x0800b078                USBD_Get_USB_Status
 .text.memset   0x0800b0d0       0x10 C:/ST/STM32CubeIDE_1.18.0/STM32CubeIDE/plugins/com.st.stm32cube.ide.mcu.externaltools.gnu-tools-for-stm32.13.3.rel1.win32_1.0.0.202411081344/tools/bin/../lib/gcc/arm-none-eabi/13.3.1/../../../../arm-none-eabi/lib/thumb/v7e-m+fp/hard\libc_nano.a(libc_a-memset.o)
                0x0800b0d0                memset
 .text.__libc_init_array
                0x0800b0e0       0x48 C:/ST/STM32CubeIDE_1.18.0/STM32CubeIDE/plugins/com.st.stm32cube.ide.mcu.externaltools.gnu-tools-for-stm32.13.3.rel1.win32_1.0.0.202411081344/tools/bin/../lib/gcc/arm-none-eabi/13.3.1/../../../../arm-none-eabi/lib/thumb/v7e-m+fp/hard\libc_nano.a(libc_a-init.o)
                0x0800b0e0                __libc_init_array
 *(.glue_7)
 .glue_7        0x0800b128        0x0 linker stubs
 *(.glue_7t)
 .glue_7t       0x0800b128        0x0 linker stubs
 *(.eh_frame)
 .eh_frame      0x0800b128        0x0 C:/ST/STM32CubeIDE_1.18.0/STM32CubeIDE/plugins/com.st.stm32cube.ide.mcu.externaltools.gnu-tools-for-stm32.13.3.rel1.win32_1.0.0.202411081344/tools/bin/../lib/gcc/arm-none-eabi/13.3.1/thumb/v7e-m+fp/hard/crtbegin.o
 *(.init)
 .init          0x0800b128        0x4 C:/ST/STM32CubeIDE_1.18.0/STM32CubeIDE/plugins/com.st.stm32cube.ide.mcu.externaltools.gnu-tools-for-stm32.13.3.rel1.win32_1.0.0.202411081344/tools/bin/../lib/gcc/arm-none-eabi/13.3.1/thumb/v7e-m+fp/hard/crti.o
                0x0800b128                _init
 .init          0x0800b12c        0x8 C:/ST/STM32CubeIDE_1.18.0/STM32CubeIDE/plugins/com.st.stm32cube.ide.mcu.externaltools.gnu-tools-for-stm32.13.3.rel1.win32_1.0.0.202411081344/tools/bin/../lib/gcc/arm-none-eabi/13.3.1/thumb/v7e-m+fp/hard/crtn.o
 *(.fini)
 .fini          0x0800b134        0x4 C:/ST/STM32CubeIDE_1.18.0/STM32CubeIDE/plugins/com.st.stm32cube.ide.mcu.externaltools.gnu-tools-for-stm32.13.3.rel1.win32_1.0.0.202411081344/tools/bin/../lib/gcc/arm-none-eabi/13.3.1/thumb/v7e-m+fp/hard/crti.o
                0x0800b134                _fini
 .fini          0x0800b138        0x8 C:/ST/STM32CubeIDE_1.18.0/STM32CubeIDE/plugins/com.st.stm32cube.ide.mcu.externaltools.gnu-tools-for-stm32.13.3.rel1.win32_1.0.0.202411081344/tools/bin/../lib/gcc/arm-none-eabi/13.3.1/thumb/v7e-m+fp/hard/crtn.o
                0x0800b140                        . = ALIGN (0x4)
                0x0800b140                        _etext = .

.vfp11_veneer   0x0800b140        0x0
 .vfp11_veneer  0x0800b140        0x0 linker stubs

.v4_bx          0x0800b140        0x0
 .v4_bx         0x0800b140        0x0 linker stubs

.iplt           0x0800b140        0x0
 .iplt          0x0800b140        0x0 C:/ST/STM32CubeIDE_1.18.0/STM32CubeIDE/plugins/com.st.stm32cube.ide.mcu.externaltools.gnu-tools-for-stm32.13.3.rel1.win32_1.0.0.202411081344/tools/bin/../lib/gcc/arm-none-eabi/13.3.1/thumb/v7e-m+fp/hard/crtbegin.o

.rodata         0x0800b140       0x68
                0x0800b140                        . = ALIGN (0x4)
 *(.rodata)
 .rodata        0x0800b140       0x46 ./USB_DEVICE/App/usbd_desc.o
 *(.rodata*)
 *fill*         0x0800b186        0x2 
 .rodata.AHBPrescTable
                0x0800b188       0x10 ./Core/Src/system_stm32f4xx.o
                0x0800b188                AHBPrescTable
 .rodata.APBPrescTable
                0x0800b198        0x8 ./Core/Src/system_stm32f4xx.o
                0x0800b198                APBPrescTable
 .rodata.flagBitshiftOffset.0
                0x0800b1a0        0x8 ./Drivers/STM32F4xx_HAL_Driver/stm32f4xx_hal_dma.o
                0x0800b1a8                        . = ALIGN (0x4)

.ARM.extab      0x0800b1a8        0x0
                0x0800b1a8                        . = ALIGN (0x4)
 *(.ARM.extab* .gnu.linkonce.armextab.*)
                0x0800b1a8                        . = ALIGN (0x4)

.ARM            0x0800b1a8        0x8
                0x0800b1a8                        . = ALIGN (0x4)
                0x0800b1a8                        __exidx_start = .
 *(.ARM.exidx*)
 .ARM.exidx     0x0800b1a8        0x8 C:/ST/STM32CubeIDE_1.18.0/STM32CubeIDE/plugins/com.st.stm32cube.ide.mcu.externaltools.gnu-tools-for-stm32.13.3.rel1.win32_1.0.0.202411081344/tools/bin/../lib/gcc/arm-none-eabi/13.3.1/thumb/v7e-m+fp/hard\libgcc.a(_udivmoddi4.o)
                0x0800b1b0                        __exidx_end = .
                0x0800b1b0                        . = ALIGN (0x4)

.preinit_array  0x0800b1b0        0x0
                0x0800b1b0                        . = ALIGN (0x4)
                0x0800b1b0                        PROVIDE (__preinit_array_start = .)
 *(.preinit_array*)
                0x0800b1b0                        PROVIDE (__preinit_array_end = .)
                0x0800b1b0                        . = ALIGN (0x4)

.init_array     0x0800b1b0        0x4
                0x0800b1b0                        . = ALIGN (0x4)
                0x0800b1b0                        PROVIDE (__init_array_start = .)
 *(SORT_BY_NAME(.init_array.*))
 *(.init_array*)
 .init_array    0x0800b1b0        0x4 C:/ST/STM32CubeIDE_1.18.0/STM32CubeIDE/plugins/com.st.stm32cube.ide.mcu.externaltools.gnu-tools-for-stm32.13.3.rel1.win32_1.0.0.202411081344/tools/bin/../lib/gcc/arm-none-eabi/13.3.1/thumb/v7e-m+fp/hard/crtbegin.o
                0x0800b1b4                        PROVIDE (__init_array_end = .)
                0x0800b1b4                        . = ALIGN (0x4)

.fini_array     0x0800b1b4        0x4
                0x0800b1b4                        . = ALIGN (0x4)
                [!provide]                        PROVIDE (__fini_array_start = .)
 *(SORT_BY_NAME(.fini_array.*))
 *(.fini_array*)
 .fini_array    0x0800b1b4        0x4 C:/ST/STM32CubeIDE_1.18.0/STM32CubeIDE/plugins/com.st.stm32cube.ide.mcu.externaltools.gnu-tools-for-stm32.13.3.rel1.win32_1.0.0.202411081344/tools/bin/../lib/gcc/arm-none-eabi/13.3.1/thumb/v7e-m+fp/hard/crtbegin.o
                [!provide]                        PROVIDE (__fini_array_end = .)
                0x0800b1b8                        . = ALIGN (0x4)
                0x0800b1b8                        _sidata = LOADADDR (.data)

.rel.dyn        0x0800b1b8        0x0
 .rel.iplt      0x0800b1b8        0x0 C:/ST/STM32CubeIDE_1.18.0/STM32CubeIDE/plugins/com.st.stm32cube.ide.mcu.externaltools.gnu-tools-for-stm32.13.3.rel1.win32_1.0.0.202411081344/tools/bin/../lib/gcc/arm-none-eabi/13.3.1/thumb/v7e-m+fp/hard/crtbegin.o

.data           0x20000000      0x10c load address 0x0800b1b8
                0x20000000                        . = ALIGN (0x4)
                0x20000000                        _sdata = .
 *(.data)
 *(.data*)
 .data.SystemCoreClock
                0x20000000        0x4 ./Core/Src/system_stm32f4xx.o
                0x20000000                SystemCoreClock
 .data.uwTickPrio
                0x20000004        0x4 ./Drivers/STM32F4xx_HAL_Driver/stm32f4xx_hal.o
                0x20000004                uwTickPrio
 .data.uwTickFreq
                0x20000008        0x1 ./Drivers/STM32F4xx_HAL_Driver/stm32f4xx_hal.o
                0x20000008                uwTickFreq
 *fill*         0x20000009        0x3 
 .data.USBD_CDC_DeviceQualifierDesc
                0x2000000c        0xa ./Middlewares/USB_Device_Library/usbd_cdc.o
 *fill*         0x20000016        0x2 
 .data.USBD_CDC
                0x20000018       0x38 ./Middlewares/USB_Device_Library/usbd_cdc.o
                0x20000018                USBD_CDC
 .data.USBD_CDC_CfgDesc
                0x20000050       0x43 ./Middlewares/USB_Device_Library/usbd_cdc.o
 .data.CDCInEpAdd
                0x20000093        0x1 ./Middlewares/USB_Device_Library/usbd_cdc.o
 .data.CDCOutEpAdd
                0x20000094        0x1 ./Middlewares/USB_Device_Library/usbd_cdc.o
 .data.CDCCmdEpAdd
                0x20000095        0x1 ./Middlewares/USB_Device_Library/usbd_cdc.o
 *fill*         0x20000096        0x2 
 .data.USBD_Interface_fops_FS
                0x20000098       0x14 ./USB_DEVICE/App/usbd_cdc_if.o
                0x20000098                USBD_Interface_fops_FS
 .data.FS_Desc  0x200000ac       0x20 ./USB_DEVICE/App/usbd_desc.o
                0x200000ac                FS_Desc
 .data.USBD_FS_DeviceDesc
                0x200000cc       0x12 ./USB_DEVICE/App/usbd_desc.o
                0x200000cc                USBD_FS_DeviceDesc
 *fill*         0x200000de        0x2 
 .data.USBD_FS_BOSDesc
                0x200000e0        0xc ./USB_DEVICE/App/usbd_desc.o
                0x200000e0                USBD_FS_BOSDesc
 .data.USBD_LangIDDesc
                0x200000ec        0x4 ./USB_DEVICE/App/usbd_desc.o
                0x200000ec                USBD_LangIDDesc
 .data.USBD_StringSerial
                0x200000f0       0x1a ./USB_DEVICE/App/usbd_desc.o
                0x200000f0                USBD_StringSerial
 *(.RamFunc)
 *(.RamFunc*)
                0x2000010c                        . = ALIGN (0x4)
 *fill*         0x2000010a        0x2 
                0x2000010c                        _edata = .

.igot.plt       0x2000010c        0x0 load address 0x0800b2c4
 .igot.plt      0x2000010c        0x0 C:/ST/STM32CubeIDE_1.18.0/STM32CubeIDE/plugins/com.st.stm32cube.ide.mcu.externaltools.gnu-tools-for-stm32.13.3.rel1.win32_1.0.0.202411081344/tools/bin/../lib/gcc/arm-none-eabi/13.3.1/thumb/v7e-m+fp/hard/crtbegin.o
                0x2000010c                        . = ALIGN (0x4)

.bss            0x2000010c     0x1e44 load address 0x0800b2c4
                0x2000010c                        _sbss = .
                0x2000010c                        __bss_start__ = _sbss
 *(.bss)
 .bss           0x2000010c       0x1c C:/ST/STM32CubeIDE_1.18.0/STM32CubeIDE/plugins/com.st.stm32cube.ide.mcu.externaltools.gnu-tools-for-stm32.13.3.rel1.win32_1.0.0.202411081344/tools/bin/../lib/gcc/arm-none-eabi/13.3.1/thumb/v7e-m+fp/hard/crtbegin.o
 *(.bss*)
 .bss.hcan1     0x20000128       0x28 ./Core/Src/main.o
                0x20000128                hcan1
 .bss.hcan2     0x20000150       0x28 ./Core/Src/main.o
                0x20000150                hcan2
 .bss.hsd       0x20000178       0x84 ./Core/Src/main.o
                0x20000178                hsd
 .bss.hdma_sdio
                0x200001fc       0x60 ./Core/Src/main.o
                0x200001fc                hdma_sdio
 .bss.huart2    0x2000025c       0x48 ./Core/Src/main.o
                0x2000025c                huart2
 .bss.hdma_usart2_rx
                0x200002a4       0x60 ./Core/Src/main.o
                0x200002a4                hdma_usart2_rx
 .bss.hdma_usart2_tx
                0x20000304       0x60 ./Core/Src/main.o
                0x20000304                hdma_usart2_tx
 .bss.HAL_RCC_CAN1_CLK_ENABLED
                0x20000364        0x4 ./Core/Src/stm32f4xx_hal_msp.o
 .bss.uwTick    0x20000368        0x4 ./Drivers/STM32F4xx_HAL_Driver/stm32f4xx_hal.o
                0x20000368                uwTick
 .bss.cfgidx.0  0x2000036c        0x1 ./Middlewares/USB_Device_Library/usbd_ctlreq.o
 *fill*         0x2000036d        0x3 
 .bss.hUsbDeviceFS
                0x20000370      0x2dc ./USB_DEVICE/App/usb_device.o
                0x20000370                hUsbDeviceFS
 .bss.UserRxBufferFS
                0x2000064c      0x800 ./USB_DEVICE/App/usbd_cdc_if.o
                0x2000064c                UserRxBufferFS
 .bss.UserTxBufferFS
                0x20000e4c      0x800 ./USB_DEVICE/App/usbd_cdc_if.o
                0x20000e4c                UserTxBufferFS
 .bss.USBD_StrDesc
                0x2000164c      0x200 ./USB_DEVICE/App/usbd_desc.o
                0x2000164c                USBD_StrDesc
 .bss.hpcd_USB_OTG_FS
                0x2000184c      0x4e4 ./USB_DEVICE/Target/usbd_conf.o
                0x2000184c                hpcd_USB_OTG_FS
 .bss.mem.0     0x20001d30      0x220 ./USB_DEVICE/Target/usbd_conf.o
 *(COMMON)
                0x20001f50                        . = ALIGN (0x4)
                0x20001f50                        _ebss = .
                0x20001f50                        __bss_end__ = _ebss

._user_heap_stack
                0x20001f50      0x600 load address 0x0800b2c4
                0x20001f50                        . = ALIGN (0x8)
                [!provide]                        PROVIDE (end = .)
                0x20001f50                        PROVIDE (_end = .)
                0x20002150                        . = (. + _Min_Heap_Size)
 *fill*         0x20001f50      0x200 
                0x20002550                        . = (. + _Min_Stack_Size)
 *fill*         0x20002150      0x400 
                0x20002550                        . = ALIGN (0x8)

/DISCARD/
 libc.a(*)
 libm.a(*)
 libgcc.a(*)

.ARM.attributes
                0x00000000       0x30
 *(.ARM.attributes)
 .ARM.attributes
                0x00000000       0x22 C:/ST/STM32CubeIDE_1.18.0/STM32CubeIDE/plugins/com.st.stm32cube.ide.mcu.externaltools.gnu-tools-for-stm32.13.3.rel1.win32_1.0.0.202411081344/tools/bin/../lib/gcc/arm-none-eabi/13.3.1/thumb/v7e-m+fp/hard/crti.o
 .ARM.attributes
                0x00000022       0x34 C:/ST/STM32CubeIDE_1.18.0/STM32CubeIDE/plugins/com.st.stm32cube.ide.mcu.externaltools.gnu-tools-for-stm32.13.3.rel1.win32_1.0.0.202411081344/tools/bin/../lib/gcc/arm-none-eabi/13.3.1/thumb/v7e-m+fp/hard/crtbegin.o
 .ARM.attributes
                0x00000056       0x34 ./Core/Src/main.o
 .ARM.attributes
                0x0000008a       0x34 ./Core/Src/stm32f4xx_hal_msp.o
 .ARM.attributes
                0x000000be       0x34 ./Core/Src/stm32f4xx_it.o
 .ARM.attributes
                0x000000f2       0x34 ./Core/Src/system_stm32f4xx.o
 .ARM.attributes
                0x00000126       0x21 ./Core/Startup/startup_stm32f446rctx.o
 .ARM.attributes
                0x00000147       0x34 ./Drivers/STM32F4xx_HAL_Driver/stm32f4xx_hal.o
 .ARM.attributes
                0x0000017b       0x34 ./Drivers/STM32F4xx_HAL_Driver/stm32f4xx_hal_can.o
 .ARM.attributes
                0x000001af       0x34 ./Drivers/STM32F4xx_HAL_Driver/stm32f4xx_hal_cortex.o
 .ARM.attributes
                0x000001e3       0x34 ./Drivers/STM32F4xx_HAL_Driver/stm32f4xx_hal_dma.o
 .ARM.attributes
                0x00000217       0x34 ./Drivers/STM32F4xx_HAL_Driver/stm32f4xx_hal_gpio.o
 .ARM.attributes
                0x0000024b       0x34 ./Drivers/STM32F4xx_HAL_Driver/stm32f4xx_hal_pcd.o
 .ARM.attributes
                0x0000027f       0x34 ./Drivers/STM32F4xx_HAL_Driver/stm32f4xx_hal_pcd_ex.o
 .ARM.attributes
                0x000002b3       0x34 ./Drivers/STM32F4xx_HAL_Driver/stm32f4xx_hal_pwr_ex.o
 .ARM.attributes
                0x000002e7       0x34 ./Drivers/STM32F4xx_HAL_Driver/stm32f4xx_hal_rcc.o
 .ARM.attributes
                0x0000031b       0x34 ./Drivers/STM32F4xx_HAL_Driver/stm32f4xx_hal_rcc_ex.o
 .ARM.attributes
                0x0000034f       0x34 ./Drivers/STM32F4xx_HAL_Driver/stm32f4xx_hal_sd.o
 .ARM.attributes
                0x00000383       0x34 ./Drivers/STM32F4xx_HAL_Driver/stm32f4xx_hal_uart.o
 .ARM.attributes
                0x000003b7       0x34 ./Drivers/STM32F4xx_HAL_Driver/stm32f4xx_ll_sdmmc.o
 .ARM.attributes
                0x000003eb       0x34 ./Drivers/STM32F4xx_HAL_Driver/stm32f4xx_ll_usb.o
 .ARM.attributes
                0x0000041f       0x34 ./Middlewares/USB_Device_Library/usbd_cdc.o
 .ARM.attributes
                0x00000453       0x34 ./Middlewares/USB_Device_Library/usbd_core.o
 .ARM.attributes
                0x00000487       0x34 ./Middlewares/USB_Device_Library/usbd_ctlreq.o
 .ARM.attributes
                0x000004bb       0x34 ./Middlewares/USB_Device_Library/usbd_ioreq.o
 .ARM.attributes
                0x000004ef       0x34 ./USB_DEVICE/App/usb_device.o
 .ARM.attributes
                0x00000523       0x34 ./USB_DEVICE/App/usbd_cdc_if.o
 .ARM.attributes
                0x00000557       0x34 ./USB_DEVICE/App/usbd_desc.o
 .ARM.attributes
                0x0000058b       0x34 ./USB_DEVICE/Target/usbd_conf.o
 .ARM.attributes
                0x000005bf       0x34 C:/ST/STM32CubeIDE_1.18.0/STM32CubeIDE/plugins/com.st.stm32cube.ide.mcu.externaltools.gnu-tools-for-stm32.13.3.rel1.win32_1.0.0.202411081344/tools/bin/../lib/gcc/arm-none-eabi/13.3.1/../../../../arm-none-eabi/lib/thumb/v7e-m+fp/hard\libc_nano.a(libc_a-memset.o)
 .ARM.attributes
                0x000005f3       0x34 C:/ST/STM32CubeIDE_1.18.0/STM32CubeIDE/plugins/com.st.stm32cube.ide.mcu.externaltools.gnu-tools-for-stm32.13.3.rel1.win32_1.0.0.202411081344/tools/bin/../lib/gcc/arm-none-eabi/13.3.1/../../../../arm-none-eabi/lib/thumb/v7e-m+fp/hard\libc_nano.a(libc_a-init.o)
 .ARM.attributes
                0x00000627       0x22 C:/ST/STM32CubeIDE_1.18.0/STM32CubeIDE/plugins/com.st.stm32cube.ide.mcu.externaltools.gnu-tools-for-stm32.13.3.rel1.win32_1.0.0.202411081344/tools/bin/../lib/gcc/arm-none-eabi/13.3.1/thumb/v7e-m+fp/hard\libgcc.a(_aeabi_uldivmod.o)
 .ARM.attributes
                0x00000649       0x34 C:/ST/STM32CubeIDE_1.18.0/STM32CubeIDE/plugins/com.st.stm32cube.ide.mcu.externaltools.gnu-tools-for-stm32.13.3.rel1.win32_1.0.0.202411081344/tools/bin/../lib/gcc/arm-none-eabi/13.3.1/thumb/v7e-m+fp/hard\libgcc.a(_udivmoddi4.o)
 .ARM.attributes
                0x0000067d       0x22 C:/ST/STM32CubeIDE_1.18.0/STM32CubeIDE/plugins/com.st.stm32cube.ide.mcu.externaltools.gnu-tools-for-stm32.13.3.rel1.win32_1.0.0.202411081344/tools/bin/../lib/gcc/arm-none-eabi/13.3.1/thumb/v7e-m+fp/hard\libgcc.a(_dvmd_tls.o)
 .ARM.attributes
                0x0000069f       0x22 C:/ST/STM32CubeIDE_1.18.0/STM32CubeIDE/plugins/com.st.stm32cube.ide.mcu.externaltools.gnu-tools-for-stm32.13.3.rel1.win32_1.0.0.202411081344/tools/bin/../lib/gcc/arm-none-eabi/13.3.1/thumb/v7e-m+fp/hard/crtn.o
OUTPUT(socketCAN.elf elf32-littlearm)
LOAD linker stubs
LOAD C:/ST/STM32CubeIDE_1.18.0/STM32CubeIDE/plugins/com.st.stm32cube.ide.mcu.externaltools.gnu-tools-for-stm32.13.3.rel1.win32_1.0.0.202411081344/tools/bin/../lib/gcc/arm-none-eabi/13.3.1/../../../../arm-none-eabi/lib/thumb/v7e-m+fp/hard\libc.a
LOAD C:/ST/STM32CubeIDE_1.18.0/STM32CubeIDE/plugins/com.st.stm32cube.ide.mcu.externaltools.gnu-tools-for-stm32.13.3.rel1.win32_1.0.0.202411081344/tools/bin/../lib/gcc/arm-none-eabi/13.3.1/../../../../arm-none-eabi/lib/thumb/v7e-m+fp/hard\libm.a
LOAD C:/ST/STM32CubeIDE_1.18.0/STM32CubeIDE/plugins/com.st.stm32cube.ide.mcu.externaltools.gnu-tools-for-stm32.13.3.rel1.win32_1.0.0.202411081344/tools/bin/../lib/gcc/arm-none-eabi/13.3.1/thumb/v7e-m+fp/hard\libgcc.a

.debug_info     0x00000000    0x18fb2
 .debug_info    0x00000000     0x18d6 ./Core/Src/main.o
 .debug_info    0x000018d6     0x151b ./Core/Src/stm32f4xx_hal_msp.o
 .debug_info    0x00002df1     0x133d ./Core/Src/stm32f4xx_it.o
 .debug_info    0x0000412e      0x54a ./Core/Src/system_stm32f4xx.o
 .debug_info    0x00004678       0x30 ./Core/Startup/startup_stm32f446rctx.o
 .debug_info    0x000046a8      0x99a ./Drivers/STM32F4xx_HAL_Driver/stm32f4xx_hal.o
 .debug_info    0x00005042      0xf44 ./Drivers/STM32F4xx_HAL_Driver/stm32f4xx_hal_can.o
 .debug_info    0x00005f86      0xdaa ./Drivers/STM32F4xx_HAL_Driver/stm32f4xx_hal_cortex.o
 .debug_info    0x00006d30      0x8e7 ./Drivers/STM32F4xx_HAL_Driver/stm32f4xx_hal_dma.o
 .debug_info    0x00007617      0x70b ./Drivers/STM32F4xx_HAL_Driver/stm32f4xx_hal_gpio.o
 .debug_info    0x00007d22     0x15e3 ./Drivers/STM32F4xx_HAL_Driver/stm32f4xx_hal_pcd.o
 .debug_info    0x00009305      0x7b4 ./Drivers/STM32F4xx_HAL_Driver/stm32f4xx_hal_pcd_ex.o
 .debug_info    0x00009ab9      0x6da ./Drivers/STM32F4xx_HAL_Driver/stm32f4xx_hal_pwr_ex.o
 .debug_info    0x0000a193      0x8eb ./Drivers/STM32F4xx_HAL_Driver/stm32f4xx_hal_rcc.o
 .debug_info    0x0000aa7e      0x956 ./Drivers/STM32F4xx_HAL_Driver/stm32f4xx_hal_rcc_ex.o
 .debug_info    0x0000b3d4     0x1c0a ./Drivers/STM32F4xx_HAL_Driver/stm32f4xx_hal_sd.o
 .debug_info    0x0000cfde     0x2f4f ./Drivers/STM32F4xx_HAL_Driver/stm32f4xx_hal_uart.o
 .debug_info    0x0000ff2d     0x10c4 ./Drivers/STM32F4xx_HAL_Driver/stm32f4xx_ll_sdmmc.o
 .debug_info    0x00010ff1     0x19f1 ./Drivers/STM32F4xx_HAL_Driver/stm32f4xx_ll_usb.o
 .debug_info    0x000129e2     0x1315 ./Middlewares/USB_Device_Library/usbd_cdc.o
 .debug_info    0x00013cf7      0xe12 ./Middlewares/USB_Device_Library/usbd_core.o
 .debug_info    0x00014b09      0xaeb ./Middlewares/USB_Device_Library/usbd_ctlreq.o
 .debug_info    0x000155f4      0x762 ./Middlewares/USB_Device_Library/usbd_ioreq.o
 .debug_info    0x00015d56      0x70e ./USB_DEVICE/App/usb_device.o
 .debug_info    0x00016464      0x907 ./USB_DEVICE/App/usbd_cdc_if.o
 .debug_info    0x00016d6b      0x4ba ./USB_DEVICE/App/usbd_desc.o
 .debug_info    0x00017225     0x1d8d ./USB_DEVICE/Target/usbd_conf.o

.debug_abbrev   0x00000000     0x3cc1
 .debug_abbrev  0x00000000      0x2ee ./Core/Src/main.o
 .debug_abbrev  0x000002ee      0x2a0 ./Core/Src/stm32f4xx_hal_msp.o
 .debug_abbrev  0x0000058e      0x219 ./Core/Src/stm32f4xx_it.o
 .debug_abbrev  0x000007a7      0x11a ./Core/Src/system_stm32f4xx.o
 .debug_abbrev  0x000008c1       0x24 ./Core/Startup/startup_stm32f446rctx.o
 .debug_abbrev  0x000008e5      0x214 ./Drivers/STM32F4xx_HAL_Driver/stm32f4xx_hal.o
 .debug_abbrev  0x00000af9      0x25a ./Drivers/STM32F4xx_HAL_Driver/stm32f4xx_hal_can.o
 .debug_abbrev  0x00000d53      0x31d ./Drivers/STM32F4xx_HAL_Driver/stm32f4xx_hal_cortex.o
 .debug_abbrev  0x00001070      0x264 ./Drivers/STM32F4xx_HAL_Driver/stm32f4xx_hal_dma.o
 .debug_abbrev  0x000012d4      0x1d4 ./Drivers/STM32F4xx_HAL_Driver/stm32f4xx_hal_gpio.o
 .debug_abbrev  0x000014a8      0x2d0 ./Drivers/STM32F4xx_HAL_Driver/stm32f4xx_hal_pcd.o
 .debug_abbrev  0x00001778      0x1dd ./Drivers/STM32F4xx_HAL_Driver/stm32f4xx_hal_pcd_ex.o
 .debug_abbrev  0x00001955      0x1cf ./Drivers/STM32F4xx_HAL_Driver/stm32f4xx_hal_pwr_ex.o
 .debug_abbrev  0x00001b24      0x2b7 ./Drivers/STM32F4xx_HAL_Driver/stm32f4xx_hal_rcc.o
 .debug_abbrev  0x00001ddb      0x20a ./Drivers/STM32F4xx_HAL_Driver/stm32f4xx_hal_rcc_ex.o
 .debug_abbrev  0x00001fe5      0x297 ./Drivers/STM32F4xx_HAL_Driver/stm32f4xx_hal_sd.o
 .debug_abbrev  0x0000227c      0x30e ./Drivers/STM32F4xx_HAL_Driver/stm32f4xx_hal_uart.o
 .debug_abbrev  0x0000258a      0x1d6 ./Drivers/STM32F4xx_HAL_Driver/stm32f4xx_ll_sdmmc.o
 .debug_abbrev  0x00002760      0x2b3 ./Drivers/STM32F4xx_HAL_Driver/stm32f4xx_ll_usb.o
 .debug_abbrev  0x00002a13      0x2d2 ./Middlewares/USB_Device_Library/usbd_cdc.o
 .debug_abbrev  0x00002ce5      0x27c ./Middlewares/USB_Device_Library/usbd_core.o
 .debug_abbrev  0x00002f61      0x26f ./Middlewares/USB_Device_Library/usbd_ctlreq.o
 .debug_abbrev  0x000031d0      0x19a ./Middlewares/USB_Device_Library/usbd_ioreq.o
 .debug_abbrev  0x0000336a      0x195 ./USB_DEVICE/App/usb_device.o
 .debug_abbrev  0x000034ff      0x29d ./USB_DEVICE/App/usbd_cdc_if.o
 .debug_abbrev  0x0000379c      0x1e3 ./USB_DEVICE/App/usbd_desc.o
 .debug_abbrev  0x0000397f      0x342 ./USB_DEVICE/Target/usbd_conf.o

.debug_aranges  0x00000000     0x13b0
 .debug_aranges
                0x00000000       0x68 ./Core/Src/main.o
 .debug_aranges
                0x00000068       0x50 ./Core/Src/stm32f4xx_hal_msp.o
 .debug_aranges
                0x000000b8       0xb0 ./Core/Src/stm32f4xx_it.o
 .debug_aranges
                0x00000168       0x28 ./Core/Src/system_stm32f4xx.o
 .debug_aranges
                0x00000190       0x28 ./Core/Startup/startup_stm32f446rctx.o
 .debug_aranges
                0x000001b8       0xf0 ./Drivers/STM32F4xx_HAL_Driver/stm32f4xx_hal.o
 .debug_aranges
                0x000002a8      0x138 ./Drivers/STM32F4xx_HAL_Driver/stm32f4xx_hal_can.o
 .debug_aranges
                0x000003e0      0x130 ./Drivers/STM32F4xx_HAL_Driver/stm32f4xx_hal_cortex.o
 .debug_aranges
                0x00000510       0x90 ./Drivers/STM32F4xx_HAL_Driver/stm32f4xx_hal_dma.o
 .debug_aranges
                0x000005a0       0x58 ./Drivers/STM32F4xx_HAL_Driver/stm32f4xx_hal_gpio.o
 .debug_aranges
                0x000005f8      0x148 ./Drivers/STM32F4xx_HAL_Driver/stm32f4xx_hal_pcd.o
 .debug_aranges
                0x00000740       0x48 ./Drivers/STM32F4xx_HAL_Driver/stm32f4xx_hal_pcd_ex.o
 .debug_aranges
                0x00000788       0x60 ./Drivers/STM32F4xx_HAL_Driver/stm32f4xx_hal_pwr_ex.o
 .debug_aranges
                0x000007e8       0x88 ./Drivers/STM32F4xx_HAL_Driver/stm32f4xx_hal_rcc.o
 .debug_aranges
                0x00000870       0x78 ./Drivers/STM32F4xx_HAL_Driver/stm32f4xx_hal_rcc_ex.o
 .debug_aranges
                0x000008e8      0x168 ./Drivers/STM32F4xx_HAL_Driver/stm32f4xx_hal_sd.o
 .debug_aranges
                0x00000a50      0x208 ./Drivers/STM32F4xx_HAL_Driver/stm32f4xx_hal_uart.o
 .debug_aranges
                0x00000c58      0x188 ./Drivers/STM32F4xx_HAL_Driver/stm32f4xx_ll_sdmmc.o
 .debug_aranges
                0x00000de0      0x1a0 ./Drivers/STM32F4xx_HAL_Driver/stm32f4xx_ll_usb.o
 .debug_aranges
                0x00000f80       0x90 ./Middlewares/USB_Device_Library/usbd_cdc.o
 .debug_aranges
                0x00001010       0xd8 ./Middlewares/USB_Device_Library/usbd_core.o
 .debug_aranges
                0x000010e8       0x90 ./Middlewares/USB_Device_Library/usbd_ctlreq.o
 .debug_aranges
                0x00001178       0x50 ./Middlewares/USB_Device_Library/usbd_ioreq.o
 .debug_aranges
                0x000011c8       0x20 ./USB_DEVICE/App/usb_device.o
 .debug_aranges
                0x000011e8       0x48 ./USB_DEVICE/App/usbd_cdc_if.o
 .debug_aranges
                0x00001230       0x68 ./USB_DEVICE/App/usbd_desc.o
 .debug_aranges
                0x00001298      0x118 ./USB_DEVICE/Target/usbd_conf.o

.debug_rnglists
                0x00000000      0xef4
 .debug_rnglists
                0x00000000       0x4b ./Core/Src/main.o
 .debug_rnglists
                0x0000004b       0x3b ./Core/Src/stm32f4xx_hal_msp.o
 .debug_rnglists
                0x00000086       0x7f ./Core/Src/stm32f4xx_it.o
 .debug_rnglists
                0x00000105       0x1a ./Core/Src/system_stm32f4xx.o
 .debug_rnglists
                0x0000011f       0x19 ./Core/Startup/startup_stm32f446rctx.o
 .debug_rnglists
                0x00000138       0xaf ./Drivers/STM32F4xx_HAL_Driver/stm32f4xx_hal.o
 .debug_rnglists
                0x000001e7       0xee ./Drivers/STM32F4xx_HAL_Driver/stm32f4xx_hal_can.o
 .debug_rnglists
                0x000002d5       0xe0 ./Drivers/STM32F4xx_HAL_Driver/stm32f4xx_hal_cortex.o
 .debug_rnglists
                0x000003b5       0x70 ./Drivers/STM32F4xx_HAL_Driver/stm32f4xx_hal_dma.o
 .debug_rnglists
                0x00000425       0x3f ./Drivers/STM32F4xx_HAL_Driver/stm32f4xx_hal_gpio.o
 .debug_rnglists
                0x00000464       0xfa ./Drivers/STM32F4xx_HAL_Driver/stm32f4xx_hal_pcd.o
 .debug_rnglists
                0x0000055e       0x32 ./Drivers/STM32F4xx_HAL_Driver/stm32f4xx_hal_pcd_ex.o
 .debug_rnglists
                0x00000590       0x47 ./Drivers/STM32F4xx_HAL_Driver/stm32f4xx_hal_pwr_ex.o
 .debug_rnglists
                0x000005d7       0x66 ./Drivers/STM32F4xx_HAL_Driver/stm32f4xx_hal_rcc.o
 .debug_rnglists
                0x0000063d       0x5e ./Drivers/STM32F4xx_HAL_Driver/stm32f4xx_hal_rcc_ex.o
 .debug_rnglists
                0x0000069b      0x121 ./Drivers/STM32F4xx_HAL_Driver/stm32f4xx_hal_sd.o
 .debug_rnglists
                0x000007bc      0x1bc ./Drivers/STM32F4xx_HAL_Driver/stm32f4xx_hal_uart.o
 .debug_rnglists
                0x00000978      0x125 ./Drivers/STM32F4xx_HAL_Driver/stm32f4xx_ll_sdmmc.o
 .debug_rnglists
                0x00000a9d      0x147 ./Drivers/STM32F4xx_HAL_Driver/stm32f4xx_ll_usb.o
 .debug_rnglists
                0x00000be4       0x6c ./Middlewares/USB_Device_Library/usbd_cdc.o
 .debug_rnglists
                0x00000c50       0xa1 ./Middlewares/USB_Device_Library/usbd_core.o
 .debug_rnglists
                0x00000cf1       0x6e ./Middlewares/USB_Device_Library/usbd_ctlreq.o
 .debug_rnglists
                0x00000d5f       0x37 ./Middlewares/USB_Device_Library/usbd_ioreq.o
 .debug_rnglists
                0x00000d96       0x13 ./USB_DEVICE/App/usb_device.o
 .debug_rnglists
                0x00000da9       0x32 ./USB_DEVICE/App/usbd_cdc_if.o
 .debug_rnglists
                0x00000ddb       0x49 ./USB_DEVICE/App/usbd_desc.o
 .debug_rnglists
                0x00000e24       0xd0 ./USB_DEVICE/Target/usbd_conf.o

.debug_macro    0x00000000    0x25622
 .debug_macro   0x00000000      0x374 ./Core/Src/main.o
 .debug_macro   0x00000374      0xad8 ./Core/Src/main.o
 .debug_macro   0x00000e4c      0x2a7 ./Core/Src/main.o
 .debug_macro   0x000010f3       0x2e ./Core/Src/main.o
 .debug_macro   0x00001121       0x28 ./Core/Src/main.o
 .debug_macro   0x00001149       0x22 ./Core/Src/main.o
 .debug_macro   0x0000116b       0x8e ./Core/Src/main.o
 .debug_macro   0x000011f9       0x51 ./Core/Src/main.o
 .debug_macro   0x0000124a      0x103 ./Core/Src/main.o
 .debug_macro   0x0000134d       0x6a ./Core/Src/main.o
 .debug_macro   0x000013b7      0x1df ./Core/Src/main.o
 .debug_macro   0x00001596       0x1c ./Core/Src/main.o
 .debug_macro   0x000015b2       0x22 ./Core/Src/main.o
 .debug_macro   0x000015d4       0xfb ./Core/Src/main.o
 .debug_macro   0x000016cf     0x1011 ./Core/Src/main.o
 .debug_macro   0x000026e0      0x11f ./Core/Src/main.o
 .debug_macro   0x000027ff    0x16749 ./Core/Src/main.o
 .debug_macro   0x00018f48       0x6d ./Core/Src/main.o
 .debug_macro   0x00018fb5     0x369a ./Core/Src/main.o
 .debug_macro   0x0001c64f      0x190 ./Core/Src/main.o
 .debug_macro   0x0001c7df       0x5c ./Core/Src/main.o
 .debug_macro   0x0001c83b      0xca5 ./Core/Src/main.o
 .debug_macro   0x0001d4e0      0x9e9 ./Core/Src/main.o
 .debug_macro   0x0001dec9      0x115 ./Core/Src/main.o
 .debug_macro   0x0001dfde      0x1a0 ./Core/Src/main.o
 .debug_macro   0x0001e17e       0xa5 ./Core/Src/main.o
 .debug_macro   0x0001e223      0x16d ./Core/Src/main.o
 .debug_macro   0x0001e390      0x287 ./Core/Src/main.o
 .debug_macro   0x0001e617       0x5f ./Core/Src/main.o
 .debug_macro   0x0001e676      0x236 ./Core/Src/main.o
 .debug_macro   0x0001e8ac      0x40f ./Core/Src/main.o
 .debug_macro   0x0001ecbb      0x132 ./Core/Src/main.o
 .debug_macro   0x0001eded      0x29c ./Core/Src/main.o
 .debug_macro   0x0001f089       0x2e ./Core/Src/main.o
 .debug_macro   0x0001f0b7      0x127 ./Core/Src/main.o
 .debug_macro   0x0001f1de       0xe8 ./Core/Src/main.o
 .debug_macro   0x0001f2c6       0x89 ./Core/Src/main.o
 .debug_macro   0x0001f34f      0x822 ./Core/Src/main.o
 .debug_macro   0x0001fb71      0x1d5 ./Core/Src/main.o
 .debug_macro   0x0001fd46      0x2aa ./Core/Src/main.o
 .debug_macro   0x0001fff0      0x293 ./Core/Src/main.o
 .debug_macro   0x00020283       0xba ./Core/Src/main.o
 .debug_macro   0x0002033d      0x126 ./Core/Src/main.o
 .debug_macro   0x00020463       0x10 ./Core/Src/main.o
 .debug_macro   0x00020473       0x61 ./Core/Src/main.o
 .debug_macro   0x000204d4       0x2a ./Core/Src/main.o
 .debug_macro   0x000204fe       0x43 ./Core/Src/main.o
 .debug_macro   0x00020541       0x34 ./Core/Src/main.o
 .debug_macro   0x00020575       0x16 ./Core/Src/main.o
 .debug_macro   0x0002058b       0x3c ./Core/Src/main.o
 .debug_macro   0x000205c7      0x370 ./Core/Src/main.o
 .debug_macro   0x00020937       0x10 ./Core/Src/main.o
 .debug_macro   0x00020947       0x16 ./Core/Src/main.o
 .debug_macro   0x0002095d       0x4a ./Core/Src/main.o
 .debug_macro   0x000209a7       0x34 ./Core/Src/main.o
 .debug_macro   0x000209db       0x10 ./Core/Src/main.o
 .debug_macro   0x000209eb       0x58 ./Core/Src/main.o
 .debug_macro   0x00020a43       0x8e ./Core/Src/main.o
 .debug_macro   0x00020ad1       0x1c ./Core/Src/main.o
 .debug_macro   0x00020aed      0x185 ./Core/Src/main.o
 .debug_macro   0x00020c72       0x16 ./Core/Src/main.o
 .debug_macro   0x00020c88       0x16 ./Core/Src/main.o
 .debug_macro   0x00020c9e      0x146 ./Core/Src/main.o
 .debug_macro   0x00020de4       0x16 ./Core/Src/main.o
 .debug_macro   0x00020dfa       0x16 ./Core/Src/main.o
 .debug_macro   0x00020e10       0x29 ./Core/Src/main.o
 .debug_macro   0x00020e39       0x16 ./Core/Src/main.o
 .debug_macro   0x00020e4f       0x20 ./Core/Src/main.o
 .debug_macro   0x00020e6f       0x65 ./Core/Src/main.o
 .debug_macro   0x00020ed4      0x20f ./Core/Src/main.o
 .debug_macro   0x000210e3      0x210 ./Core/Src/stm32f4xx_hal_msp.o
 .debug_macro   0x000212f3      0x21a ./Core/Src/stm32f4xx_it.o
 .debug_macro   0x0002150d      0x201 ./Core/Src/system_stm32f4xx.o
 .debug_macro   0x0002170e      0x261 ./Drivers/STM32F4xx_HAL_Driver/stm32f4xx_hal.o
 .debug_macro   0x0002196f      0x210 ./Drivers/STM32F4xx_HAL_Driver/stm32f4xx_hal_can.o
 .debug_macro   0x00021b7f      0x201 ./Drivers/STM32F4xx_HAL_Driver/stm32f4xx_hal_cortex.o
 .debug_macro   0x00021d80      0x207 ./Drivers/STM32F4xx_HAL_Driver/stm32f4xx_hal_dma.o
 .debug_macro   0x00021f87      0x207 ./Drivers/STM32F4xx_HAL_Driver/stm32f4xx_hal_gpio.o
 .debug_macro   0x0002218e      0x20d ./Drivers/STM32F4xx_HAL_Driver/stm32f4xx_hal_pcd.o
 .debug_macro   0x0002239b      0x201 ./Drivers/STM32F4xx_HAL_Driver/stm32f4xx_hal_pcd_ex.o
 .debug_macro   0x0002259c      0x219 ./Drivers/STM32F4xx_HAL_Driver/stm32f4xx_hal_pwr_ex.o
 .debug_macro   0x000227b5      0x225 ./Drivers/STM32F4xx_HAL_Driver/stm32f4xx_hal_rcc.o
 .debug_macro   0x000229da      0x201 ./Drivers/STM32F4xx_HAL_Driver/stm32f4xx_hal_rcc_ex.o
 .debug_macro   0x00022bdb      0x202 ./Drivers/STM32F4xx_HAL_Driver/stm32f4xx_hal_sd.o
 .debug_macro   0x00022ddd      0x202 ./Drivers/STM32F4xx_HAL_Driver/stm32f4xx_hal_uart.o
 .debug_macro   0x00022fdf      0x202 ./Drivers/STM32F4xx_HAL_Driver/stm32f4xx_ll_sdmmc.o
 .debug_macro   0x000231e1      0x201 ./Drivers/STM32F4xx_HAL_Driver/stm32f4xx_ll_usb.o
 .debug_macro   0x000233e2      0x39f ./Middlewares/USB_Device_Library/usbd_cdc.o
 .debug_macro   0x00023781       0x9e ./Middlewares/USB_Device_Library/usbd_cdc.o
 .debug_macro   0x0002381f      0x112 ./Middlewares/USB_Device_Library/usbd_cdc.o
 .debug_macro   0x00023931       0x56 ./Middlewares/USB_Device_Library/usbd_cdc.o
 .debug_macro   0x00023987       0x95 ./Middlewares/USB_Device_Library/usbd_cdc.o
 .debug_macro   0x00023a1c      0x386 ./Middlewares/USB_Device_Library/usbd_core.o
 .debug_macro   0x00023da2      0x215 ./Middlewares/USB_Device_Library/usbd_core.o
 .debug_macro   0x00023fb7      0x390 ./Middlewares/USB_Device_Library/usbd_ctlreq.o
 .debug_macro   0x00024347      0x38c ./Middlewares/USB_Device_Library/usbd_ioreq.o
 .debug_macro   0x000246d3      0x3bf ./USB_DEVICE/App/usb_device.o
 .debug_macro   0x00024a92       0x16 ./USB_DEVICE/App/usb_device.o
 .debug_macro   0x00024aa8       0x22 ./USB_DEVICE/App/usb_device.o
 .debug_macro   0x00024aca       0x16 ./USB_DEVICE/App/usb_device.o
 .debug_macro   0x00024ae0      0x3aa ./USB_DEVICE/App/usbd_cdc_if.o
 .debug_macro   0x00024e8a       0x10 ./USB_DEVICE/App/usbd_cdc_if.o
 .debug_macro   0x00024e9a      0x3c9 ./USB_DEVICE/App/usbd_desc.o
 .debug_macro   0x00025263       0x1c ./USB_DEVICE/App/usbd_desc.o
 .debug_macro   0x0002527f      0x3a3 ./USB_DEVICE/Target/usbd_conf.o

.debug_line     0x00000000    0x1b3d9
 .debug_line    0x00000000      0xcff ./Core/Src/main.o
 .debug_line    0x00000cff      0xa8f ./Core/Src/stm32f4xx_hal_msp.o
 .debug_line    0x0000178e      0xa24 ./Core/Src/stm32f4xx_it.o
 .debug_line    0x000021b2      0x90a ./Core/Src/system_stm32f4xx.o
 .debug_line    0x00002abc       0x7a ./Core/Startup/startup_stm32f446rctx.o
 .debug_line    0x00002b36      0xbb0 ./Drivers/STM32F4xx_HAL_Driver/stm32f4xx_hal.o
 .debug_line    0x000036e6     0x1372 ./Drivers/STM32F4xx_HAL_Driver/stm32f4xx_hal_can.o
 .debug_line    0x00004a58      0xe80 ./Drivers/STM32F4xx_HAL_Driver/stm32f4xx_hal_cortex.o
 .debug_line    0x000058d8     0x111c ./Drivers/STM32F4xx_HAL_Driver/stm32f4xx_hal_dma.o
 .debug_line    0x000069f4      0xcf4 ./Drivers/STM32F4xx_HAL_Driver/stm32f4xx_hal_gpio.o
 .debug_line    0x000076e8     0x1625 ./Drivers/STM32F4xx_HAL_Driver/stm32f4xx_hal_pcd.o
 .debug_line    0x00008d0d      0x9d0 ./Drivers/STM32F4xx_HAL_Driver/stm32f4xx_hal_pcd_ex.o
 .debug_line    0x000096dd      0xb1d ./Drivers/STM32F4xx_HAL_Driver/stm32f4xx_hal_pwr_ex.o
 .debug_line    0x0000a1fa      0xfc9 ./Drivers/STM32F4xx_HAL_Driver/stm32f4xx_hal_rcc.o
 .debug_line    0x0000b1c3     0x1679 ./Drivers/STM32F4xx_HAL_Driver/stm32f4xx_hal_rcc_ex.o
 .debug_line    0x0000c83c     0x1feb ./Drivers/STM32F4xx_HAL_Driver/stm32f4xx_hal_sd.o
 .debug_line    0x0000e827     0x26bf ./Drivers/STM32F4xx_HAL_Driver/stm32f4xx_hal_uart.o
 .debug_line    0x00010ee6     0x112f ./Drivers/STM32F4xx_HAL_Driver/stm32f4xx_ll_sdmmc.o
 .debug_line    0x00012015     0x1ec5 ./Drivers/STM32F4xx_HAL_Driver/stm32f4xx_ll_usb.o
 .debug_line    0x00013eda     0x108f ./Middlewares/USB_Device_Library/usbd_cdc.o
 .debug_line    0x00014f69     0x10f9 ./Middlewares/USB_Device_Library/usbd_core.o
 .debug_line    0x00016062     0x12f3 ./Middlewares/USB_Device_Library/usbd_ctlreq.o
 .debug_line    0x00017355      0xc0f ./Middlewares/USB_Device_Library/usbd_ioreq.o
 .debug_line    0x00017f64      0xbdb ./USB_DEVICE/App/usb_device.o
 .debug_line    0x00018b3f      0xc2e ./USB_DEVICE/App/usbd_cdc_if.o
 .debug_line    0x0001976d      0xc66 ./USB_DEVICE/App/usbd_desc.o
 .debug_line    0x0001a3d3     0x1006 ./USB_DEVICE/Target/usbd_conf.o
