Archive member included to satisfy reference by file (symbol)

C:/ST/STM32CubeIDE_1.18.0/STM32CubeIDE/plugins/com.st.stm32cube.ide.mcu.externaltools.gnu-tools-for-stm32.13.3.rel1.win32_1.0.0.202411081344/tools/bin/../lib/gcc/arm-none-eabi/13.3.1/../../../../arm-none-eabi/lib/thumb/v7e-m+fp/hard\libc_nano.a(libc_a-exit.o)
                              C:/ST/STM32CubeIDE_1.18.0/STM32CubeIDE/plugins/com.st.stm32cube.ide.mcu.externaltools.gnu-tools-for-stm32.13.3.rel1.win32_1.0.0.202411081344/tools/bin/../lib/gcc/arm-none-eabi/13.3.1/../../../../arm-none-eabi/lib/thumb/v7e-m+fp/hard/crt0.o (exit)
C:/ST/STM32CubeIDE_1.18.0/STM32CubeIDE/plugins/com.st.stm32cube.ide.mcu.externaltools.gnu-tools-for-stm32.13.3.rel1.win32_1.0.0.202411081344/tools/bin/../lib/gcc/arm-none-eabi/13.3.1/../../../../arm-none-eabi/lib/thumb/v7e-m+fp/hard\libc_nano.a(libc_a-findfp.o)
                              C:/ST/STM32CubeIDE_1.18.0/STM32CubeIDE/plugins/com.st.stm32cube.ide.mcu.externaltools.gnu-tools-for-stm32.13.3.rel1.win32_1.0.0.202411081344/tools/bin/../lib/gcc/arm-none-eabi/13.3.1/../../../../arm-none-eabi/lib/thumb/v7e-m+fp/hard\libc_nano.a(libc_a-exit.o) (__stdio_exit_handler)
C:/ST/STM32CubeIDE_1.18.0/STM32CubeIDE/plugins/com.st.stm32cube.ide.mcu.externaltools.gnu-tools-for-stm32.13.3.rel1.win32_1.0.0.202411081344/tools/bin/../lib/gcc/arm-none-eabi/13.3.1/../../../../arm-none-eabi/lib/thumb/v7e-m+fp/hard\libc_nano.a(libc_a-fwalk.o)
                              C:/ST/STM32CubeIDE_1.18.0/STM32CubeIDE/plugins/com.st.stm32cube.ide.mcu.externaltools.gnu-tools-for-stm32.13.3.rel1.win32_1.0.0.202411081344/tools/bin/../lib/gcc/arm-none-eabi/13.3.1/../../../../arm-none-eabi/lib/thumb/v7e-m+fp/hard\libc_nano.a(libc_a-findfp.o) (_fwalk_sglue)
C:/ST/STM32CubeIDE_1.18.0/STM32CubeIDE/plugins/com.st.stm32cube.ide.mcu.externaltools.gnu-tools-for-stm32.13.3.rel1.win32_1.0.0.202411081344/tools/bin/../lib/gcc/arm-none-eabi/13.3.1/../../../../arm-none-eabi/lib/thumb/v7e-m+fp/hard\libc_nano.a(libc_a-stdio.o)
                              C:/ST/STM32CubeIDE_1.18.0/STM32CubeIDE/plugins/com.st.stm32cube.ide.mcu.externaltools.gnu-tools-for-stm32.13.3.rel1.win32_1.0.0.202411081344/tools/bin/../lib/gcc/arm-none-eabi/13.3.1/../../../../arm-none-eabi/lib/thumb/v7e-m+fp/hard\libc_nano.a(libc_a-findfp.o) (__sread)
C:/ST/STM32CubeIDE_1.18.0/STM32CubeIDE/plugins/com.st.stm32cube.ide.mcu.externaltools.gnu-tools-for-stm32.13.3.rel1.win32_1.0.0.202411081344/tools/bin/../lib/gcc/arm-none-eabi/13.3.1/../../../../arm-none-eabi/lib/thumb/v7e-m+fp/hard\libc_nano.a(libc_a-memcmp.o)
                              ./USB_DEVICE/usbd_gsusb.o (memcmp)
C:/ST/STM32CubeIDE_1.18.0/STM32CubeIDE/plugins/com.st.stm32cube.ide.mcu.externaltools.gnu-tools-for-stm32.13.3.rel1.win32_1.0.0.202411081344/tools/bin/../lib/gcc/arm-none-eabi/13.3.1/../../../../arm-none-eabi/lib/thumb/v7e-m+fp/hard\libc_nano.a(libc_a-memset.o)
                              C:/ST/STM32CubeIDE_1.18.0/STM32CubeIDE/plugins/com.st.stm32cube.ide.mcu.externaltools.gnu-tools-for-stm32.13.3.rel1.win32_1.0.0.202411081344/tools/bin/../lib/gcc/arm-none-eabi/13.3.1/../../../../arm-none-eabi/lib/thumb/v7e-m+fp/hard/crt0.o (memset)
C:/ST/STM32CubeIDE_1.18.0/STM32CubeIDE/plugins/com.st.stm32cube.ide.mcu.externaltools.gnu-tools-for-stm32.13.3.rel1.win32_1.0.0.202411081344/tools/bin/../lib/gcc/arm-none-eabi/13.3.1/../../../../arm-none-eabi/lib/thumb/v7e-m+fp/hard\libc_nano.a(libc_a-closer.o)
                              C:/ST/STM32CubeIDE_1.18.0/STM32CubeIDE/plugins/com.st.stm32cube.ide.mcu.externaltools.gnu-tools-for-stm32.13.3.rel1.win32_1.0.0.202411081344/tools/bin/../lib/gcc/arm-none-eabi/13.3.1/../../../../arm-none-eabi/lib/thumb/v7e-m+fp/hard\libc_nano.a(libc_a-stdio.o) (_close_r)
C:/ST/STM32CubeIDE_1.18.0/STM32CubeIDE/plugins/com.st.stm32cube.ide.mcu.externaltools.gnu-tools-for-stm32.13.3.rel1.win32_1.0.0.202411081344/tools/bin/../lib/gcc/arm-none-eabi/13.3.1/../../../../arm-none-eabi/lib/thumb/v7e-m+fp/hard\libc_nano.a(libc_a-reent.o)
                              C:/ST/STM32CubeIDE_1.18.0/STM32CubeIDE/plugins/com.st.stm32cube.ide.mcu.externaltools.gnu-tools-for-stm32.13.3.rel1.win32_1.0.0.202411081344/tools/bin/../lib/gcc/arm-none-eabi/13.3.1/../../../../arm-none-eabi/lib/thumb/v7e-m+fp/hard\libc_nano.a(libc_a-closer.o) (errno)
C:/ST/STM32CubeIDE_1.18.0/STM32CubeIDE/plugins/com.st.stm32cube.ide.mcu.externaltools.gnu-tools-for-stm32.13.3.rel1.win32_1.0.0.202411081344/tools/bin/../lib/gcc/arm-none-eabi/13.3.1/../../../../arm-none-eabi/lib/thumb/v7e-m+fp/hard\libc_nano.a(libc_a-impure.o)
                              C:/ST/STM32CubeIDE_1.18.0/STM32CubeIDE/plugins/com.st.stm32cube.ide.mcu.externaltools.gnu-tools-for-stm32.13.3.rel1.win32_1.0.0.202411081344/tools/bin/../lib/gcc/arm-none-eabi/13.3.1/../../../../arm-none-eabi/lib/thumb/v7e-m+fp/hard\libc_nano.a(libc_a-reent.o) (_impure_ptr)
[...]
Memory Configuration

Name             Origin             Length             Attributes
RAM              0x20000000         0x00020000         xrw
FLASH            0x08000000         0x00040000         xr
*default*        0x00000000         0xffffffff

Linker script and memory map

LOAD C:/ST/STM32CubeIDE_1.18.0/STM32CubeIDE/plugins/com.st.stm32cube.ide.mcu.externaltools.gnu-tools-for-stm32.13.3.rel1.win32_1.0.0.202411081344/tools/bin/../lib/gcc/arm-none-eabi/13.3.1/thumb/v7e-m+fp/hard/crti.o
LOAD C:/ST/STM32CubeIDE_1.18.0/STM32CubeIDE/plugins/com.st.stm32cube.ide.mcu.externaltools.gnu-tools-for-stm32.13.3.rel1.win32_1.0.0.202411081344/tools/bin/../lib/gcc/arm-none-eabi/13.3.1/thumb/v7e-m+fp/hard/crtbegin.o
LOAD C:/ST/STM32CubeIDE_1.18.0/STM32CubeIDE/plugins/com.st.stm32cube.ide.mcu.externaltools.gnu-tools-for-stm32.13.3.rel1.win32_1.0.0.202411081344/tools/bin/../lib/gcc/arm-none-eabi/13.3.1/../../../../arm-none-eabi/lib/thumb/v7e-m+fp/hard/crt0.o
LOAD ./Core/Src/main.o
LOAD ./Core/Src/stm32f4xx_hal_msp.o
LOAD ./Core/Src/stm32f4xx_it.o
LOAD ./Core/Src/syscalls.o
LOAD ./Core/Src/sysmem.o
LOAD ./Core/Src/system_stm32f4xx.o
LOAD ./Core/Startup/startup_stm32f446rctx.o
LOAD ./Drivers/STM32F4xx_HAL_Driver/stm32f4xx_hal.o
LOAD ./Drivers/STM32F4xx_HAL_Driver/stm32f4xx_hal_can.o
LOAD ./Drivers/STM32F4xx_HAL_Driver/stm32f4xx_hal_cortex.o
LOAD ./Drivers/STM32F4xx_HAL_Driver/stm32f4xx_hal_dma.o
LOAD ./Drivers/STM32F4xx_HAL_Driver/stm32f4xx_hal_dma_ex.o
LOAD ./Drivers/STM32F4xx_HAL_Driver/stm32f4xx_hal_exti.o
LOAD ./Drivers/STM32F4xx_HAL_Driver/stm32f4xx_hal_flash.o
LOAD ./Drivers/STM32F4xx_HAL_Driver/stm32f4xx_hal_flash_ex.o
LOAD ./Drivers/STM32F4xx_HAL_Driver/stm32f4xx_hal_flash_ramfunc.o
LOAD ./Drivers/STM32F4xx_HAL_Driver/stm32f4xx_hal_gpio.o
LOAD ./Drivers/STM32F4xx_HAL_Driver/stm32f4xx_hal_mmc.o
LOAD ./Drivers/STM32F4xx_HAL_Driver/stm32f4xx_hal_pcd.o
LOAD ./Drivers/STM32F4xx_HAL_Driver/stm32f4xx_hal_pcd_ex.o
LOAD ./Drivers/STM32F4xx_HAL_Driver/stm32f4xx_hal_pwr.o
LOAD ./Drivers/STM32F4xx_HAL_Driver/stm32f4xx_hal_pwr_ex.o
LOAD ./Drivers/STM32F4xx_HAL_Driver/stm32f4xx_hal_rcc.o
LOAD ./Drivers/STM32F4xx_HAL_Driver/stm32f4xx_hal_rcc_ex.o
LOAD ./Drivers/STM32F4xx_HAL_Driver/stm32f4xx_hal_sd.o
LOAD ./Drivers/STM32F4xx_HAL_Driver/stm32f4xx_hal_uart.o
LOAD ./Drivers/STM32F4xx_HAL_Driver/stm32f4xx_ll_sdmmc.o
LOAD ./Drivers/STM32F4xx_HAL_Driver/stm32f4xx_ll_usb.o
LOAD ./Middlewares/USB_Device_Library/usbd_core.o
LOAD ./Middlewares/USB_Device_Library/usbd_ctlreq.o
LOAD ./Middlewares/USB_Device_Library/usbd_customhid.o
LOAD ./Middlewares/USB_Device_Library/usbd_ioreq.o
LOAD ./USB_DEVICE/App/usb_device.o
LOAD ./USB_DEVICE/Target/usbd_conf.o
LOAD ./USB_DEVICE/usb_can_bridge.o
LOAD ./USB_DEVICE/usbd_gsusb.o
LOAD ./USB_DEVICE/usbd_gsusb_desc.o
START GROUP
LOAD C:/ST/STM32CubeIDE_1.18.0/STM32CubeIDE/plugins/com.st.stm32cube.ide.mcu.externaltools.gnu-tools-for-stm32.13.3.rel1.win32_1.0.0.202411081344/tools/bin/../lib/gcc/arm-none-eabi/13.3.1/../../../../arm-none-eabi/lib/thumb/v7e-m+fp/hard\libc_nano.a
LOAD C:/ST/STM32CubeIDE_1.18.0/STM32CubeIDE/plugins/com.st.stm32cube.ide.mcu.externaltools.gnu-tools-for-stm32.13.3.rel1.win32_1.0.0.202411081344/tools/bin/../lib/gcc/arm-none-eabi/13.3.1/../../../../arm-none-eabi/lib/thumb/v7e-m+fp/hard\libm.a
END GROUP
START GROUP
LOAD C:/ST/STM32CubeIDE_1.18.0/STM32CubeIDE/plugins/com.st.stm32cube.ide.mcu.externaltools.gnu-tools-for-stm32.13.3.rel1.win32_1.0.0.202411081344/tools/bin/../lib/gcc/arm-none-eabi/13.3.1/thumb/v7e-m+fp/hard\libgcc.a
LOAD C:/ST/STM32CubeIDE_1.18.0/STM32CubeIDE/plugins/com.st.stm32cube.ide.mcu.externaltools.gnu-tools-for-stm32.13.3.rel1.win32_1.0.0.202411081344/tools/bin/../lib/gcc/arm-none-eabi/13.3.1/../../../../arm-none-eabi/lib/thumb/v7e-m+fp/hard\libc_nano.a
END GROUP
START GROUP
LOAD C:/ST/STM32CubeIDE_1.18.0/STM32CubeIDE/plugins/com.st.stm32cube.ide.mcu.externaltools.gnu-tools-for-stm32.13.3.rel1.win32_1.0.0.202411081344/tools/bin/../lib/gcc/arm-none-eabi/13.3.1/thumb/v7e-m+fp/hard\libgcc.a
LOAD C:/ST/STM32CubeIDE_1.18.0/STM32CubeIDE/plugins/com.st.stm32cube.ide.mcu.externaltools.gnu-tools-for-stm32.13.3.rel1.win32_1.0.0.202411081344/tools/bin/../lib/gcc/arm-none-eabi/13.3.1/../../../../arm-none-eabi/lib/thumb/v7e-m+fp/hard\libc_nano.a
LOAD C:/ST/STM32CubeIDE_1.18.0/STM32CubeIDE/plugins/com.st.stm32cube.ide.mcu.externaltools.gnu-tools-for-stm32.13.3.rel1.win32_1.0.0.202411081344/tools/bin/../lib/gcc/arm-none-eabi/13.3.1/../../../../arm-none-eabi/lib/thumb/v7e-m+fp/hard\libnosys.a
END GROUP
START GROUP
LOAD C:/ST/STM32CubeIDE_1.18.0/STM32CubeIDE/plugins/com.st.stm32cube.ide.mcu.externaltools.gnu-tools-for-stm32.13.3.rel1.win32_1.0.0.202411081344/tools/bin/../lib/gcc/arm-none-eabi/13.3.1/thumb/v7e-m+fp/hard\libgcc.a
LOAD C:/ST/STM32CubeIDE_1.18.0/STM32CubeIDE/plugins/com.st.stm32cube.ide.mcu.externaltools.gnu-tools-for-stm32.13.3.rel1.win32_1.0.0.202411081344/tools/bin/../lib/gcc/arm-none-eabi/13.3.1/../../../../arm-none-eabi/lib/thumb/v7e-m+fp/hard\libc_nano.a
LOAD C:/ST/STM32CubeIDE_1.18.0/STM32CubeIDE/plugins/com.st.stm32cube.ide.mcu.externaltools.gnu-tools-for-stm32.13.3.rel1.win32_1.0.0.202411081344/tools/bin/../lib/gcc/arm-none-eabi/13.3.1/../../../../arm-none-eabi/lib/thumb/v7e-m+fp/hard\libnosys.a
END GROUP
LOAD C:/ST/STM32CubeIDE_1.18.0/STM32CubeIDE/plugins/com.st.stm32cube.ide.mcu.externaltools.gnu-tools-for-stm32.13.3.rel1.win32_1.0.0.202411081344/tools/bin/../lib/gcc/arm-none-eabi/13.3.1/thumb/v7e-m+fp/hard/crtend.o
LOAD C:/ST/STM32CubeIDE_1.18.0/STM32CubeIDE/plugins/com.st.stm32cube.ide.mcu.externaltools.gnu-tools-for-stm32.13.3.rel1.win32_1.0.0.202411081344/tools/bin/../lib/gcc/arm-none-eabi/13.3.1/thumb/v7e-m+fp/hard/crtn.o
                0x20020000                        _estack = (ORIGIN (RAM) + LENGTH (RAM))
                0x00000200                        _Min_Heap_Size = 0x200
                0x00000400                        _Min_Stack_Size = 0x400

.isr_vector     0x08000000      0x1c4
                0x08000000                        . = ALIGN (0x4)
 *(.isr_vector)
 .isr_vector    0x08000000      0x1c4 ./Core/Startup/startup_stm32f446rctx.o
                0x08000000                g_pfnVectors
                0x080001c4                        . = ALIGN (0x4)

.text           0x080001c4     0xad08
                0x080001c4                        . = ALIGN (0x4)
 *(.text)
 .text          0x080001c4       0x40 C:/ST/STM32CubeIDE_1.18.0/STM32CubeIDE/plugins/com.st.stm32cube.ide.mcu.externaltools.gnu-tools-for-stm32.13.3.rel1.win32_1.0.0.202411081344/tools/bin/../lib/gcc/arm-none-eabi/13.3.1/thumb/v7e-m+fp/hard/crtbegin.o
 .text          0x08000204       0x30 C:/ST/STM32CubeIDE_1.18.0/STM32CubeIDE/plugins/com.st.stm32cube.ide.mcu.externaltools.gnu-tools-for-stm32.13.3.rel1.win32_1.0.0.202411081344/tools/bin/../lib/gcc/arm-none-eabi/13.3.1/thumb/v7e-m+fp/hard\libgcc.a(_aeabi_uldivmod.o)
                0x08000204                __aeabi_uldivmod
 .text          0x08000234      0x2f8 C:/ST/STM32CubeIDE_1.18.0/STM32CubeIDE/plugins/com.st.stm32cube.ide.mcu.externaltools.gnu-tools-for-stm32.13.3.rel1.win32_1.0.0.202411081344/tools/bin/../lib/gcc/arm-none-eabi/13.3.1/thumb/v7e-m+fp/hard\libgcc.a(_udivmoddi4.o)
                0x08000234                __udivmoddi4
 .text          0x0800052c        0x4 C:/ST/STM32CubeIDE_1.18.0/STM32CubeIDE/plugins/com.st.stm32cube.ide.mcu.externaltools.gnu-tools-for-stm32.13.3.rel1.win32_1.0.0.202411081344/tools/bin/../lib/gcc/arm-none-eabi/13.3.1/thumb/v7e-m+fp/hard\libgcc.a(_dvmd_tls.o)
                0x0800052c                __aeabi_idiv0
                0x0800052c                __aeabi_ldiv0
 *(.text*)
 .text.main     0x08000530       0x44 ./Core/Src/main.o
                0x08000530                main
 .text.SystemClock_Config
                0x08000574       0xe8 ./Core/Src/main.o
                0x08000574                SystemClock_Config
 .text.PeriphCommonClock_Config
                0x0800065c       0x50 ./Core/Src/main.o
                0x0800065c                PeriphCommonClock_Config
 .text.MX_CAN1_Init
                0x080006ac       0x6c ./Core/Src/main.o
 .text.MX_CAN2_Init
                0x08000718       0x74 ./Core/Src/main.o
 .text.MX_SDIO_SD_Init
                0x0800078c       0x4c ./Core/Src/main.o
 .text.MX_USART2_UART_Init
                0x080007d8       0x54 ./Core/Src/main.o
 .text.MX_DMA_Init
                0x0800082c       0x7c ./Core/Src/main.o
 .text.MX_GPIO_Init
                0x080008a8       0xdc ./Core/Src/main.o
 .text.Error_Handler
                0x08000984        0xc ./Core/Src/main.o
                0x08000984                Error_Handler
 .text.HAL_MspInit
                0x08000990       0x50 ./Core/Src/stm32f4xx_hal_msp.o
                0x08000990                HAL_MspInit
 .text.HAL_CAN_MspInit
                0x080009e0      0x180 ./Core/Src/stm32f4xx_hal_msp.o
                0x080009e0                HAL_CAN_MspInit
 .text.HAL_SD_MspInit
                0x08000b60      0x1b0 ./Core/Src/stm32f4xx_hal_msp.o
                0x08000b60                HAL_SD_MspInit
 .text.HAL_UART_MspInit
                0x08000d10      0x170 ./Core/Src/stm32f4xx_hal_msp.o
                0x08000d10                HAL_UART_MspInit
 .text.NMI_Handler
                0x08000e80        0x8 ./Core/Src/stm32f4xx_it.o
                0x08000e80                NMI_Handler
 .text.HardFault_Handler
                0x08000e88        0x8 ./Core/Src/stm32f4xx_it.o
                0x08000e88                HardFault_Handler
 .text.MemManage_Handler
                0x08000e90        0x8 ./Core/Src/stm32f4xx_it.o
                0x08000e90                MemManage_Handler
 .text.BusFault_Handler
                0x08000e98        0x8 ./Core/Src/stm32f4xx_it.o
                0x08000e98                BusFault_Handler
 .text.UsageFault_Handler
                0x08000ea0        0x8 ./Core/Src/stm32f4xx_it.o
                0x08000ea0                UsageFault_Handler
 .text.SVC_Handler
                0x08000ea8        0xe ./Core/Src/stm32f4xx_it.o
                0x08000ea8                SVC_Handler
 .text.DebugMon_Handler
                0x08000eb6        0xe ./Core/Src/stm32f4xx_it.o
                0x08000eb6                DebugMon_Handler
 .text.PendSV_Handler
                0x08000ec4        0xe ./Core/Src/stm32f4xx_it.o
                0x08000ec4                PendSV_Handler
 .text.SysTick_Handler
                0x08000ed2        0xc ./Core/Src/stm32f4xx_it.o
                0x08000ed2                SysTick_Handler
 *fill*         0x08000ede        0x2 
 .text.DMA1_Stream5_IRQHandler
                0x08000ee0       0x14 ./Core/Src/stm32f4xx_it.o
                0x08000ee0                DMA1_Stream5_IRQHandler
 .text.DMA1_Stream6_IRQHandler
                0x08000ef4       0x14 ./Core/Src/stm32f4xx_it.o
                0x08000ef4                DMA1_Stream6_IRQHandler
 .text.CAN1_RX0_IRQHandler
                0x08000f08       0x14 ./Core/Src/stm32f4xx_it.o
                0x08000f08                CAN1_RX0_IRQHandler
 .text.CAN1_RX1_IRQHandler
                0x08000f1c       0x14 ./Core/Src/stm32f4xx_it.o
                0x08000f1c                CAN1_RX1_IRQHandler
 .text.USART2_IRQHandler
                0x08000f30       0x14 ./Core/Src/stm32f4xx_it.o
                0x08000f30                USART2_IRQHandler
 .text.SDIO_IRQHandler
                0x08000f44       0x14 ./Core/Src/stm32f4xx_it.o
                0x08000f44                SDIO_IRQHandler
 .text.DMA2_Stream3_IRQHandler
                0x08000f58       0x14 ./Core/Src/stm32f4xx_it.o
                0x08000f58                DMA2_Stream3_IRQHandler
 .text.CAN2_RX0_IRQHandler
                0x08000f6c       0x14 ./Core/Src/stm32f4xx_it.o
                0x08000f6c                CAN2_RX0_IRQHandler
 .text.CAN2_RX1_IRQHandler
                0x08000f80       0x14 ./Core/Src/stm32f4xx_it.o
                0x08000f80                CAN2_RX1_IRQHandler
 .text.OTG_FS_IRQHandler
                0x08000f94       0x14 ./Core/Src/stm32f4xx_it.o
                0x08000f94                OTG_FS_IRQHandler
 .text.SystemInit
                0x08000fa8       0x24 ./Core/Src/system_stm32f4xx.o
                0x08000fa8                SystemInit
 .text.Reset_Handler
                0x08000fcc       0x50 ./Core/Startup/startup_stm32f446rctx.o
                0x08000fcc                Reset_Handler
 .text.Default_Handler
                0x0800101c        0x2 ./Core/Startup/startup_stm32f446rctx.o
                0x0800101c                RTC_Alarm_IRQHandler
                0x0800101c                EXTI2_IRQHandler
                0x0800101c                TIM8_CC_IRQHandler
                0x0800101c                FMPI2C1_EV_IRQHandler
                0x0800101c                SPI4_IRQHandler
                0x0800101c                TIM1_CC_IRQHandler
                0x0800101c                DMA2_Stream5_IRQHandler
                0x0800101c                PVD_IRQHandler
                0x0800101c                TAMP_STAMP_IRQHandler
                0x0800101c                EXTI3_IRQHandler
                0x0800101c                TIM8_TRG_COM_TIM14_IRQHandler
                0x0800101c                TIM1_UP_TIM10_IRQHandler
                0x0800101c                TIM8_UP_TIM13_IRQHandler
                0x0800101c                I2C3_ER_IRQHandler
                0x0800101c                EXTI0_IRQHandler
                0x0800101c                I2C2_EV_IRQHandler
                0x0800101c                DMA1_Stream2_IRQHandler
                0x0800101c                FPU_IRQHandler
                0x0800101c                OTG_HS_WKUP_IRQHandler
                0x0800101c                CAN2_SCE_IRQHandler
                0x0800101c                DMA2_Stream2_IRQHandler
                0x0800101c                SPI1_IRQHandler
                0x0800101c                TIM6_DAC_IRQHandler
                0x0800101c                TIM1_BRK_TIM9_IRQHandler
                0x0800101c                DCMI_IRQHandler
                0x0800101c                SAI2_IRQHandler
                0x0800101c                USART6_IRQHandler
                0x0800101c                USART3_IRQHandler
                0x0800101c                UART5_IRQHandler
                0x0800101c                DMA2_Stream0_IRQHandler
                0x0800101c                TIM4_IRQHandler
                0x0800101c                QUADSPI_IRQHandler
                0x0800101c                I2C1_EV_IRQHandler
                0x0800101c                DMA1_Stream1_IRQHandler
                0x0800101c                UART4_IRQHandler
                0x0800101c                TIM3_IRQHandler
                0x0800101c                RCC_IRQHandler
                0x0800101c                TIM8_BRK_TIM12_IRQHandler
                0x0800101c                Default_Handler
                0x0800101c                CEC_IRQHandler
                0x0800101c                EXTI15_10_IRQHandler
                0x0800101c                ADC_IRQHandler
                0x0800101c                DMA1_Stream7_IRQHandler
                0x0800101c                TIM7_IRQHandler
                0x0800101c                CAN2_TX_IRQHandler
                0x0800101c                TIM5_IRQHandler
                0x0800101c                DMA2_Stream7_IRQHandler
                0x0800101c                I2C3_EV_IRQHandler
                0x0800101c                EXTI9_5_IRQHandler
                0x0800101c                RTC_WKUP_IRQHandler
                0x0800101c                SPDIF_RX_IRQHandler
                0x0800101c                SPI2_IRQHandler
                0x0800101c                OTG_HS_EP1_IN_IRQHandler
                0x0800101c                DMA1_Stream0_IRQHandler
                0x0800101c                CAN1_TX_IRQHandler
                0x0800101c                FMPI2C1_ER_IRQHandler
                0x0800101c                EXTI4_IRQHandler
                0x0800101c                OTG_HS_EP1_OUT_IRQHandler
                0x0800101c                WWDG_IRQHandler
                0x0800101c                TIM2_IRQHandler
                0x0800101c                OTG_FS_WKUP_IRQHandler
                0x0800101c                TIM1_TRG_COM_TIM11_IRQHandler
                0x0800101c                OTG_HS_IRQHandler
                0x0800101c                EXTI1_IRQHandler
                0x0800101c                I2C2_ER_IRQHandler
                0x0800101c                DMA2_Stream1_IRQHandler
                0x0800101c                CAN1_SCE_IRQHandler
                0x0800101c                FLASH_IRQHandler
                0x0800101c                DMA2_Stream4_IRQHandler
                0x0800101c                USART1_IRQHandler
                0x0800101c                SPI3_IRQHandler
                0x0800101c                DMA1_Stream4_IRQHandler
                0x0800101c                I2C1_ER_IRQHandler
                0x0800101c                FMC_IRQHandler
                0x0800101c                DMA2_Stream6_IRQHandler
                0x0800101c                SAI1_IRQHandler
                0x0800101c                DMA1_Stream3_IRQHandler
 *fill*         0x0800101e        0x2 
 .text.HAL_Init
                0x08001020       0x44 ./Drivers/STM32F4xx_HAL_Driver/stm32f4xx_hal.o
                0x08001020                HAL_Init
 .text.HAL_InitTick
                0x08001064       0x60 ./Drivers/STM32F4xx_HAL_Driver/stm32f4xx_hal.o
                0x08001064                HAL_InitTick
 .text.HAL_IncTick
                0x080010c4       0x28 ./Drivers/STM32F4xx_HAL_Driver/stm32f4xx_hal.o
                0x080010c4                HAL_IncTick
 .text.HAL_GetTick
                0x080010ec       0x18 ./Drivers/STM32F4xx_HAL_Driver/stm32f4xx_hal.o
                0x080010ec                HAL_GetTick
 .text.HAL_Delay
                0x08001104       0x48 ./Drivers/STM32F4xx_HAL_Driver/stm32f4xx_hal.o
                0x08001104                HAL_Delay
 .text.HAL_CAN_Init
                0x0800114c      0x1f6 ./Drivers/STM32F4xx_HAL_Driver/stm32f4xx_hal_can.o
                0x0800114c                HAL_CAN_Init
 .text.HAL_CAN_Start
                0x08001342       0x88 ./Drivers/STM32F4xx_HAL_Driver/stm32f4xx_hal_can.o
                0x08001342                HAL_CAN_Start
 .text.HAL_CAN_Stop
                0x080013ca       0x92 ./Drivers/STM32F4xx_HAL_Driver/stm32f4xx_hal_can.o
                0x080013ca                HAL_CAN_Stop
 .text.HAL_CAN_AddTxMessage
                0x0800145c      0x1a0 ./Drivers/STM32F4xx_HAL_Driver/stm32f4xx_hal_can.o
                0x0800145c                HAL_CAN_AddTxMessage
 .text.HAL_CAN_GetRxMessage
                0x080015fc      0x244 ./Drivers/STM32F4xx_HAL_Driver/stm32f4xx_hal_can.o
                0x080015fc                HAL_CAN_GetRxMessage
 .text.HAL_CAN_ActivateNotification
                0x08001840       0x4c ./Drivers/STM32F4xx_HAL_Driver/stm32f4xx_hal_can.o
                0x08001840                HAL_CAN_ActivateNotification
 .text.HAL_CAN_IRQHandler
                0x0800188c      0x36e ./Drivers/STM32F4xx_HAL_Driver/stm32f4xx_hal_can.o
                0x0800188c                HAL_CAN_IRQHandler
 .text.HAL_CAN_TxMailbox0CompleteCallback
                0x08001bfa       0x14 ./Drivers/STM32F4xx_HAL_Driver/stm32f4xx_hal_can.o
                0x08001bfa                HAL_CAN_TxMailbox0CompleteCallback
 .text.HAL_CAN_TxMailbox1CompleteCallback
                0x08001c0e       0x14 ./Drivers/STM32F4xx_HAL_Driver/stm32f4xx_hal_can.o
                0x08001c0e                HAL_CAN_TxMailbox1CompleteCallback
 .text.HAL_CAN_TxMailbox2CompleteCallback
                0x08001c22       0x14 ./Drivers/STM32F4xx_HAL_Driver/stm32f4xx_hal_can.o
                0x08001c22                HAL_CAN_TxMailbox2CompleteCallback
 .text.HAL_CAN_TxMailbox0AbortCallback
                0x08001c36       0x14 ./Drivers/STM32F4xx_HAL_Driver/stm32f4xx_hal_can.o
                0x08001c36                HAL_CAN_TxMailbox0AbortCallback
 .text.HAL_CAN_TxMailbox1AbortCallback
                0x08001c4a       0x14 ./Drivers/STM32F4xx_HAL_Driver/stm32f4xx_hal_can.o
                0x08001c4a                HAL_CAN_TxMailbox1AbortCallback
 .text.HAL_CAN_TxMailbox2AbortCallback
                0x08001c5e       0x14 ./Drivers/STM32F4xx_HAL_Driver/stm32f4xx_hal_can.o
                0x08001c5e                HAL_CAN_TxMailbox2AbortCallback
 .text.HAL_CAN_RxFifo0FullCallback
                0x08001c72       0x14 ./Drivers/STM32F4xx_HAL_Driver/stm32f4xx_hal_can.o
                0x08001c72                HAL_CAN_RxFifo0FullCallback
 .text.HAL_CAN_RxFifo1MsgPendingCallback
                0x08001c86       0x14 ./Drivers/STM32F4xx_HAL_Driver/stm32f4xx_hal_can.o
                0x08001c86                HAL_CAN_RxFifo1MsgPendingCallback
 .text.HAL_CAN_RxFifo1FullCallback
                0x08001c9a       0x14 ./Drivers/STM32F4xx_HAL_Driver/stm32f4xx_hal_can.o
                0x08001c9a                HAL_CAN_RxFifo1FullCallback
 .text.HAL_CAN_SleepCallback
                0x08001cae       0x14 ./Drivers/STM32F4xx_HAL_Driver/stm32f4xx_hal_can.o
                0x08001cae                HAL_CAN_SleepCallback
 .text.HAL_CAN_WakeUpFromRxMsgCallback
                0x08001cc2       0x14 ./Drivers/STM32F4xx_HAL_Driver/stm32f4xx_hal_can.o
                0x08001cc2                HAL_CAN_WakeUpFromRxMsgCallback
 .text.HAL_CAN_ErrorCallback
                0x08001cd6       0x14 ./Drivers/STM32F4xx_HAL_Driver/stm32f4xx_hal_can.o
                0x08001cd6                HAL_CAN_ErrorCallback
 *fill*         0x08001cea        0x2 
 .text.__NVIC_SetPriorityGrouping
                0x08001cec       0x48 ./Drivers/STM32F4xx_HAL_Driver/stm32f4xx_hal_cortex.o
 .text.__NVIC_GetPriorityGrouping
                0x08001d34       0x1c ./Drivers/STM32F4xx_HAL_Driver/stm32f4xx_hal_cortex.o
 .text.__NVIC_EnableIRQ
                0x08001d50       0x3c ./Drivers/STM32F4xx_HAL_Driver/stm32f4xx_hal_cortex.o
 .text.__NVIC_SetPriority
                0x08001d8c       0x54 ./Drivers/STM32F4xx_HAL_Driver/stm32f4xx_hal_cortex.o
 .text.NVIC_EncodePriority
                0x08001de0       0x66 ./Drivers/STM32F4xx_HAL_Driver/stm32f4xx_hal_cortex.o
 *fill*         0x08001e46        0x2 
 .text.SysTick_Config
                0x08001e48       0x44 ./Drivers/STM32F4xx_HAL_Driver/stm32f4xx_hal_cortex.o
 .text.HAL_NVIC_SetPriorityGrouping
                0x08001e8c       0x16 ./Drivers/STM32F4xx_HAL_Driver/stm32f4xx_hal_cortex.o
                0x08001e8c                HAL_NVIC_SetPriorityGrouping
 .text.HAL_NVIC_SetPriority
                0x08001ea2       0x38 ./Drivers/STM32F4xx_HAL_Driver/stm32f4xx_hal_cortex.o
                0x08001ea2                HAL_NVIC_SetPriority
 .text.HAL_NVIC_EnableIRQ
                0x08001eda       0x1c ./Drivers/STM32F4xx_HAL_Driver/stm32f4xx_hal_cortex.o
                0x08001eda                HAL_NVIC_EnableIRQ
 .text.HAL_SYSTICK_Config
                0x08001ef6       0x18 ./Drivers/STM32F4xx_HAL_Driver/stm32f4xx_hal_cortex.o
                0x08001ef6                HAL_SYSTICK_Config
 *fill*         0x08001f0e        0x2 
 .text.HAL_DMA_Init
                0x08001f10      0x15c ./Drivers/STM32F4xx_HAL_Driver/stm32f4xx_hal_dma.o
                0x08001f10                HAL_DMA_Init
 .text.HAL_DMA_Abort
                0x0800206c       0xe0 ./Drivers/STM32F4xx_HAL_Driver/stm32f4xx_hal_dma.o
                0x0800206c                HAL_DMA_Abort
 .text.HAL_DMA_Abort_IT
                0x0800214c       0x44 ./Drivers/STM32F4xx_HAL_Driver/stm32f4xx_hal_dma.o
                0x0800214c                HAL_DMA_Abort_IT
 .text.HAL_DMA_IRQHandler
                0x08002190      0x314 ./Drivers/STM32F4xx_HAL_Driver/stm32f4xx_hal_dma.o
                0x08002190                HAL_DMA_IRQHandler
 .text.DMA_CalcBaseAndBitshift
                0x080024a4       0x6c ./Drivers/STM32F4xx_HAL_Driver/stm32f4xx_hal_dma.o
 .text.DMA_CheckFifoParam
                0x08002510       0xf8 ./Drivers/STM32F4xx_HAL_Driver/stm32f4xx_hal_dma.o
 .text.HAL_GPIO_Init
                0x08002608      0x328 ./Drivers/STM32F4xx_HAL_Driver/stm32f4xx_hal_gpio.o
                0x08002608                HAL_GPIO_Init
 .text.HAL_GPIO_WritePin
                0x08002930       0x32 ./Drivers/STM32F4xx_HAL_Driver/stm32f4xx_hal_gpio.o
                0x08002930                HAL_GPIO_WritePin
 .text.HAL_GPIO_TogglePin
                0x08002962       0x34 ./Drivers/STM32F4xx_HAL_Driver/stm32f4xx_hal_gpio.o
                0x08002962                HAL_GPIO_TogglePin
 .text.HAL_PCD_Init
                0x08002996      0x22c ./Drivers/STM32F4xx_HAL_Driver/stm32f4xx_hal_pcd.o
                0x08002996                HAL_PCD_Init
 .text.HAL_PCD_Start
                0x08002bc2       0x6a ./Drivers/STM32F4xx_HAL_Driver/stm32f4xx_hal_pcd.o
                0x08002bc2                HAL_PCD_Start
 .text.HAL_PCD_IRQHandler
                0x08002c2c      0x99c ./Drivers/STM32F4xx_HAL_Driver/stm32f4xx_hal_pcd.o
                0x08002c2c                HAL_PCD_IRQHandler
 .text.HAL_PCD_SetAddress
                0x080035c8       0x48 ./Drivers/STM32F4xx_HAL_Driver/stm32f4xx_hal_pcd.o
                0x080035c8                HAL_PCD_SetAddress
 .text.HAL_PCD_EP_Open
                0x08003610       0xd4 ./Drivers/STM32F4xx_HAL_Driver/stm32f4xx_hal_pcd.o
                0x08003610                HAL_PCD_EP_Open
 .text.HAL_PCD_EP_Close
                0x080036e4       0x94 ./Drivers/STM32F4xx_HAL_Driver/stm32f4xx_hal_pcd.o
                0x080036e4                HAL_PCD_EP_Close
 .text.HAL_PCD_EP_Receive
                0x08003778       0x76 ./Drivers/STM32F4xx_HAL_Driver/stm32f4xx_hal_pcd.o
                0x08003778                HAL_PCD_EP_Receive
 .text.HAL_PCD_EP_Transmit
                0x080037ee       0x74 ./Drivers/STM32F4xx_HAL_Driver/stm32f4xx_hal_pcd.o
                0x080037ee                HAL_PCD_EP_Transmit
 .text.HAL_PCD_EP_SetStall
                0x08003862       0xc6 ./Drivers/STM32F4xx_HAL_Driver/stm32f4xx_hal_pcd.o
                0x08003862                HAL_PCD_EP_SetStall
 .text.HAL_PCD_EP_ClrStall
                0x08003928       0xac ./Drivers/STM32F4xx_HAL_Driver/stm32f4xx_hal_pcd.o
                0x08003928                HAL_PCD_EP_ClrStall
 .text.HAL_PCD_EP_Abort
                0x080039d4       0x62 ./Drivers/STM32F4xx_HAL_Driver/stm32f4xx_hal_pcd.o
                0x080039d4                HAL_PCD_EP_Abort
 .text.PCD_WriteEmptyTxFifo
                0x08003a36      0x118 ./Drivers/STM32F4xx_HAL_Driver/stm32f4xx_hal_pcd.o
 *fill*         0x08003b4e        0x2 
 .text.PCD_EP_OutXfrComplete_int
                0x08003b50      0x1d0 ./Drivers/STM32F4xx_HAL_Driver/stm32f4xx_hal_pcd.o
 .text.PCD_EP_OutSetupPacket_int
                0x08003d20       0x8c ./Drivers/STM32F4xx_HAL_Driver/stm32f4xx_hal_pcd.o
 .text.HAL_PCDEx_SetTxFiFo
                0x08003dac       0x8e ./Drivers/STM32F4xx_HAL_Driver/stm32f4xx_hal_pcd_ex.o
                0x08003dac                HAL_PCDEx_SetTxFiFo
 .text.HAL_PCDEx_SetRxFiFo
                0x08003e3a       0x22 ./Drivers/STM32F4xx_HAL_Driver/stm32f4xx_hal_pcd_ex.o
                0x08003e3a                HAL_PCDEx_SetRxFiFo
 .text.HAL_PCDEx_ActivateLPM
                0x08003e5c       0x48 ./Drivers/STM32F4xx_HAL_Driver/stm32f4xx_hal_pcd_ex.o
                0x08003e5c                HAL_PCDEx_ActivateLPM
 .text.HAL_PWREx_EnableOverDrive
                0x08003ea4       0xa0 ./Drivers/STM32F4xx_HAL_Driver/stm32f4xx_hal_pwr_ex.o
                0x08003ea4                HAL_PWREx_EnableOverDrive
 .text.HAL_RCC_ClockConfig
                0x08003f44      0x1cc ./Drivers/STM32F4xx_HAL_Driver/stm32f4xx_hal_rcc.o
                0x08003f44                HAL_RCC_ClockConfig
 .text.HAL_RCC_GetHCLKFreq
                0x08004110       0x18 ./Drivers/STM32F4xx_HAL_Driver/stm32f4xx_hal_rcc.o
                0x08004110                HAL_RCC_GetHCLKFreq
 .text.HAL_RCC_GetPCLK1Freq
                0x08004128       0x28 ./Drivers/STM32F4xx_HAL_Driver/stm32f4xx_hal_rcc.o
                0x08004128                HAL_RCC_GetPCLK1Freq
 .text.HAL_RCC_GetPCLK2Freq
                0x08004150       0x28 ./Drivers/STM32F4xx_HAL_Driver/stm32f4xx_hal_rcc.o
                0x08004150                HAL_RCC_GetPCLK2Freq
 .text.HAL_RCCEx_PeriphCLKConfig
                0x08004178      0x654 ./Drivers/STM32F4xx_HAL_Driver/stm32f4xx_hal_rcc_ex.o
                0x08004178                HAL_RCCEx_PeriphCLKConfig
 .text.HAL_RCC_GetSysClockFreq
                0x080047cc      0x354 ./Drivers/STM32F4xx_HAL_Driver/stm32f4xx_hal_rcc_ex.o
                0x080047cc                HAL_RCC_GetSysClockFreq
 .text.HAL_RCC_OscConfig
                0x08004b20      0x53c ./Drivers/STM32F4xx_HAL_Driver/stm32f4xx_hal_rcc_ex.o
                0x08004b20                HAL_RCC_OscConfig
 .text.HAL_SD_Init
                0x0800505c       0x60 ./Drivers/STM32F4xx_HAL_Driver/stm32f4xx_hal_sd.o
                0x0800505c                HAL_SD_Init
 .text.HAL_SD_InitCard
                0x080050bc      0x100 ./Drivers/STM32F4xx_HAL_Driver/stm32f4xx_hal_sd.o
                0x080050bc                HAL_SD_InitCard
 .text.HAL_SD_IRQHandler
                0x080051bc      0x2ec ./Drivers/STM32F4xx_HAL_Driver/stm32f4xx_hal_sd.o
                0x080051bc                HAL_SD_IRQHandler
 .text.HAL_SD_TxCpltCallback
                0x080054a8       0x14 ./Drivers/STM32F4xx_HAL_Driver/stm32f4xx_hal_sd.o
                0x080054a8                HAL_SD_TxCpltCallback
 .text.HAL_SD_RxCpltCallback
                0x080054bc       0x14 ./Drivers/STM32F4xx_HAL_Driver/stm32f4xx_hal_sd.o
                0x080054bc                HAL_SD_RxCpltCallback
 .text.HAL_SD_ErrorCallback
                0x080054d0       0x14 ./Drivers/STM32F4xx_HAL_Driver/stm32f4xx_hal_sd.o
                0x080054d0                HAL_SD_ErrorCallback
 .text.HAL_SD_AbortCallback
                0x080054e4       0x14 ./Drivers/STM32F4xx_HAL_Driver/stm32f4xx_hal_sd.o
                0x080054e4                HAL_SD_AbortCallback
 .text.HAL_SD_GetCardCSD
                0x080054f8      0x348 ./Drivers/STM32F4xx_HAL_Driver/stm32f4xx_hal_sd.o
                0x080054f8                HAL_SD_GetCardCSD
 .text.HAL_SD_GetCardState
                0x08005840       0x40 ./Drivers/STM32F4xx_HAL_Driver/stm32f4xx_hal_sd.o
                0x08005840                HAL_SD_GetCardState
 .text.SD_DMATxAbort
                0x08005880       0x6e ./Drivers/STM32F4xx_HAL_Driver/stm32f4xx_hal_sd.o
 .text.SD_DMARxAbort
                0x080058ee       0x6e ./Drivers/STM32F4xx_HAL_Driver/stm32f4xx_hal_sd.o
 .text.SD_InitCard
                0x0800595c      0x19c ./Drivers/STM32F4xx_HAL_Driver/stm32f4xx_hal_sd.o
 .text.SD_PowerON
                0x08005af8      0x11c ./Drivers/STM32F4xx_HAL_Driver/stm32f4xx_hal_sd.o
 .text.SD_SendStatus
                0x08005c14       0x50 ./Drivers/STM32F4xx_HAL_Driver/stm32f4xx_hal_sd.o
 .text.SD_Read_IT
                0x08005c64       0xa2 ./Drivers/STM32F4xx_HAL_Driver/stm32f4xx_hal_sd.o
 .text.SD_Write_IT
                0x08005d06       0xaa ./Drivers/STM32F4xx_HAL_Driver/stm32f4xx_hal_sd.o
 .text.HAL_UART_Init
                0x08005db0       0xa0 ./Drivers/STM32F4xx_HAL_Driver/stm32f4xx_hal_uart.o
                0x08005db0                HAL_UART_Init
 .text.HAL_UART_IRQHandler
                0x08005e50      0x524 ./Drivers/STM32F4xx_HAL_Driver/stm32f4xx_hal_uart.o
                0x08005e50                HAL_UART_IRQHandler
 .text.HAL_UART_TxCpltCallback
                0x08006374       0x14 ./Drivers/STM32F4xx_HAL_Driver/stm32f4xx_hal_uart.o
                0x08006374                HAL_UART_TxCpltCallback
 .text.HAL_UART_RxCpltCallback
                0x08006388       0x14 ./Drivers/STM32F4xx_HAL_Driver/stm32f4xx_hal_uart.o
                0x08006388                HAL_UART_RxCpltCallback
 .text.HAL_UART_ErrorCallback
                0x0800639c       0x14 ./Drivers/STM32F4xx_HAL_Driver/stm32f4xx_hal_uart.o
                0x0800639c                HAL_UART_ErrorCallback
 .text.HAL_UARTEx_RxEventCallback
                0x080063b0       0x18 ./Drivers/STM32F4xx_HAL_Driver/stm32f4xx_hal_uart.o
                0x080063b0                HAL_UARTEx_RxEventCallback
 .text.UART_EndRxTransfer
                0x080063c8       0xc6 ./Drivers/STM32F4xx_HAL_Driver/stm32f4xx_hal_uart.o
 .text.UART_DMAAbortOnError
                0x0800648e       0x28 ./Drivers/STM32F4xx_HAL_Driver/stm32f4xx_hal_uart.o
 .text.UART_Transmit_IT
                0x080064b6       0xa0 ./Drivers/STM32F4xx_HAL_Driver/stm32f4xx_hal_uart.o
 .text.UART_EndTransmit_IT
                0x08006556       0x30 ./Drivers/STM32F4xx_HAL_Driver/stm32f4xx_hal_uart.o
 .text.UART_Receive_IT
                0x08006586      0x17c ./Drivers/STM32F4xx_HAL_Driver/stm32f4xx_hal_uart.o
 *fill*         0x08006702        0x2 
 .text.UART_SetConfig
                0x08006704      0x4e8 ./Drivers/STM32F4xx_HAL_Driver/stm32f4xx_hal_uart.o
 .text.SDIO_Init
                0x08006bec       0x56 ./Drivers/STM32F4xx_HAL_Driver/stm32f4xx_ll_sdmmc.o
                0x08006bec                SDIO_Init
 .text.SDIO_ReadFIFO
                0x08006c42       0x1a ./Drivers/STM32F4xx_HAL_Driver/stm32f4xx_ll_sdmmc.o
                0x08006c42                SDIO_ReadFIFO
 .text.SDIO_WriteFIFO
                0x08006c5c       0x22 ./Drivers/STM32F4xx_HAL_Driver/stm32f4xx_ll_sdmmc.o
                0x08006c5c                SDIO_WriteFIFO
 .text.SDIO_PowerState_ON
                0x08006c7e       0x1c ./Drivers/STM32F4xx_HAL_Driver/stm32f4xx_ll_sdmmc.o
                0x08006c7e                SDIO_PowerState_ON
 .text.SDIO_GetPowerState
                0x08006c9a       0x1c ./Drivers/STM32F4xx_HAL_Driver/stm32f4xx_ll_sdmmc.o
                0x08006c9a                SDIO_GetPowerState
 .text.SDIO_SendCommand
                0x08006cb6       0x54 ./Drivers/STM32F4xx_HAL_Driver/stm32f4xx_ll_sdmmc.o
                0x08006cb6                SDIO_SendCommand
 .text.SDIO_GetCommandResponse
                0x08006d0a       0x1a ./Drivers/STM32F4xx_HAL_Driver/stm32f4xx_ll_sdmmc.o
                0x08006d0a                SDIO_GetCommandResponse
 .text.SDIO_GetResponse
                0x08006d24       0x26 ./Drivers/STM32F4xx_HAL_Driver/stm32f4xx_ll_sdmmc.o
                0x08006d24                SDIO_GetResponse
 .text.SDMMC_CmdBlockLength
                0x08006d4a       0x44 ./Drivers/STM32F4xx_HAL_Driver/stm32f4xx_ll_sdmmc.o
                0x08006d4a                SDMMC_CmdBlockLength
 *fill*         0x08006d8e        0x2 
 .text.SDMMC_CmdStopTransfer
                0x08006d90       0x44 ./Drivers/STM32F4xx_HAL_Driver/stm32f4xx_ll_sdmmc.o
                0x08006d90                SDMMC_CmdStopTransfer
 .text.SDMMC_CmdSelDesel
                0x08006dd4       0x46 ./Drivers/STM32F4xx_HAL_Driver/stm32f4xx_ll_sdmmc.o
                0x08006dd4                SDMMC_CmdSelDesel
 .text.SDMMC_CmdGoIdleState
                0x08006e1a       0x3c ./Drivers/STM32F4xx_HAL_Driver/stm32f4xx_ll_sdmmc.o
                0x08006e1a                SDMMC_CmdGoIdleState
 .text.SDMMC_CmdOperCond
                0x08006e56       0x3e ./Drivers/STM32F4xx_HAL_Driver/stm32f4xx_ll_sdmmc.o
                0x08006e56                SDMMC_CmdOperCond
 .text.SDMMC_CmdAppCommand
                0x08006e94       0x44 ./Drivers/STM32F4xx_HAL_Driver/stm32f4xx_ll_sdmmc.o
                0x08006e94                SDMMC_CmdAppCommand
 .text.SDMMC_CmdAppOperCommand
                0x08006ed8       0x46 ./Drivers/STM32F4xx_HAL_Driver/stm32f4xx_ll_sdmmc.o
                0x08006ed8                SDMMC_CmdAppOperCommand
 .text.SDMMC_CmdSendCID
                0x08006f1e       0x3c ./Drivers/STM32F4xx_HAL_Driver/stm32f4xx_ll_sdmmc.o
                0x08006f1e                SDMMC_CmdSendCID
 .text.SDMMC_CmdSendCSD
                0x08006f5a       0x3e ./Drivers/STM32F4xx_HAL_Driver/stm32f4xx_ll_sdmmc.o
                0x08006f5a                SDMMC_CmdSendCSD
 .text.SDMMC_CmdSetRelAdd
                0x08006f98       0x42 ./Drivers/STM32F4xx_HAL_Driver/stm32f4xx_ll_sdmmc.o
                0x08006f98                SDMMC_CmdSetRelAdd
 .text.SDMMC_CmdSendStatus
                0x08006fda       0x44 ./Drivers/STM32F4xx_HAL_Driver/stm32f4xx_ll_sdmmc.o
                0x08006fda                SDMMC_CmdSendStatus
 *fill*         0x0800701e        0x2 
 .text.SDMMC_GetCmdResp1
                0x08007020      0x1dc ./Drivers/STM32F4xx_HAL_Driver/stm32f4xx_ll_sdmmc.o
                0x08007020                SDMMC_GetCmdResp1
 .text.SDMMC_GetCmdResp2
                0x080071fc       0x90 ./Drivers/STM32F4xx_HAL_Driver/stm32f4xx_ll_sdmmc.o
                0x080071fc                SDMMC_GetCmdResp2
 .text.SDMMC_GetCmdResp3
                0x0800728c       0x7c ./Drivers/STM32F4xx_HAL_Driver/stm32f4xx_ll_sdmmc.o
                0x0800728c                SDMMC_GetCmdResp3
 .text.SDMMC_GetCmdResp6
                0x08007308       0xec ./Drivers/STM32F4xx_HAL_Driver/stm32f4xx_ll_sdmmc.o
                0x08007308                SDMMC_GetCmdResp6
 .text.SDMMC_GetCmdResp7
                0x080073f4       0x9c ./Drivers/STM32F4xx_HAL_Driver/stm32f4xx_ll_sdmmc.o
                0x080073f4                SDMMC_GetCmdResp7
 .text.SDMMC_GetCmdError
                0x08007490       0x58 ./Drivers/STM32F4xx_HAL_Driver/stm32f4xx_ll_sdmmc.o
 .text.USB_CoreInit
                0x080074e8       0xc8 ./Drivers/STM32F4xx_HAL_Driver/stm32f4xx_ll_usb.o
                0x080074e8                USB_CoreInit
 .text.USB_SetTurnaroundTime
                0x080075b0      0x144 ./Drivers/STM32F4xx_HAL_Driver/stm32f4xx_ll_usb.o
                0x080075b0                USB_SetTurnaroundTime
 .text.USB_EnableGlobalInt
                0x080076f4       0x22 ./Drivers/STM32F4xx_HAL_Driver/stm32f4xx_ll_usb.o
                0x080076f4                USB_EnableGlobalInt
 .text.USB_DisableGlobalInt
                0x08007716       0x22 ./Drivers/STM32F4xx_HAL_Driver/stm32f4xx_ll_usb.o
                0x08007716                USB_DisableGlobalInt
 .text.USB_SetCurrentMode
                0x08007738       0x98 ./Drivers/STM32F4xx_HAL_Driver/stm32f4xx_ll_usb.o
                0x08007738                USB_SetCurrentMode
 .text.USB_DevInit
                0x080077d0      0x2bc ./Drivers/STM32F4xx_HAL_Driver/stm32f4xx_ll_usb.o
                0x080077d0                USB_DevInit
 .text.USB_FlushTxFifo
                0x08007a8c       0x64 ./Drivers/STM32F4xx_HAL_Driver/stm32f4xx_ll_usb.o
                0x08007a8c                USB_FlushTxFifo
 .text.USB_FlushRxFifo
                0x08007af0       0x5c ./Drivers/STM32F4xx_HAL_Driver/stm32f4xx_ll_usb.o
                0x08007af0                USB_FlushRxFifo
 .text.USB_SetDevSpeed
                0x08007b4c       0x32 ./Drivers/STM32F4xx_HAL_Driver/stm32f4xx_ll_usb.o
                0x08007b4c                USB_SetDevSpeed
 .text.USB_GetDevSpeed
                0x08007b7e       0x4a ./Drivers/STM32F4xx_HAL_Driver/stm32f4xx_ll_usb.o
                0x08007b7e                USB_GetDevSpeed
 .text.USB_ActivateEndpoint
                0x08007bc8      0x10e ./Drivers/STM32F4xx_HAL_Driver/stm32f4xx_ll_usb.o
                0x08007bc8                USB_ActivateEndpoint
 *fill*         0x08007cd6        0x2 
 .text.USB_DeactivateEndpoint
                0x08007cd8      0x1b8 ./Drivers/STM32F4xx_HAL_Driver/stm32f4xx_ll_usb.o
                0x08007cd8                USB_DeactivateEndpoint
 .text.USB_EPStartXfer
                0x08007e90      0x53c ./Drivers/STM32F4xx_HAL_Driver/stm32f4xx_ll_usb.o
                0x08007e90                USB_EPStartXfer
 .text.USB_EPStopXfer
                0x080083cc      0x154 ./Drivers/STM32F4xx_HAL_Driver/stm32f4xx_ll_usb.o
                0x080083cc                USB_EPStopXfer
 .text.USB_WritePacket
                0x08008520       0x7c ./Drivers/STM32F4xx_HAL_Driver/stm32f4xx_ll_usb.o
                0x08008520                USB_WritePacket
 .text.USB_ReadPacket
                0x0800859c       0xb0 ./Drivers/STM32F4xx_HAL_Driver/stm32f4xx_ll_usb.o
                0x0800859c                USB_ReadPacket
 .text.USB_EPSetStall
                0x0800864c       0xdc ./Drivers/STM32F4xx_HAL_Driver/stm32f4xx_ll_usb.o
                0x0800864c                USB_EPSetStall
 .text.USB_EPClearStall
                0x08008728       0xcc ./Drivers/STM32F4xx_HAL_Driver/stm32f4xx_ll_usb.o
                0x08008728                USB_EPClearStall
 .text.USB_SetDevAddress
                0x080087f4       0x4c ./Drivers/STM32F4xx_HAL_Driver/stm32f4xx_ll_usb.o
                0x080087f4                USB_SetDevAddress
 .text.USB_DevConnect
                0x08008840       0x42 ./Drivers/STM32F4xx_HAL_Driver/stm32f4xx_ll_usb.o
                0x08008840                USB_DevConnect
 .text.USB_DevDisconnect
                0x08008882       0x42 ./Drivers/STM32F4xx_HAL_Driver/stm32f4xx_ll_usb.o
                0x08008882                USB_DevDisconnect
 .text.USB_ReadInterrupts
                0x080088c4       0x26 ./Drivers/STM32F4xx_HAL_Driver/stm32f4xx_ll_usb.o
                0x080088c4                USB_ReadInterrupts
 .text.USB_ReadDevAllOutEpInterrupt
                0x080088ea       0x34 ./Drivers/STM32F4xx_HAL_Driver/stm32f4xx_ll_usb.o
                0x080088ea                USB_ReadDevAllOutEpInterrupt
 .text.USB_ReadDevAllInEpInterrupt
                0x0800891e       0x34 ./Drivers/STM32F4xx_HAL_Driver/stm32f4xx_ll_usb.o
                0x0800891e                USB_ReadDevAllInEpInterrupt
 .text.USB_ReadDevOutEPInterrupt
                0x08008952       0x3c ./Drivers/STM32F4xx_HAL_Driver/stm32f4xx_ll_usb.o
                0x08008952                USB_ReadDevOutEPInterrupt
 .text.USB_ReadDevInEPInterrupt
                0x0800898e       0x5c ./Drivers/STM32F4xx_HAL_Driver/stm32f4xx_ll_usb.o
                0x0800898e                USB_ReadDevInEPInterrupt
 .text.USB_GetMode
                0x080089ea       0x1c ./Drivers/STM32F4xx_HAL_Driver/stm32f4xx_ll_usb.o
                0x080089ea                USB_GetMode
 .text.USB_ActivateSetup
                0x08008a06       0x46 ./Drivers/STM32F4xx_HAL_Driver/stm32f4xx_ll_usb.o
                0x08008a06                USB_ActivateSetup
 .text.USB_EP0_OutStart
                0x08008a4c       0xbc ./Drivers/STM32F4xx_HAL_Driver/stm32f4xx_ll_usb.o
                0x08008a4c                USB_EP0_OutStart
 .text.USB_CoreReset
                0x08008b08       0x62 ./Drivers/STM32F4xx_HAL_Driver/stm32f4xx_ll_usb.o
 .text.USBD_Init
                0x08008b6a       0x60 ./Middlewares/USB_Device_Library/usbd_core.o
                0x08008b6a                USBD_Init
 .text.USBD_RegisterClass
                0x08008bca       0x6c ./Middlewares/USB_Device_Library/usbd_core.o
                0x08008bca                USBD_RegisterClass
 .text.USBD_Start
                0x08008c36       0x18 ./Middlewares/USB_Device_Library/usbd_core.o
                0x08008c36                USBD_Start
 .text.USBD_RunTestMode
                0x08008c4e       0x16 ./Middlewares/USB_Device_Library/usbd_core.o
                0x08008c4e                USBD_RunTestMode
 .text.USBD_SetClassConfig
                0x08008c64       0x38 ./Middlewares/USB_Device_Library/usbd_core.o
                0x08008c64                USBD_SetClassConfig
 .text.USBD_ClrClassConfig
                0x08008c9c       0x34 ./Middlewares/USB_Device_Library/usbd_core.o
                0x08008c9c                USBD_ClrClassConfig
 .text.USBD_LL_SetupStage
                0x08008cd0       0xaa ./Middlewares/USB_Device_Library/usbd_core.o
                0x08008cd0                USBD_LL_SetupStage
 .text.USBD_LL_DataOutStage
                0x08008d7a      0x166 ./Middlewares/USB_Device_Library/usbd_core.o
                0x08008d7a                USBD_LL_DataOutStage
 .text.USBD_LL_DataInStage
                0x08008ee0      0x164 ./Middlewares/USB_Device_Library/usbd_core.o
                0x08008ee0                USBD_LL_DataInStage
 .text.USBD_LL_Reset
                0x08009044       0xa4 ./Middlewares/USB_Device_Library/usbd_core.o
                0x08009044                USBD_LL_Reset
 .text.USBD_LL_SetSpeed
                0x080090e8       0x20 ./Middlewares/USB_Device_Library/usbd_core.o
                0x080090e8                USBD_LL_SetSpeed
 .text.USBD_LL_Suspend
                0x08009108       0x38 ./Middlewares/USB_Device_Library/usbd_core.o
                0x08009108                USBD_LL_Suspend
 .text.USBD_LL_Resume
                0x08009140       0x30 ./Middlewares/USB_Device_Library/usbd_core.o
                0x08009140                USBD_LL_Resume
 .text.USBD_LL_SOF
                0x08009170       0x40 ./Middlewares/USB_Device_Library/usbd_core.o
                0x08009170                USBD_LL_SOF
 .text.USBD_LL_IsoINIncomplete
                0x080091b0       0x64 ./Middlewares/USB_Device_Library/usbd_core.o
                0x080091b0                USBD_LL_IsoINIncomplete
 .text.USBD_LL_IsoOUTIncomplete
                0x08009214       0x64 ./Middlewares/USB_Device_Library/usbd_core.o
                0x08009214                USBD_LL_IsoOUTIncomplete
 .text.USBD_LL_DevConnected
                0x08009278       0x16 ./Middlewares/USB_Device_Library/usbd_core.o
                0x08009278                USBD_LL_DevConnected
 .text.USBD_LL_DevDisconnected
                0x0800928e       0x46 ./Middlewares/USB_Device_Library/usbd_core.o
                0x0800928e                USBD_LL_DevDisconnected
 .text.USBD_CoreFindIF
                0x080092d4       0x1a ./Middlewares/USB_Device_Library/usbd_core.o
                0x080092d4                USBD_CoreFindIF
 .text.USBD_CoreFindEP
                0x080092ee       0x1a ./Middlewares/USB_Device_Library/usbd_core.o
                0x080092ee                USBD_CoreFindEP
 .text.SWAPBYTE
                0x08009308       0x3e ./Middlewares/USB_Device_Library/usbd_ctlreq.o
 *fill*         0x08009346        0x2 
 .text.USBD_StdDevReq
                0x08009348       0xe4 ./Middlewares/USB_Device_Library/usbd_ctlreq.o
                0x08009348                USBD_StdDevReq
 .text.USBD_StdItfReq
                0x0800942c       0xd8 ./Middlewares/USB_Device_Library/usbd_ctlreq.o
                0x0800942c                USBD_StdItfReq
 .text.USBD_StdEPReq
                0x08009504      0x33a ./Middlewares/USB_Device_Library/usbd_ctlreq.o
                0x08009504                USBD_StdEPReq
 *fill*         0x0800983e        0x2 
 .text.USBD_GetDescriptor
                0x08009840      0x328 ./Middlewares/USB_Device_Library/usbd_ctlreq.o
 .text.USBD_SetAddress
                0x08009b68       0x88 ./Middlewares/USB_Device_Library/usbd_ctlreq.o
 .text.USBD_SetConfig
                0x08009bf0      0x154 ./Middlewares/USB_Device_Library/usbd_ctlreq.o
 .text.USBD_GetConfig
                0x08009d44       0x6c ./Middlewares/USB_Device_Library/usbd_ctlreq.o
 .text.USBD_GetStatus
                0x08009db0       0x68 ./Middlewares/USB_Device_Library/usbd_ctlreq.o
 .text.USBD_SetFeature
                0x08009e18       0x52 ./Middlewares/USB_Device_Library/usbd_ctlreq.o
 .text.USBD_ClrFeature
                0x08009e6a       0x44 ./Middlewares/USB_Device_Library/usbd_ctlreq.o
 .text.USBD_ParseSetupRequest
                0x08009eae       0x74 ./Middlewares/USB_Device_Library/usbd_ctlreq.o
                0x08009eae                USBD_ParseSetupRequest
 .text.USBD_CtlError
                0x08009f22       0x22 ./Middlewares/USB_Device_Library/usbd_ctlreq.o
                0x08009f22                USBD_CtlError
 .text.USBD_GetString
                0x08009f44       0xa4 ./Middlewares/USB_Device_Library/usbd_ctlreq.o
                0x08009f44                USBD_GetString
 .text.USBD_GetLen
                0x08009fe8       0x34 ./Middlewares/USB_Device_Library/usbd_ctlreq.o
 .text.USBD_CtlSendData
                0x0800a01c       0x36 ./Middlewares/USB_Device_Library/usbd_ioreq.o
                0x0800a01c                USBD_CtlSendData
 .text.USBD_CtlContinueSendData
                0x0800a052       0x22 ./Middlewares/USB_Device_Library/usbd_ioreq.o
                0x0800a052                USBD_CtlContinueSendData
 .text.USBD_CtlPrepareRx
                0x0800a074       0x3a ./Middlewares/USB_Device_Library/usbd_ioreq.o
                0x0800a074                USBD_CtlPrepareRx
 .text.USBD_CtlContinueRx
                0x0800a0ae       0x22 ./Middlewares/USB_Device_Library/usbd_ioreq.o
                0x0800a0ae                USBD_CtlContinueRx
 .text.USBD_CtlSendStatus
                0x0800a0d0       0x26 ./Middlewares/USB_Device_Library/usbd_ioreq.o
                0x0800a0d0                USBD_CtlSendStatus
 .text.USBD_CtlReceiveStatus
                0x0800a0f6       0x26 ./Middlewares/USB_Device_Library/usbd_ioreq.o
                0x0800a0f6                USBD_CtlReceiveStatus
 .text.MX_USB_DEVICE_Init
                0x0800a11c       0x4c ./USB_DEVICE/App/usb_device.o
                0x0800a11c                MX_USB_DEVICE_Init
 .text.HAL_PCD_MspInit
                0x0800a168       0xa8 ./USB_DEVICE/Target/usbd_conf.o
                0x0800a168                HAL_PCD_MspInit
 .text.HAL_PCD_SetupStageCallback
                0x0800a210       0x24 ./USB_DEVICE/Target/usbd_conf.o
                0x0800a210                HAL_PCD_SetupStageCallback
 .text.HAL_PCD_DataOutStageCallback
                0x0800a234       0x36 ./USB_DEVICE/Target/usbd_conf.o
                0x0800a234                HAL_PCD_DataOutStageCallback
 .text.HAL_PCD_DataInStageCallback
                0x0800a26a       0x34 ./USB_DEVICE/Target/usbd_conf.o
                0x0800a26a                HAL_PCD_DataInStageCallback
 .text.HAL_PCD_SOFCallback
                0x0800a29e       0x1c ./USB_DEVICE/Target/usbd_conf.o
                0x0800a29e                HAL_PCD_SOFCallback
 .text.HAL_PCD_ResetCallback
                0x0800a2ba       0x50 ./USB_DEVICE/Target/usbd_conf.o
                0x0800a2ba                HAL_PCD_ResetCallback
 *fill*         0x0800a30a        0x2 
 .text.HAL_PCD_SuspendCallback
                0x0800a30c       0x4c ./USB_DEVICE/Target/usbd_conf.o
                0x0800a30c                HAL_PCD_SuspendCallback
 .text.HAL_PCD_ResumeCallback
                0x0800a358       0x1c ./USB_DEVICE/Target/usbd_conf.o
                0x0800a358                HAL_PCD_ResumeCallback
 .text.HAL_PCD_ISOOUTIncompleteCallback
                0x0800a374       0x24 ./USB_DEVICE/Target/usbd_conf.o
                0x0800a374                HAL_PCD_ISOOUTIncompleteCallback
 .text.HAL_PCD_ISOINIncompleteCallback
                0x0800a398       0x24 ./USB_DEVICE/Target/usbd_conf.o
                0x0800a398                HAL_PCD_ISOINIncompleteCallback
 .text.HAL_PCD_ConnectCallback
                0x0800a3bc       0x1c ./USB_DEVICE/Target/usbd_conf.o
                0x0800a3bc                HAL_PCD_ConnectCallback
 .text.HAL_PCD_DisconnectCallback
                0x0800a3d8       0x1c ./USB_DEVICE/Target/usbd_conf.o
                0x0800a3d8                HAL_PCD_DisconnectCallback
 .text.USBD_LL_Init
                0x0800a3f4       0x98 ./USB_DEVICE/Target/usbd_conf.o
                0x0800a3f4                USBD_LL_Init
 .text.USBD_LL_Start
                0x0800a48c       0x36 ./USB_DEVICE/Target/usbd_conf.o
                0x0800a48c                USBD_LL_Start
 .text.USBD_LL_OpenEP
                0x0800a4c2       0x4c ./USB_DEVICE/Target/usbd_conf.o
                0x0800a4c2                USBD_LL_OpenEP
 .text.USBD_LL_CloseEP
                0x0800a50e       0x3e ./USB_DEVICE/Target/usbd_conf.o
                0x0800a50e                USBD_LL_CloseEP
 .text.USBD_LL_StallEP
                0x0800a54c       0x3e ./USB_DEVICE/Target/usbd_conf.o
                0x0800a54c                USBD_LL_StallEP
 .text.USBD_LL_ClearStallEP
                0x0800a58a       0x3e ./USB_DEVICE/Target/usbd_conf.o
                0x0800a58a                USBD_LL_ClearStallEP
 .text.USBD_LL_IsStallEP
                0x0800a5c8       0x58 ./USB_DEVICE/Target/usbd_conf.o
                0x0800a5c8                USBD_LL_IsStallEP
 .text.USBD_LL_SetUSBAddress
                0x0800a620       0x3e ./USB_DEVICE/Target/usbd_conf.o
                0x0800a620                USBD_LL_SetUSBAddress
 .text.USBD_LL_Transmit
                0x0800a65e       0x42 ./USB_DEVICE/Target/usbd_conf.o
                0x0800a65e                USBD_LL_Transmit
 .text.USBD_LL_PrepareReceive
                0x0800a6a0       0x42 ./USB_DEVICE/Target/usbd_conf.o
                0x0800a6a0                USBD_LL_PrepareReceive
 *fill*         0x0800a6e2        0x2 
 .text.HAL_PCDEx_LPM_Callback
                0x0800a6e4       0x9c ./USB_DEVICE/Target/usbd_conf.o
                0x0800a6e4                HAL_PCDEx_LPM_Callback
 .text.USBD_Get_USB_Status
                0x0800a780       0x58 ./USB_DEVICE/Target/usbd_conf.o
                0x0800a780                USBD_Get_USB_Status
 .text.HAL_CAN_RxFifo0MsgPendingCallback
                0x0800a7d8       0xa4 ./USB_DEVICE/usb_can_bridge.o
                0x0800a7d8                HAL_CAN_RxFifo0MsgPendingCallback
 .text.USBD_GSUSB_Init
                0x0800a87c       0x54 ./USB_DEVICE/usbd_gsusb.o
 .text.USBD_GSUSB_DeInit
                0x0800a8d0       0x2e ./USB_DEVICE/usbd_gsusb.o
 *fill*         0x0800a8fe        0x2 
 .text.USBD_GSUSB_Setup
                0x0800a900       0xe0 ./USB_DEVICE/usbd_gsusb.o
 .text.USBD_GSUSB_EP0_RxReady
                0x0800a9e0       0xac ./USB_DEVICE/usbd_gsusb.o
 .text.USBD_GSUSB_DataIn
                0x0800aa8c       0x1a ./USB_DEVICE/usbd_gsusb.o
 *fill*         0x0800aaa6        0x2 
 .text.USBD_GSUSB_DataOut
                0x0800aaa8       0xb4 ./USB_DEVICE/usbd_gsusb.o
 .text.USBD_GSUSB_GetFSCfgDesc
                0x0800ab5c       0x20 ./USB_DEVICE/usbd_gsusb.o
 .text.USBD_GSUSB_GetHSCfgDesc
                0x0800ab7c       0x20 ./USB_DEVICE/usbd_gsusb.o
 .text.USBD_GSUSB_GetOtherSpeedCfgDesc
                0x0800ab9c       0x20 ./USB_DEVICE/usbd_gsusb.o
 .text.USBD_GSUSB_GetDeviceQualifierDesc
                0x0800abbc       0x20 ./USB_DEVICE/usbd_gsusb.o
 .text.USBD_FS_DeviceDescriptor
                0x0800abdc       0x24 ./USB_DEVICE/usbd_gsusb_desc.o
                0x0800abdc                USBD_FS_DeviceDescriptor
 .text.USBD_FS_LangIDStrDescriptor
                0x0800ac00       0x24 ./USB_DEVICE/usbd_gsusb_desc.o
                0x0800ac00                USBD_FS_LangIDStrDescriptor
 .text.USBD_FS_ProductStrDescriptor
                0x0800ac24       0x3c ./USB_DEVICE/usbd_gsusb_desc.o
                0x0800ac24                USBD_FS_ProductStrDescriptor
 .text.USBD_FS_ManufacturerStrDescriptor
                0x0800ac60       0x28 ./USB_DEVICE/usbd_gsusb_desc.o
                0x0800ac60                USBD_FS_ManufacturerStrDescriptor
 .text.USBD_FS_SerialStrDescriptor
                0x0800ac88       0x24 ./USB_DEVICE/usbd_gsusb_desc.o
                0x0800ac88                USBD_FS_SerialStrDescriptor
 .text.USBD_FS_ConfigStrDescriptor
                0x0800acac       0x3c ./USB_DEVICE/usbd_gsusb_desc.o
                0x0800acac                USBD_FS_ConfigStrDescriptor
 .text.USBD_FS_InterfaceStrDescriptor
                0x0800ace8       0x3c ./USB_DEVICE/usbd_gsusb_desc.o
                0x0800ace8                USBD_FS_InterfaceStrDescriptor
 .text.USBD_FS_USR_BOSDescriptor
                0x0800ad24       0x24 ./USB_DEVICE/usbd_gsusb_desc.o
                0x0800ad24                USBD_FS_USR_BOSDescriptor
 .text.Get_SerialNum
                0x0800ad48       0x58 ./USB_DEVICE/usbd_gsusb_desc.o
 .text.IntToUnicode
                0x0800ada0       0x7e ./USB_DEVICE/usbd_gsusb_desc.o
 .text.memcmp   0x0800ae1e       0x20 C:/ST/STM32CubeIDE_1.18.0/STM32CubeIDE/plugins/com.st.stm32cube.ide.mcu.externaltools.gnu-tools-for-stm32.13.3.rel1.win32_1.0.0.202411081344/tools/bin/../lib/gcc/arm-none-eabi/13.3.1/../../../../arm-none-eabi/lib/thumb/v7e-m+fp/hard\libc_nano.a(libc_a-memcmp.o)
                0x0800ae1e                memcmp
 .text.memset   0x0800ae3e       0x10 C:/ST/STM32CubeIDE_1.18.0/STM32CubeIDE/plugins/com.st.stm32cube.ide.mcu.externaltools.gnu-tools-for-stm32.13.3.rel1.win32_1.0.0.202411081344/tools/bin/../lib/gcc/arm-none-eabi/13.3.1/../../../../arm-none-eabi/lib/thumb/v7e-m+fp/hard\libc_nano.a(libc_a-memset.o)
                0x0800ae3e                memset
 *fill*         0x0800ae4e        0x2 
 .text.__libc_init_array
                0x0800ae50       0x48 C:/ST/STM32CubeIDE_1.18.0/STM32CubeIDE/plugins/com.st.stm32cube.ide.mcu.externaltools.gnu-tools-for-stm32.13.3.rel1.win32_1.0.0.202411081344/tools/bin/../lib/gcc/arm-none-eabi/13.3.1/../../../../arm-none-eabi/lib/thumb/v7e-m+fp/hard\libc_nano.a(libc_a-init.o)
                0x0800ae50                __libc_init_array
 .text.memcpy   0x0800ae98       0x1c C:/ST/STM32CubeIDE_1.18.0/STM32CubeIDE/plugins/com.st.stm32cube.ide.mcu.externaltools.gnu-tools-for-stm32.13.3.rel1.win32_1.0.0.202411081344/tools/bin/../lib/gcc/arm-none-eabi/13.3.1/../../../../arm-none-eabi/lib/thumb/v7e-m+fp/hard\libc_nano.a(libc_a-memcpy-stub.o)
                0x0800ae98                memcpy
 *(.glue_7)
 .glue_7        0x0800aeb4        0x0 linker stubs
 *(.glue_7t)
 .glue_7t       0x0800aeb4        0x0 linker stubs
 *(.eh_frame)
 .eh_frame      0x0800aeb4        0x0 C:/ST/STM32CubeIDE_1.18.0/STM32CubeIDE/plugins/com.st.stm32cube.ide.mcu.externaltools.gnu-tools-for-stm32.13.3.rel1.win32_1.0.0.202411081344/tools/bin/../lib/gcc/arm-none-eabi/13.3.1/thumb/v7e-m+fp/hard/crtbegin.o
 *(.init)
 .init          0x0800aeb4        0x4 C:/ST/STM32CubeIDE_1.18.0/STM32CubeIDE/plugins/com.st.stm32cube.ide.mcu.externaltools.gnu-tools-for-stm32.13.3.rel1.win32_1.0.0.202411081344/tools/bin/../lib/gcc/arm-none-eabi/13.3.1/thumb/v7e-m+fp/hard/crti.o
                0x0800aeb4                _init
 .init          0x0800aeb8        0x8 C:/ST/STM32CubeIDE_1.18.0/STM32CubeIDE/plugins/com.st.stm32cube.ide.mcu.externaltools.gnu-tools-for-stm32.13.3.rel1.win32_1.0.0.202411081344/tools/bin/../lib/gcc/arm-none-eabi/13.3.1/thumb/v7e-m+fp/hard/crtn.o
 *(.fini)
 .fini          0x0800aec0        0x4 C:/ST/STM32CubeIDE_1.18.0/STM32CubeIDE/plugins/com.st.stm32cube.ide.mcu.externaltools.gnu-tools-for-stm32.13.3.rel1.win32_1.0.0.202411081344/tools/bin/../lib/gcc/arm-none-eabi/13.3.1/thumb/v7e-m+fp/hard/crti.o
                0x0800aec0                _fini
 .fini          0x0800aec4        0x8 C:/ST/STM32CubeIDE_1.18.0/STM32CubeIDE/plugins/com.st.stm32cube.ide.mcu.externaltools.gnu-tools-for-stm32.13.3.rel1.win32_1.0.0.202411081344/tools/bin/../lib/gcc/arm-none-eabi/13.3.1/thumb/v7e-m+fp/hard/crtn.o
                0x0800aecc                        . = ALIGN (0x4)
                0x0800aecc                        _etext = .

.vfp11_veneer   0x0800aecc        0x0
 .vfp11_veneer  0x0800aecc        0x0 linker stubs

.v4_bx          0x0800aecc        0x0
 .v4_bx         0x0800aecc        0x0 linker stubs

.iplt           0x0800aecc        0x0
 .iplt          0x0800aecc        0x0 C:/ST/STM32CubeIDE_1.18.0/STM32CubeIDE/plugins/com.st.stm32cube.ide.mcu.externaltools.gnu-tools-for-stm32.13.3.rel1.win32_1.0.0.202411081344/tools/bin/../lib/gcc/arm-none-eabi/13.3.1/thumb/v7e-m+fp/hard/crtbegin.o

.rodata         0x0800aecc       0xc0
                0x0800aecc                        . = ALIGN (0x4)
 *(.rodata)
 .rodata        0x0800aecc       0x28 ./USB_DEVICE/usbd_gsusb.o
 .rodata        0x0800aef4       0x3e ./USB_DEVICE/usbd_gsusb_desc.o
 *(.rodata*)
 *fill*         0x0800af32        0x2 
 .rodata.AHBPrescTable
                0x0800af34       0x10 ./Core/Src/system_stm32f4xx.o
                0x0800af34                AHBPrescTable
 .rodata.APBPrescTable
                0x0800af44        0x8 ./Core/Src/system_stm32f4xx.o
                0x0800af44                APBPrescTable
 .rodata.flagBitshiftOffset.0
                0x0800af4c        0x8 ./Drivers/STM32F4xx_HAL_Driver/stm32f4xx_hal_dma.o
 .rodata.device_config
                0x0800af54        0xc ./USB_DEVICE/usbd_gsusb.o
 .rodata.USBD_GSUSB_QualifierDesc
                0x0800af60        0xa ./USB_DEVICE/usbd_gsusb.o
 *fill*         0x0800af6a        0x2 
 .rodata.USBD_GSUSB_CfgFSDesc
                0x0800af6c       0x20 ./USB_DEVICE/usbd_gsusb.o
                0x0800af8c                        . = ALIGN (0x4)

.ARM.extab      0x0800af8c        0x0
                0x0800af8c                        . = ALIGN (0x4)
 *(.ARM.extab* .gnu.linkonce.armextab.*)
                0x0800af8c                        . = ALIGN (0x4)

.ARM            0x0800af8c        0x8
                0x0800af8c                        . = ALIGN (0x4)
                0x0800af8c                        __exidx_start = .
 *(.ARM.exidx*)
 .ARM.exidx     0x0800af8c        0x8 C:/ST/STM32CubeIDE_1.18.0/STM32CubeIDE/plugins/com.st.stm32cube.ide.mcu.externaltools.gnu-tools-for-stm32.13.3.rel1.win32_1.0.0.202411081344/tools/bin/../lib/gcc/arm-none-eabi/13.3.1/thumb/v7e-m+fp/hard\libgcc.a(_udivmoddi4.o)
                0x0800af94                        __exidx_end = .
                0x0800af94                        . = ALIGN (0x4)

.preinit_array  0x0800af94        0x0
                0x0800af94                        . = ALIGN (0x4)
                0x0800af94                        PROVIDE (__preinit_array_start = .)
 *(.preinit_array*)
                0x0800af94                        PROVIDE (__preinit_array_end = .)
                0x0800af94                        . = ALIGN (0x4)

.init_array     0x0800af94        0x4
                0x0800af94                        . = ALIGN (0x4)
                0x0800af94                        PROVIDE (__init_array_start = .)
 *(SORT_BY_NAME(.init_array.*))
 *(.init_array*)
 .init_array    0x0800af94        0x4 C:/ST/STM32CubeIDE_1.18.0/STM32CubeIDE/plugins/com.st.stm32cube.ide.mcu.externaltools.gnu-tools-for-stm32.13.3.rel1.win32_1.0.0.202411081344/tools/bin/../lib/gcc/arm-none-eabi/13.3.1/thumb/v7e-m+fp/hard/crtbegin.o
                0x0800af98                        PROVIDE (__init_array_end = .)
                0x0800af98                        . = ALIGN (0x4)

.fini_array     0x0800af98        0x4
                0x0800af98                        . = ALIGN (0x4)
                [!provide]                        PROVIDE (__fini_array_start = .)
 *(SORT_BY_NAME(.fini_array.*))
 *(.fini_array*)
 .fini_array    0x0800af98        0x4 C:/ST/STM32CubeIDE_1.18.0/STM32CubeIDE/plugins/com.st.stm32cube.ide.mcu.externaltools.gnu-tools-for-stm32.13.3.rel1.win32_1.0.0.202411081344/tools/bin/../lib/gcc/arm-none-eabi/13.3.1/thumb/v7e-m+fp/hard/crtbegin.o
                [!provide]                        PROVIDE (__fini_array_end = .)
                0x0800af9c                        . = ALIGN (0x4)
                0x0800af9c                        _sidata = LOADADDR (.data)

.rel.dyn        0x0800af9c        0x0
 .rel.iplt      0x0800af9c        0x0 C:/ST/STM32CubeIDE_1.18.0/STM32CubeIDE/plugins/com.st.stm32cube.ide.mcu.externaltools.gnu-tools-for-stm32.13.3.rel1.win32_1.0.0.202411081344/tools/bin/../lib/gcc/arm-none-eabi/13.3.1/thumb/v7e-m+fp/hard/crtbegin.o

.data           0x20000000       0xa4 load address 0x0800af9c
                0x20000000                        . = ALIGN (0x4)
                0x20000000                        _sdata = .
 *(.data)
 *(.data*)
 .data.SystemCoreClock
                0x20000000        0x4 ./Core/Src/system_stm32f4xx.o
                0x20000000                SystemCoreClock
 .data.uwTickPrio
                0x20000004        0x4 ./Drivers/STM32F4xx_HAL_Driver/stm32f4xx_hal.o
                0x20000004                uwTickPrio
 .data.uwTickFreq
                0x20000008        0x1 ./Drivers/STM32F4xx_HAL_Driver/stm32f4xx_hal.o
                0x20000008                uwTickFreq
 *fill*         0x20000009        0x3 
 .data.USBD_GSUSB
                0x2000000c       0x38 ./USB_DEVICE/usbd_gsusb.o
                0x2000000c                USBD_GSUSB
 .data.FS_Desc  0x20000044       0x20 ./USB_DEVICE/usbd_gsusb_desc.o
                0x20000044                FS_Desc
 .data.USBD_FS_DeviceDesc
                0x20000064       0x12 ./USB_DEVICE/usbd_gsusb_desc.o
                0x20000064                USBD_FS_DeviceDesc
 *fill*         0x20000076        0x2 
 .data.USBD_FS_BOSDesc
                0x20000078        0xc ./USB_DEVICE/usbd_gsusb_desc.o
                0x20000078                USBD_FS_BOSDesc
 .data.USBD_LangIDDesc
                0x20000084        0x4 ./USB_DEVICE/usbd_gsusb_desc.o
                0x20000084                USBD_LangIDDesc
 .data.USBD_StringSerial
                0x20000088       0x1a ./USB_DEVICE/usbd_gsusb_desc.o
                0x20000088                USBD_StringSerial
 *(.RamFunc)
 *(.RamFunc*)
                0x200000a4                        . = ALIGN (0x4)
 *fill*         0x200000a2        0x2 
                0x200000a4                        _edata = .

.igot.plt       0x200000a4        0x0 load address 0x0800b040
 .igot.plt      0x200000a4        0x0 C:/ST/STM32CubeIDE_1.18.0/STM32CubeIDE/plugins/com.st.stm32cube.ide.mcu.externaltools.gnu-tools-for-stm32.13.3.rel1.win32_1.0.0.202411081344/tools/bin/../lib/gcc/arm-none-eabi/13.3.1/thumb/v7e-m+fp/hard/crtbegin.o
                0x200000a4                        . = ALIGN (0x4)

.bss            0x200000a4      0xc88 load address 0x0800b040
                0x200000a4                        _sbss = .
                0x200000a4                        __bss_start__ = _sbss
 *(.bss)
 .bss           0x200000a4       0x1c C:/ST/STM32CubeIDE_1.18.0/STM32CubeIDE/plugins/com.st.stm32cube.ide.mcu.externaltools.gnu-tools-for-stm32.13.3.rel1.win32_1.0.0.202411081344/tools/bin/../lib/gcc/arm-none-eabi/13.3.1/thumb/v7e-m+fp/hard/crtbegin.o
 *(.bss*)
 .bss.hcan1     0x200000c0       0x28 ./Core/Src/main.o
                0x200000c0                hcan1
 .bss.hcan2     0x200000e8       0x28 ./Core/Src/main.o
                0x200000e8                hcan2
 .bss.hsd       0x20000110       0x84 ./Core/Src/main.o
                0x20000110                hsd
 .bss.hdma_sdio
                0x20000194       0x60 ./Core/Src/main.o
                0x20000194                hdma_sdio
 .bss.huart2    0x200001f4       0x48 ./Core/Src/main.o
                0x200001f4                huart2
 .bss.hdma_usart2_rx
                0x2000023c       0x60 ./Core/Src/main.o
                0x2000023c                hdma_usart2_rx
 .bss.hdma_usart2_tx
                0x2000029c       0x60 ./Core/Src/main.o
                0x2000029c                hdma_usart2_tx
 .bss.HAL_RCC_CAN1_CLK_ENABLED
                0x200002fc        0x4 ./Core/Src/stm32f4xx_hal_msp.o
 .bss.uwTick    0x20000300        0x4 ./Drivers/STM32F4xx_HAL_Driver/stm32f4xx_hal.o
                0x20000300                uwTick
 .bss.cfgidx.0  0x20000304        0x1 ./Middlewares/USB_Device_Library/usbd_ctlreq.o
 *fill*         0x20000305        0x3 
 .bss.hUsbDeviceFS
                0x20000308      0x2dc ./USB_DEVICE/App/usb_device.o
                0x20000308                hUsbDeviceFS
 .bss.hpcd_USB_OTG_FS
                0x200005e4      0x4e4 ./USB_DEVICE/Target/usbd_conf.o
                0x200005e4                hpcd_USB_OTG_FS
 .bss.gsusb_handle
                0x20000ac8       0x61 ./USB_DEVICE/usbd_gsusb.o
 *fill*         0x20000b29        0x3 
 .bss.USBD_StrDesc
                0x20000b2c      0x200 ./USB_DEVICE/usbd_gsusb_desc.o
                0x20000b2c                USBD_StrDesc
 *(COMMON)
                0x20000d2c                        . = ALIGN (0x4)
                0x20000d2c                        _ebss = .
                0x20000d2c                        __bss_end__ = _ebss

._user_heap_stack
                0x20000d2c      0x604 load address 0x0800b040
                0x20000d30                        . = ALIGN (0x8)
 *fill*         0x20000d2c        0x4 
                [!provide]                        PROVIDE (end = .)
                0x20000d30                        PROVIDE (_end = .)
                0x20000f30                        . = (. + _Min_Heap_Size)
 *fill*         0x20000d30      0x200 
                0x20001330                        . = (. + _Min_Stack_Size)
 *fill*         0x20000f30      0x400 
                0x20001330                        . = ALIGN (0x8)

/DISCARD/
 libc.a(*)
 libm.a(*)
 libgcc.a(*)

.ARM.attributes
                0x00000000       0x30
 *(.ARM.attributes)
 .ARM.attributes
                0x00000000       0x22 C:/ST/STM32CubeIDE_1.18.0/STM32CubeIDE/plugins/com.st.stm32cube.ide.mcu.externaltools.gnu-tools-for-stm32.13.3.rel1.win32_1.0.0.202411081344/tools/bin/../lib/gcc/arm-none-eabi/13.3.1/thumb/v7e-m+fp/hard/crti.o
 .ARM.attributes
                0x00000022       0x34 C:/ST/STM32CubeIDE_1.18.0/STM32CubeIDE/plugins/com.st.stm32cube.ide.mcu.externaltools.gnu-tools-for-stm32.13.3.rel1.win32_1.0.0.202411081344/tools/bin/../lib/gcc/arm-none-eabi/13.3.1/thumb/v7e-m+fp/hard/crtbegin.o
 .ARM.attributes
                0x00000056       0x34 ./Core/Src/main.o
 .ARM.attributes
                0x0000008a       0x34 ./Core/Src/stm32f4xx_hal_msp.o
 .ARM.attributes
                0x000000be       0x34 ./Core/Src/stm32f4xx_it.o
 .ARM.attributes
                0x000000f2       0x34 ./Core/Src/system_stm32f4xx.o
 .ARM.attributes
                0x00000126       0x21 ./Core/Startup/startup_stm32f446rctx.o
 .ARM.attributes
                0x00000147       0x34 ./Drivers/STM32F4xx_HAL_Driver/stm32f4xx_hal.o
 .ARM.attributes
                0x0000017b       0x34 ./Drivers/STM32F4xx_HAL_Driver/stm32f4xx_hal_can.o
 .ARM.attributes
                0x000001af       0x34 ./Drivers/STM32F4xx_HAL_Driver/stm32f4xx_hal_cortex.o
 .ARM.attributes
                0x000001e3       0x34 ./Drivers/STM32F4xx_HAL_Driver/stm32f4xx_hal_dma.o
 .ARM.attributes
                0x00000217       0x34 ./Drivers/STM32F4xx_HAL_Driver/stm32f4xx_hal_gpio.o
 .ARM.attributes
                0x0000024b       0x34 ./Drivers/STM32F4xx_HAL_Driver/stm32f4xx_hal_pcd.o
 .ARM.attributes
                0x0000027f       0x34 ./Drivers/STM32F4xx_HAL_Driver/stm32f4xx_hal_pcd_ex.o
 .ARM.attributes
                0x000002b3       0x34 ./Drivers/STM32F4xx_HAL_Driver/stm32f4xx_hal_pwr_ex.o
 .ARM.attributes
                0x000002e7       0x34 ./Drivers/STM32F4xx_HAL_Driver/stm32f4xx_hal_rcc.o
 .ARM.attributes
                0x0000031b       0x34 ./Drivers/STM32F4xx_HAL_Driver/stm32f4xx_hal_rcc_ex.o
 .ARM.attributes
                0x0000034f       0x34 ./Drivers/STM32F4xx_HAL_Driver/stm32f4xx_hal_sd.o
 .ARM.attributes
                0x00000383       0x34 ./Drivers/STM32F4xx_HAL_Driver/stm32f4xx_hal_uart.o
 .ARM.attributes
                0x000003b7       0x34 ./Drivers/STM32F4xx_HAL_Driver/stm32f4xx_ll_sdmmc.o
 .ARM.attributes
                0x000003eb       0x34 ./Drivers/STM32F4xx_HAL_Driver/stm32f4xx_ll_usb.o
 .ARM.attributes
                0x0000041f       0x34 ./Middlewares/USB_Device_Library/usbd_core.o
 .ARM.attributes
                0x00000453       0x34 ./Middlewares/USB_Device_Library/usbd_ctlreq.o
 .ARM.attributes
                0x00000487       0x34 ./Middlewares/USB_Device_Library/usbd_ioreq.o
 .ARM.attributes
                0x000004bb       0x34 ./USB_DEVICE/App/usb_device.o
 .ARM.attributes
                0x000004ef       0x34 ./USB_DEVICE/Target/usbd_conf.o
 .ARM.attributes
                0x00000523       0x34 ./USB_DEVICE/usb_can_bridge.o
 .ARM.attributes
                0x00000557       0x34 ./USB_DEVICE/usbd_gsusb.o
 .ARM.attributes
                0x0000058b       0x34 ./USB_DEVICE/usbd_gsusb_desc.o
 .ARM.attributes
                0x000005bf       0x34 C:/ST/STM32CubeIDE_1.18.0/STM32CubeIDE/plugins/com.st.stm32cube.ide.mcu.externaltools.gnu-tools-for-stm32.13.3.rel1.win32_1.0.0.202411081344/tools/bin/../lib/gcc/arm-none-eabi/13.3.1/../../../../arm-none-eabi/lib/thumb/v7e-m+fp/hard\libc_nano.a(libc_a-memcmp.o)
 .ARM.attributes
                0x000005f3       0x34 C:/ST/STM32CubeIDE_1.18.0/STM32CubeIDE/plugins/com.st.stm32cube.ide.mcu.externaltools.gnu-tools-for-stm32.13.3.rel1.win32_1.0.0.202411081344/tools/bin/../lib/gcc/arm-none-eabi/13.3.1/../../../../arm-none-eabi/lib/thumb/v7e-m+fp/hard\libc_nano.a(libc_a-memset.o)
 .ARM.attributes
                0x00000627       0x34 C:/ST/STM32CubeIDE_1.18.0/STM32CubeIDE/plugins/com.st.stm32cube.ide.mcu.externaltools.gnu-tools-for-stm32.13.3.rel1.win32_1.0.0.202411081344/tools/bin/../lib/gcc/arm-none-eabi/13.3.1/../../../../arm-none-eabi/lib/thumb/v7e-m+fp/hard\libc_nano.a(libc_a-init.o)
 .ARM.attributes
                0x0000065b       0x34 C:/ST/STM32CubeIDE_1.18.0/STM32CubeIDE/plugins/com.st.stm32cube.ide.mcu.externaltools.gnu-tools-for-stm32.13.3.rel1.win32_1.0.0.202411081344/tools/bin/../lib/gcc/arm-none-eabi/13.3.1/../../../../arm-none-eabi/lib/thumb/v7e-m+fp/hard\libc_nano.a(libc_a-memcpy-stub.o)
 .ARM.attributes
                0x0000068f       0x22 C:/ST/STM32CubeIDE_1.18.0/STM32CubeIDE/plugins/com.st.stm32cube.ide.mcu.externaltools.gnu-tools-for-stm32.13.3.rel1.win32_1.0.0.202411081344/tools/bin/../lib/gcc/arm-none-eabi/13.3.1/thumb/v7e-m+fp/hard\libgcc.a(_aeabi_uldivmod.o)
 .ARM.attributes
                0x000006b1       0x34 C:/ST/STM32CubeIDE_1.18.0/STM32CubeIDE/plugins/com.st.stm32cube.ide.mcu.externaltools.gnu-tools-for-stm32.13.3.rel1.win32_1.0.0.202411081344/tools/bin/../lib/gcc/arm-none-eabi/13.3.1/thumb/v7e-m+fp/hard\libgcc.a(_udivmoddi4.o)
 .ARM.attributes
                0x000006e5       0x22 C:/ST/STM32CubeIDE_1.18.0/STM32CubeIDE/plugins/com.st.stm32cube.ide.mcu.externaltools.gnu-tools-for-stm32.13.3.rel1.win32_1.0.0.202411081344/tools/bin/../lib/gcc/arm-none-eabi/13.3.1/thumb/v7e-m+fp/hard\libgcc.a(_dvmd_tls.o)
 .ARM.attributes
                0x00000707       0x22 C:/ST/STM32CubeIDE_1.18.0/STM32CubeIDE/plugins/com.st.stm32cube.ide.mcu.externaltools.gnu-tools-for-stm32.13.3.rel1.win32_1.0.0.202411081344/tools/bin/../lib/gcc/arm-none-eabi/13.3.1/thumb/v7e-m+fp/hard/crtn.o
OUTPUT(socketCAN5.elf elf32-littlearm)
LOAD linker stubs
LOAD C:/ST/STM32CubeIDE_1.18.0/STM32CubeIDE/plugins/com.st.stm32cube.ide.mcu.externaltools.gnu-tools-for-stm32.13.3.rel1.win32_1.0.0.202411081344/tools/bin/../lib/gcc/arm-none-eabi/13.3.1/../../../../arm-none-eabi/lib/thumb/v7e-m+fp/hard\libc.a
LOAD C:/ST/STM32CubeIDE_1.18.0/STM32CubeIDE/plugins/com.st.stm32cube.ide.mcu.externaltools.gnu-tools-for-stm32.13.3.rel1.win32_1.0.0.202411081344/tools/bin/../lib/gcc/arm-none-eabi/13.3.1/../../../../arm-none-eabi/lib/thumb/v7e-m+fp/hard\libm.a
LOAD C:/ST/STM32CubeIDE_1.18.0/STM32CubeIDE/plugins/com.st.stm32cube.ide.mcu.externaltools.gnu-tools-for-stm32.13.3.rel1.win32_1.0.0.202411081344/tools/bin/../lib/gcc/arm-none-eabi/13.3.1/thumb/v7e-m+fp/hard\libgcc.a

.debug_info     0x00000000    0x18f52
 .debug_info    0x00000000     0x18de ./Core/Src/main.o
 .debug_info    0x000018de     0x151b ./Core/Src/stm32f4xx_hal_msp.o
 .debug_info    0x00002df9     0x1344 ./Core/Src/stm32f4xx_it.o
 .debug_info    0x0000413d      0x54a ./Core/Src/system_stm32f4xx.o
 .debug_info    0x00004687       0x30 ./Core/Startup/startup_stm32f446rctx.o
 .debug_info    0x000046b7      0x99a ./Drivers/STM32F4xx_HAL_Driver/stm32f4xx_hal.o
 .debug_info    0x00005051      0xf44 ./Drivers/STM32F4xx_HAL_Driver/stm32f4xx_hal_can.o
 .debug_info    0x00005f95      0xdaa ./Drivers/STM32F4xx_HAL_Driver/stm32f4xx_hal_cortex.o
 .debug_info    0x00006d3f      0x8e7 ./Drivers/STM32F4xx_HAL_Driver/stm32f4xx_hal_dma.o
 .debug_info    0x00007626      0x70b ./Drivers/STM32F4xx_HAL_Driver/stm32f4xx_hal_gpio.o
 .debug_info    0x00007d31     0x15e3 ./Drivers/STM32F4xx_HAL_Driver/stm32f4xx_hal_pcd.o
 .debug_info    0x00009314      0x7b4 ./Drivers/STM32F4xx_HAL_Driver/stm32f4xx_hal_pcd_ex.o
 .debug_info    0x00009ac8      0x6da ./Drivers/STM32F4xx_HAL_Driver/stm32f4xx_hal_pwr_ex.o
 .debug_info    0x0000a1a2      0x8eb ./Drivers/STM32F4xx_HAL_Driver/stm32f4xx_hal_rcc.o
 .debug_info    0x0000aa8d      0x956 ./Drivers/STM32F4xx_HAL_Driver/stm32f4xx_hal_rcc_ex.o
 .debug_info    0x0000b3e3     0x1c0a ./Drivers/STM32F4xx_HAL_Driver/stm32f4xx_hal_sd.o
 .debug_info    0x0000cfed     0x2f4f ./Drivers/STM32F4xx_HAL_Driver/stm32f4xx_hal_uart.o
 .debug_info    0x0000ff3c     0x10c4 ./Drivers/STM32F4xx_HAL_Driver/stm32f4xx_ll_sdmmc.o
 .debug_info    0x00011000     0x19f1 ./Drivers/STM32F4xx_HAL_Driver/stm32f4xx_ll_usb.o
 .debug_info    0x000129f1      0xe12 ./Middlewares/USB_Device_Library/usbd_core.o
 .debug_info    0x00013803      0xaeb ./Middlewares/USB_Device_Library/usbd_ctlreq.o
 .debug_info    0x000142ee      0x762 ./Middlewares/USB_Device_Library/usbd_ioreq.o
 .debug_info    0x00014a50      0x604 ./USB_DEVICE/App/usb_device.o
 .debug_info    0x00015054     0x1d8d ./USB_DEVICE/Target/usbd_conf.o
 .debug_info    0x00016de1      0xba3 ./USB_DEVICE/usb_can_bridge.o
 .debug_info    0x00017984     0x1134 ./USB_DEVICE/usbd_gsusb.o
 .debug_info    0x00018ab8      0x49a ./USB_DEVICE/usbd_gsusb_desc.o

.debug_abbrev   0x00000000     0x3c57
 .debug_abbrev  0x00000000      0x2fb ./Core/Src/main.o
 .debug_abbrev  0x000002fb      0x2a0 ./Core/Src/stm32f4xx_hal_msp.o
 .debug_abbrev  0x0000059b      0x218 ./Core/Src/stm32f4xx_it.o
 .debug_abbrev  0x000007b3      0x11a ./Core/Src/system_stm32f4xx.o
 .debug_abbrev  0x000008cd       0x24 ./Core/Startup/startup_stm32f446rctx.o
 .debug_abbrev  0x000008f1      0x214 ./Drivers/STM32F4xx_HAL_Driver/stm32f4xx_hal.o
 .debug_abbrev  0x00000b05      0x25a ./Drivers/STM32F4xx_HAL_Driver/stm32f4xx_hal_can.o
 .debug_abbrev  0x00000d5f      0x31d ./Drivers/STM32F4xx_HAL_Driver/stm32f4xx_hal_cortex.o
 .debug_abbrev  0x0000107c      0x264 ./Drivers/STM32F4xx_HAL_Driver/stm32f4xx_hal_dma.o
 .debug_abbrev  0x000012e0      0x1d4 ./Drivers/STM32F4xx_HAL_Driver/stm32f4xx_hal_gpio.o
 .debug_abbrev  0x000014b4      0x2d0 ./Drivers/STM32F4xx_HAL_Driver/stm32f4xx_hal_pcd.o
 .debug_abbrev  0x00001784      0x1dd ./Drivers/STM32F4xx_HAL_Driver/stm32f4xx_hal_pcd_ex.o
 .debug_abbrev  0x00001961      0x1cf ./Drivers/STM32F4xx_HAL_Driver/stm32f4xx_hal_pwr_ex.o
 .debug_abbrev  0x00001b30      0x2b7 ./Drivers/STM32F4xx_HAL_Driver/stm32f4xx_hal_rcc.o
 .debug_abbrev  0x00001de7      0x20a ./Drivers/STM32F4xx_HAL_Driver/stm32f4xx_hal_rcc_ex.o
 .debug_abbrev  0x00001ff1      0x297 ./Drivers/STM32F4xx_HAL_Driver/stm32f4xx_hal_sd.o
 .debug_abbrev  0x00002288      0x30e ./Drivers/STM32F4xx_HAL_Driver/stm32f4xx_hal_uart.o
 .debug_abbrev  0x00002596      0x1d6 ./Drivers/STM32F4xx_HAL_Driver/stm32f4xx_ll_sdmmc.o
 .debug_abbrev  0x0000276c      0x2b3 ./Drivers/STM32F4xx_HAL_Driver/stm32f4xx_ll_usb.o
 .debug_abbrev  0x00002a1f      0x27c ./Middlewares/USB_Device_Library/usbd_core.o
 .debug_abbrev  0x00002c9b      0x26f ./Middlewares/USB_Device_Library/usbd_ctlreq.o
 .debug_abbrev  0x00002f0a      0x19a ./Middlewares/USB_Device_Library/usbd_ioreq.o
 .debug_abbrev  0x000030a4      0x18c ./USB_DEVICE/App/usb_device.o
 .debug_abbrev  0x00003230      0x342 ./USB_DEVICE/Target/usbd_conf.o
 .debug_abbrev  0x00003572      0x21b ./USB_DEVICE/usb_can_bridge.o
 .debug_abbrev  0x0000378d      0x2d3 ./USB_DEVICE/usbd_gsusb.o
 .debug_abbrev  0x00003a60      0x1f7 ./USB_DEVICE/usbd_gsusb_desc.o

.debug_aranges  0x00000000     0x1368
 .debug_aranges
                0x00000000       0x68 ./Core/Src/main.o
 .debug_aranges
                0x00000068       0x50 ./Core/Src/stm32f4xx_hal_msp.o
 .debug_aranges
                0x000000b8       0xb0 ./Core/Src/stm32f4xx_it.o
 .debug_aranges
                0x00000168       0x28 ./Core/Src/system_stm32f4xx.o
 .debug_aranges
                0x00000190       0x28 ./Core/Startup/startup_stm32f446rctx.o
 .debug_aranges
                0x000001b8       0xf0 ./Drivers/STM32F4xx_HAL_Driver/stm32f4xx_hal.o
 .debug_aranges
                0x000002a8      0x138 ./Drivers/STM32F4xx_HAL_Driver/stm32f4xx_hal_can.o
 .debug_aranges
                0x000003e0      0x130 ./Drivers/STM32F4xx_HAL_Driver/stm32f4xx_hal_cortex.o
 .debug_aranges
                0x00000510       0x90 ./Drivers/STM32F4xx_HAL_Driver/stm32f4xx_hal_dma.o
 .debug_aranges
                0x000005a0       0x58 ./Drivers/STM32F4xx_HAL_Driver/stm32f4xx_hal_gpio.o
 .debug_aranges
                0x000005f8      0x148 ./Drivers/STM32F4xx_HAL_Driver/stm32f4xx_hal_pcd.o
 .debug_aranges
                0x00000740       0x48 ./Drivers/STM32F4xx_HAL_Driver/stm32f4xx_hal_pcd_ex.o
 .debug_aranges
                0x00000788       0x60 ./Drivers/STM32F4xx_HAL_Driver/stm32f4xx_hal_pwr_ex.o
 .debug_aranges
                0x000007e8       0x88 ./Drivers/STM32F4xx_HAL_Driver/stm32f4xx_hal_rcc.o
 .debug_aranges
                0x00000870       0x78 ./Drivers/STM32F4xx_HAL_Driver/stm32f4xx_hal_rcc_ex.o
 .debug_aranges
                0x000008e8      0x168 ./Drivers/STM32F4xx_HAL_Driver/stm32f4xx_hal_sd.o
 .debug_aranges
                0x00000a50      0x208 ./Drivers/STM32F4xx_HAL_Driver/stm32f4xx_hal_uart.o
 .debug_aranges
                0x00000c58      0x188 ./Drivers/STM32F4xx_HAL_Driver/stm32f4xx_ll_sdmmc.o
 .debug_aranges
                0x00000de0      0x1a0 ./Drivers/STM32F4xx_HAL_Driver/stm32f4xx_ll_usb.o
 .debug_aranges
                0x00000f80       0xd8 ./Middlewares/USB_Device_Library/usbd_core.o
 .debug_aranges
                0x00001058       0x90 ./Middlewares/USB_Device_Library/usbd_ctlreq.o
 .debug_aranges
                0x000010e8       0x50 ./Middlewares/USB_Device_Library/usbd_ioreq.o
 .debug_aranges
                0x00001138       0x20 ./USB_DEVICE/App/usb_device.o
 .debug_aranges
                0x00001158      0x118 ./USB_DEVICE/Target/usbd_conf.o
 .debug_aranges
                0x00001270       0x20 ./USB_DEVICE/usb_can_bridge.o
 .debug_aranges
                0x00001290       0x70 ./USB_DEVICE/usbd_gsusb.o
 .debug_aranges
                0x00001300       0x68 ./USB_DEVICE/usbd_gsusb_desc.o

.debug_rnglists
                0x00000000      0xebc
 .debug_rnglists
                0x00000000       0x4b ./Core/Src/main.o
 .debug_rnglists
                0x0000004b       0x3b ./Core/Src/stm32f4xx_hal_msp.o
 .debug_rnglists
                0x00000086       0x7f ./Core/Src/stm32f4xx_it.o
 .debug_rnglists
                0x00000105       0x1a ./Core/Src/system_stm32f4xx.o
 .debug_rnglists
                0x0000011f       0x19 ./Core/Startup/startup_stm32f446rctx.o
 .debug_rnglists
                0x00000138       0xaf ./Drivers/STM32F4xx_HAL_Driver/stm32f4xx_hal.o
 .debug_rnglists
                0x000001e7       0xee ./Drivers/STM32F4xx_HAL_Driver/stm32f4xx_hal_can.o
 .debug_rnglists
                0x000002d5       0xe0 ./Drivers/STM32F4xx_HAL_Driver/stm32f4xx_hal_cortex.o
 .debug_rnglists
                0x000003b5       0x70 ./Drivers/STM32F4xx_HAL_Driver/stm32f4xx_hal_dma.o
 .debug_rnglists
                0x00000425       0x3f ./Drivers/STM32F4xx_HAL_Driver/stm32f4xx_hal_gpio.o
 .debug_rnglists
                0x00000464       0xfa ./Drivers/STM32F4xx_HAL_Driver/stm32f4xx_hal_pcd.o
 .debug_rnglists
                0x0000055e       0x32 ./Drivers/STM32F4xx_HAL_Driver/stm32f4xx_hal_pcd_ex.o
 .debug_rnglists
                0x00000590       0x47 ./Drivers/STM32F4xx_HAL_Driver/stm32f4xx_hal_pwr_ex.o
 .debug_rnglists
                0x000005d7       0x66 ./Drivers/STM32F4xx_HAL_Driver/stm32f4xx_hal_rcc.o
 .debug_rnglists
                0x0000063d       0x5e ./Drivers/STM32F4xx_HAL_Driver/stm32f4xx_hal_rcc_ex.o
 .debug_rnglists
                0x0000069b      0x121 ./Drivers/STM32F4xx_HAL_Driver/stm32f4xx_hal_sd.o
 .debug_rnglists
                0x000007bc      0x1bc ./Drivers/STM32F4xx_HAL_Driver/stm32f4xx_hal_uart.o
 .debug_rnglists
                0x00000978      0x125 ./Drivers/STM32F4xx_HAL_Driver/stm32f4xx_ll_sdmmc.o
 .debug_rnglists
                0x00000a9d      0x147 ./Drivers/STM32F4xx_HAL_Driver/stm32f4xx_ll_usb.o
 .debug_rnglists
                0x00000be4       0xa1 ./Middlewares/USB_Device_Library/usbd_core.o
 .debug_rnglists
                0x00000c85       0x6e ./Middlewares/USB_Device_Library/usbd_ctlreq.o
 .debug_rnglists
                0x00000cf3       0x37 ./Middlewares/USB_Device_Library/usbd_ioreq.o
 .debug_rnglists
                0x00000d2a       0x13 ./USB_DEVICE/App/usb_device.o
 .debug_rnglists
                0x00000d3d       0xd0 ./USB_DEVICE/Target/usbd_conf.o
 .debug_rnglists
                0x00000e0d       0x14 ./USB_DEVICE/usb_can_bridge.o
 .debug_rnglists
                0x00000e21       0x52 ./USB_DEVICE/usbd_gsusb.o
 .debug_rnglists
                0x00000e73       0x49 ./USB_DEVICE/usbd_gsusb_desc.o

.debug_macro    0x00000000    0x25707
 .debug_macro   0x00000000      0x374 ./Core/Src/main.o
 .debug_macro   0x00000374      0xad8 ./Core/Src/main.o
 .debug_macro   0x00000e4c      0x2a7 ./Core/Src/main.o
 .debug_macro   0x000010f3       0x2e ./Core/Src/main.o
 .debug_macro   0x00001121       0x28 ./Core/Src/main.o
 .debug_macro   0x00001149       0x22 ./Core/Src/main.o
 .debug_macro   0x0000116b       0x8e ./Core/Src/main.o
 .debug_macro   0x000011f9       0x51 ./Core/Src/main.o
 .debug_macro   0x0000124a      0x103 ./Core/Src/main.o
 .debug_macro   0x0000134d       0x6a ./Core/Src/main.o
 .debug_macro   0x000013b7      0x1df ./Core/Src/main.o
 .debug_macro   0x00001596       0x1c ./Core/Src/main.o
 .debug_macro   0x000015b2       0x22 ./Core/Src/main.o
 .debug_macro   0x000015d4       0xfb ./Core/Src/main.o
 .debug_macro   0x000016cf     0x1011 ./Core/Src/main.o
 .debug_macro   0x000026e0      0x11f ./Core/Src/main.o
 .debug_macro   0x000027ff    0x16749 ./Core/Src/main.o
 .debug_macro   0x00018f48       0x6d ./Core/Src/main.o
 .debug_macro   0x00018fb5     0x369a ./Core/Src/main.o
 .debug_macro   0x0001c64f      0x190 ./Core/Src/main.o
 .debug_macro   0x0001c7df       0x5c ./Core/Src/main.o
 .debug_macro   0x0001c83b      0xca5 ./Core/Src/main.o
 .debug_macro   0x0001d4e0      0x9e9 ./Core/Src/main.o
 .debug_macro   0x0001dec9      0x115 ./Core/Src/main.o
 .debug_macro   0x0001dfde      0x1a0 ./Core/Src/main.o
 .debug_macro   0x0001e17e       0xa5 ./Core/Src/main.o
 .debug_macro   0x0001e223      0x16d ./Core/Src/main.o
 .debug_macro   0x0001e390      0x287 ./Core/Src/main.o
 .debug_macro   0x0001e617       0x5f ./Core/Src/main.o
 .debug_macro   0x0001e676      0x236 ./Core/Src/main.o
 .debug_macro   0x0001e8ac      0x40f ./Core/Src/main.o
 .debug_macro   0x0001ecbb      0x132 ./Core/Src/main.o
 .debug_macro   0x0001eded      0x29c ./Core/Src/main.o
 .debug_macro   0x0001f089       0x2e ./Core/Src/main.o
 .debug_macro   0x0001f0b7      0x127 ./Core/Src/main.o
 .debug_macro   0x0001f1de       0xe8 ./Core/Src/main.o
 .debug_macro   0x0001f2c6       0x89 ./Core/Src/main.o
 .debug_macro   0x0001f34f      0x822 ./Core/Src/main.o
 .debug_macro   0x0001fb71      0x1d5 ./Core/Src/main.o
 .debug_macro   0x0001fd46      0x2aa ./Core/Src/main.o
 .debug_macro   0x0001fff0      0x293 ./Core/Src/main.o
 .debug_macro   0x00020283       0xba ./Core/Src/main.o
 .debug_macro   0x0002033d      0x126 ./Core/Src/main.o
 .debug_macro   0x00020463       0x10 ./Core/Src/main.o
 .debug_macro   0x00020473       0x61 ./Core/Src/main.o
 .debug_macro   0x000204d4       0x2a ./Core/Src/main.o
 .debug_macro   0x000204fe       0x43 ./Core/Src/main.o
 .debug_macro   0x00020541       0x34 ./Core/Src/main.o
 .debug_macro   0x00020575       0x16 ./Core/Src/main.o
 .debug_macro   0x0002058b       0x3c ./Core/Src/main.o
 .debug_macro   0x000205c7      0x370 ./Core/Src/main.o
 .debug_macro   0x00020937       0x10 ./Core/Src/main.o
 .debug_macro   0x00020947       0x16 ./Core/Src/main.o
 .debug_macro   0x0002095d       0x4a ./Core/Src/main.o
 .debug_macro   0x000209a7       0x34 ./Core/Src/main.o
 .debug_macro   0x000209db       0x10 ./Core/Src/main.o
 .debug_macro   0x000209eb       0x58 ./Core/Src/main.o
 .debug_macro   0x00020a43       0x8e ./Core/Src/main.o
 .debug_macro   0x00020ad1       0x1c ./Core/Src/main.o
 .debug_macro   0x00020aed      0x185 ./Core/Src/main.o
 .debug_macro   0x00020c72       0x16 ./Core/Src/main.o
 .debug_macro   0x00020c88       0x16 ./Core/Src/main.o
 .debug_macro   0x00020c9e      0x146 ./Core/Src/main.o
 .debug_macro   0x00020de4       0x16 ./Core/Src/main.o
 .debug_macro   0x00020dfa       0x16 ./Core/Src/main.o
 .debug_macro   0x00020e10       0x29 ./Core/Src/main.o
 .debug_macro   0x00020e39       0x16 ./Core/Src/main.o
 .debug_macro   0x00020e4f       0x20 ./Core/Src/main.o
 .debug_macro   0x00020e6f       0x78 ./Core/Src/main.o
 .debug_macro   0x00020ee7      0x20f ./Core/Src/main.o
 .debug_macro   0x000210f6      0x210 ./Core/Src/stm32f4xx_hal_msp.o
 .debug_macro   0x00021306      0x21a ./Core/Src/stm32f4xx_it.o
 .debug_macro   0x00021520      0x201 ./Core/Src/system_stm32f4xx.o
 .debug_macro   0x00021721      0x261 ./Drivers/STM32F4xx_HAL_Driver/stm32f4xx_hal.o
 .debug_macro   0x00021982      0x210 ./Drivers/STM32F4xx_HAL_Driver/stm32f4xx_hal_can.o
 .debug_macro   0x00021b92      0x201 ./Drivers/STM32F4xx_HAL_Driver/stm32f4xx_hal_cortex.o
 .debug_macro   0x00021d93      0x207 ./Drivers/STM32F4xx_HAL_Driver/stm32f4xx_hal_dma.o
 .debug_macro   0x00021f9a      0x207 ./Drivers/STM32F4xx_HAL_Driver/stm32f4xx_hal_gpio.o
 .debug_macro   0x000221a1      0x20d ./Drivers/STM32F4xx_HAL_Driver/stm32f4xx_hal_pcd.o
 .debug_macro   0x000223ae      0x201 ./Drivers/STM32F4xx_HAL_Driver/stm32f4xx_hal_pcd_ex.o
 .debug_macro   0x000225af      0x219 ./Drivers/STM32F4xx_HAL_Driver/stm32f4xx_hal_pwr_ex.o
 .debug_macro   0x000227c8      0x225 ./Drivers/STM32F4xx_HAL_Driver/stm32f4xx_hal_rcc.o
 .debug_macro   0x000229ed      0x201 ./Drivers/STM32F4xx_HAL_Driver/stm32f4xx_hal_rcc_ex.o
 .debug_macro   0x00022bee      0x202 ./Drivers/STM32F4xx_HAL_Driver/stm32f4xx_hal_sd.o
 .debug_macro   0x00022df0      0x202 ./Drivers/STM32F4xx_HAL_Driver/stm32f4xx_hal_uart.o
 .debug_macro   0x00022ff2      0x202 ./Drivers/STM32F4xx_HAL_Driver/stm32f4xx_ll_sdmmc.o
 .debug_macro   0x000231f4      0x201 ./Drivers/STM32F4xx_HAL_Driver/stm32f4xx_ll_usb.o
 .debug_macro   0x000233f5      0x386 ./Middlewares/USB_Device_Library/usbd_core.o
 .debug_macro   0x0002377b       0x9e ./Middlewares/USB_Device_Library/usbd_core.o
 .debug_macro   0x00023819      0x112 ./Middlewares/USB_Device_Library/usbd_core.o
 .debug_macro   0x0002392b       0x56 ./Middlewares/USB_Device_Library/usbd_core.o
 .debug_macro   0x00023981      0x215 ./Middlewares/USB_Device_Library/usbd_core.o
 .debug_macro   0x00023b96      0x390 ./Middlewares/USB_Device_Library/usbd_ctlreq.o
 .debug_macro   0x00023f26      0x38c ./Middlewares/USB_Device_Library/usbd_ioreq.o
 .debug_macro   0x000242b2      0x3bf ./USB_DEVICE/App/usb_device.o
 .debug_macro   0x00024671       0x16 ./USB_DEVICE/App/usb_device.o
 .debug_macro   0x00024687       0x22 ./USB_DEVICE/App/usb_device.o
 .debug_macro   0x000246a9       0x82 ./USB_DEVICE/App/usb_device.o
 .debug_macro   0x0002472b      0x3a3 ./USB_DEVICE/Target/usbd_conf.o
 .debug_macro   0x00024ace      0x3c4 ./USB_DEVICE/usb_can_bridge.o
 .debug_macro   0x00024e92       0x7c ./USB_DEVICE/usb_can_bridge.o
 .debug_macro   0x00024f0e       0x6b ./USB_DEVICE/usb_can_bridge.o
 .debug_macro   0x00024f79      0x3a9 ./USB_DEVICE/usbd_gsusb.o
 .debug_macro   0x00025322      0x3c9 ./USB_DEVICE/usbd_gsusb_desc.o
 .debug_macro   0x000256eb       0x1c ./USB_DEVICE/usbd_gsusb_desc.o

.debug_line     0x00000000    0x1b074
 .debug_line    0x00000000      0xcf9 ./Core/Src/main.o
 .debug_line    0x00000cf9      0xa8f ./Core/Src/stm32f4xx_hal_msp.o
 .debug_line    0x00001788      0xa24 ./Core/Src/stm32f4xx_it.o
 .debug_line    0x000021ac      0x90a ./Core/Src/system_stm32f4xx.o
 .debug_line    0x00002ab6       0x7a ./Core/Startup/startup_stm32f446rctx.o
 .debug_line    0x00002b30      0xbb0 ./Drivers/STM32F4xx_HAL_Driver/stm32f4xx_hal.o
 .debug_line    0x000036e0     0x1372 ./Drivers/STM32F4xx_HAL_Driver/stm32f4xx_hal_can.o
 .debug_line    0x00004a52      0xe80 ./Drivers/STM32F4xx_HAL_Driver/stm32f4xx_hal_cortex.o
 .debug_line    0x000058d2     0x111c ./Drivers/STM32F4xx_HAL_Driver/stm32f4xx_hal_dma.o
 .debug_line    0x000069ee      0xcf4 ./Drivers/STM32F4xx_HAL_Driver/stm32f4xx_hal_gpio.o
 .debug_line    0x000076e2     0x1625 ./Drivers/STM32F4xx_HAL_Driver/stm32f4xx_hal_pcd.o
 .debug_line    0x00008d07      0x9d0 ./Drivers/STM32F4xx_HAL_Driver/stm32f4xx_hal_pcd_ex.o
 .debug_line    0x000096d7      0xb1d ./Drivers/STM32F4xx_HAL_Driver/stm32f4xx_hal_pwr_ex.o
 .debug_line    0x0000a1f4      0xfc9 ./Drivers/STM32F4xx_HAL_Driver/stm32f4xx_hal_rcc.o
 .debug_line    0x0000b1bd     0x1679 ./Drivers/STM32F4xx_HAL_Driver/stm32f4xx_hal_rcc_ex.o
 .debug_line    0x0000c836     0x1feb ./Drivers/STM32F4xx_HAL_Driver/stm32f4xx_hal_sd.o
 .debug_line    0x0000e821     0x26bf ./Drivers/STM32F4xx_HAL_Driver/stm32f4xx_hal_uart.o
 .debug_line    0x00010ee0     0x112f ./Drivers/STM32F4xx_HAL_Driver/stm32f4xx_ll_sdmmc.o
 .debug_line    0x0001200f     0x1ec5 ./Drivers/STM32F4xx_HAL_Driver/stm32f4xx_ll_usb.o
 .debug_line    0x00013ed4     0x10f9 ./Middlewares/USB_Device_Library/usbd_core.o
 .debug_line    0x00014fcd     0x12f3 ./Middlewares/USB_Device_Library/usbd_ctlreq.o
 .debug_line    0x000162c0      0xc0f ./Middlewares/USB_Device_Library/usbd_ioreq.o
 .debug_line    0x00016ecf      0xc22 ./USB_DEVICE/App/usb_device.o
 .debug_line    0x00017af1     0x1012 ./USB_DEVICE/Target/usbd_conf.o
 .debug_line    0x00018b03      0xc23 ./USB_DEVICE/usb_can_bridge.o
 .debug_line    0x00019726      0xce0 ./USB_DEVICE/usbd_gsusb.o
 .debug_line    0x0001a406      0xc6e ./USB_DEVICE/usbd_gsusb_desc.o

.debug_str      0x00000000    0xd4b4b
 .debug_str     0x00000000    0xd4b4b ./Core/Src/main.o
                              0xcf85f (size before relaxing)
 .debug_str     0x000d4b4b    0xcb11b ./Core/Src/stm32f4xx_hal_msp.o
 .debug_str     0x000d4b4b    0xcaee3 ./Core/Src/stm32f4xx_it.o
 .debug_str     0x000d4b4b    0xca1fc ./Core/Src/system_stm32f4xx.o
 .debug_str     0x000d4b4b       0x82 ./Core/Startup/startup_stm32f446rctx.o
 .debug_str     0x000d4b4b    0xcadfa ./Drivers/STM32F4xx_HAL_Driver/stm32f4xx_hal.o
 .debug_str     0x000d4b4b    0xca90a ./Drivers/STM32F4xx_HAL_Driver/stm32f4xx_hal_can.o
 .debug_str     0x000d4b4b    0xcab51 ./Drivers/STM32F4xx_HAL_Driver/stm32f4xx_hal_cortex.o
 .debug_str     0x000d4b4b    0xca62a ./Drivers/STM32F4xx_HAL_Driver/stm32f4xx_hal_dma.o
 .debug_str     0x000d4b4b    0xca3b0 ./Drivers/STM32F4xx_HAL_Driver/stm32f4xx_hal_gpio.o
 .debug_str     0x000d4b4b    0xcad46 ./Drivers/STM32F4xx_HAL_Driver/stm32f4xx_hal_pcd.o