../Core/Src/main.c:26:5:main	8	static
../Core/Src/main.c:56:6:SystemClock_Config	88	static
../Core/Src/main.c:105:6:PeriphCommonClock_Config	104	static
../Core/Src/main.c:130:13:MX_CAN1_Init	8	static
../Core/Src/main.c:167:13:MX_CAN2_Init	8	static
../Core/Src/main.c:204:13:MX_SDIO_SD_Init	8	static
../Core/Src/main.c:236:13:MX_USART2_UART_Init	8	static
../Core/Src/main.c:267:13:MX_DMA_Init	16	static
../Core/Src/main.c:292:13:MX_GPIO_Init	48	static
../Core/Src/main.c:329:6:Error_Handler	4	static,ignoring_inline_asm
