../Core/Src/main.c:80:5:main	8	static
../Core/Src/main.c:134:6:SystemClock_Config	88	static
../Core/Src/main.c:187:6:PeriphCommonClock_Config	104	static
../Core/Src/main.c:212:13:MX_CAN1_Init	8	static
../Core/Src/main.c:249:13:MX_CAN2_Init	8	static
../Core/Src/main.c:286:13:MX_SDIO_SD_Init	8	static
../Core/Src/main.c:318:13:MX_USART2_UART_Init	8	static
../Core/Src/main.c:349:13:MX_DMA_Init	16	static
../Core/Src/main.c:374:13:MX_GPIO_Init	48	static
../Core/Src/main.c:411:6:Error_Handler	4	static,ignoring_inline_asm
